-- The C compiler identification is GNU 13.3.0
-- The CXX compiler identification is GNU 13.3.0
-- Detecting C compiler ABI info
-- Detecting C compiler ABI info - done
-- Check for working C compiler: /usr/bin/cc - skipped
-- Detecting C compile features
-- Detecting C compile features - done
-- Detecting CXX compiler ABI info
-- Detecting CXX compiler ABI info - done
-- Check for working CXX compiler: /usr/bin/c++ - skipped
-- Detecting CXX compile features
-- Detecting CXX compile features - done
-- Found ament_cmake: 2.5.4 (/opt/ros/jazzy/share/ament_cmake/cmake)
-- Found Python3: /usr/bin/python3 (found version "3.12.3") found components: Interpreter 
-- Configuring done (1.0s)
-- Generating done (0.0s)
-- Build files have been written to: /TFG_ws/src/build/rmf_nayar
[ 66%] [34m[1mGenerating maps/nayar/nayar.world[0m
[ 66%] [34m[1mGenerating maps/nayar/nav_graphs/phony[0m
[ 66%] [34m[1mGenerating maps/nayar3/nav_graphs/phony[0m
[ 66%] [34m[1mGenerating maps/nayar3/nayar3.world[0m
generating /TFG_ws/src/build/rmf_nayar/maps/nayar/nayar.world from /TFG_ws/src/rmf_nayar/maps/nayar/nayar.building.yaml
generating /TFG_ws/src/build/rmf_nayar/maps/nayar3/nayar3.world from /TFG_ws/src/rmf_nayar/maps/nayar/nayar3.building.yaml
building name: nayar
coordinate system: reference_image
parsing level Planta0
parsing level Sotano
calculating levels relative to Planta0
level Planta0 scale: 0.05532403805177346
calculating level Sotano offset and scale...
  0 common fiducials:
Transform.set_from_fiducials()
  0 fiducial pairs:
Bearings:
[]
building name: nayar
coordinate system: reference_image
parsing level Planta0
parsing level Sotano
calculating levels relative to Planta0
level Planta0 scale: 0.05532403805177346
calculating level Sotano offset and scale...
  0 common fiducials:
Transform.set_from_fiducials()
  0 fiducial pairs:
Bearings:
[]
generating nav data
generating model of level Planta0 in /TFG_ws/src/build/rmf_nayar/maps/nayar3/models/nayar_Planta0
  wrote /TFG_ws/src/build/rmf_nayar/maps/nayar3/models/nayar_Planta0/model.config
generating floor polygon 1 on floor nayar_Planta0
hole vertices: []
lift vertices: {}
[[0, 3, 2], [0, 2, 1]]
  wrote /TFG_ws/src/build/rmf_nayar/maps/nayar3/models/nayar_Planta0/meshes/floor_1.obj
  wrote /TFG_ws/src/build/rmf_nayar/maps/nayar3/models/nayar_Planta0/meshes/blue_linoleum.png
  wrote /TFG_ws/src/build/rmf_nayar/maps/nayar3/models/nayar_Planta0/meshes/floor_1.mtl
Walls Generation, wall params list: [{'alpha': <building_map.param_value.ParamValue object at 0x72638c5acec0>, 'texture_height': <building_map.param_value.ParamValue object at 0x72638c37ca70>, 'texture_name': <building_map.param_value.ParamValue object at 0x72638c37cad0>, 'texture_scale': <building_map.param_value.ParamValue object at 0x72638c37cb00>, 'texture_width': <building_map.param_value.ParamValue object at 0x72638c37cb30>}]
generating wall: 1 on floor: nayar_Planta0
  wrote /TFG_ws/src/build/rmf_nayar/maps/nayar3/models/nayar_Planta0/meshes/default.png
generate_wall_visual_mesh(nayar_Planta0, /TFG_ws/src/build/rmf_nayar/maps/nayar3/models/nayar_Planta0)
  generating /TFG_ws/src/build/rmf_nayar/maps/nayar3/models/nayar_Planta0/meshes/wall_1.obj
  generating /TFG_ws/src/build/rmf_nayar/maps/nayar3/models/nayar_Planta0/meshes/wall_1.mtl
  wrote /TFG_ws/src/build/rmf_nayar/maps/nayar3/models/nayar_Planta0/model.sdf
generating model of level Sotano in /TFG_ws/src/build/rmf_nayar/maps/nayar3/models/nayar_Sotano
  wrote /TFG_ws/src/build/rmf_nayar/maps/nayar3/models/nayar_Sotano/model.config
generating floor polygon 1 on floor nayar_Sotano
hole vertices: []
lift vertices: {}
[[0, 3, 2], [0, 2, 1]]
  wrote /TFG_ws/src/build/rmf_nayar/maps/nayar3/models/nayar_Sotano/meshes/floor_1.obj
  wrote /TFG_ws/src/build/rmf_nayar/maps/nayar3/models/nayar_Sotano/meshes/blue_linoleum.png
  wrote /TFG_ws/src/build/rmf_nayar/maps/nayar3/models/nayar_Sotano/meshes/floor_1.mtl
Walls Generation, wall params list: [{'alpha': <building_map.param_value.ParamValue object at 0x72638c3c1c10>, 'texture_height': <building_map.param_value.ParamValue object at 0x72638c3c1ca0>, 'texture_name': <building_map.param_value.ParamValue object at 0x72638c3c1c70>, 'texture_scale': <building_map.param_value.ParamValue object at 0x72638c3c1cd0>, 'texture_width': <building_map.param_value.ParamValue object at 0x72638c3c1d30>}]
generating wall: 1 on floor: nayar_Sotano
  wrote /TFG_ws/src/build/rmf_nayar/maps/nayar3/models/nayar_Sotano/meshes/default.png
generate_wall_visual_mesh(nayar_Sotano, /TFG_ws/src/build/rmf_nayar/maps/nayar3/models/nayar_Sotano)
  generating /TFG_ws/src/build/rmf_nayar/maps/nayar3/models/nayar_Sotano/meshes/wall_1.obj
  generating /TFG_ws/src/build/rmf_nayar/maps/nayar3/models/nayar_Sotano/meshes/wall_1.mtl
  wrote /TFG_ws/src/build/rmf_nayar/maps/nayar3/models/nayar_Sotano/model.sdf
generate door name=entrada_principal type=double_hinged
Door(entrada_principal)
generate door name=puerta_peque type=hinged
Door(puerta_peque)
generate door name=garaje type=double_hinged
Door(garaje)
20729 bytes written to /TFG_ws/src/build/rmf_nayar/maps/nayar3/nayar3.world
building name: nayar2
coordinate system: reference_image
parsing level planta0
parsing level planta1
calculating levels relative to planta0
level planta0 scale: 0.07742772056183925
calculating level planta1 offset and scale...
  2 common fiducials:
Transform.set_from_fiducials()
  2 fiducial pairs:
    (475.69, -339.15) -> (475.8, -338.93)   punto1
    (119.09, -199.13) -> (119.04, -198.96)   esquina_sup
    calc dist punto1 <=> esquina_sup
Bearings:
[(2.767441424789273, 2.7677014056626033)]
  0.0002599808733303455
  Circular mean: -0.0002599808733303455
Distances:
[(383.1016756593476, 383.23231116386836)]
mean relative scale: 1.0003409943438537
translation: (0.011249, -0.016793)
building name: nayar2
coordinate system: reference_image
parsing level planta0
parsing level planta1
calculating levels relative to planta0
level planta0 scale: 0.07742772056183925
calculating level planta1 offset and scale...
  2 common fiducials:
Transform.set_from_fiducials()
  2 fiducial pairs:
    (475.69, -339.15) -> (475.8, -338.93)   punto1
    (119.09, -199.13) -> (119.04, -198.96)   esquina_sup
    calc dist punto1 <=> esquina_sup
Bearings:
[(2.767441424789273, 2.7677014056626033)]
  0.0002599808733303455
  Circular mean: -0.0002599808733303455
Distances:
[(383.1016756593476, 383.23231116386836)]
mean relative scale: 1.0003409943438537
translation: (0.011249, -0.016793)
parsing lift lift1
generating nav data
hooray, we found an intersection: t=0.548, u=0.451
  (141.686,-241.967),(80.873,-223.777) and (112.645,-217.486),(103.172,-249.657)
parsing lift lift1
found intersection with door entrada_empleados!
hooray, we found an intersection: t=0.69, u=0.529
  (136.043,-410.387),(59.311,-467.204) and (65.972,-424.903),(98.383,-471.54)
found intersection with door entrada_principal!
hooray, we found an intersection: t=0.254, u=0.435
  (405.482,-314.311),(405.482,-250.544) and (394.664,-298.284),(419.528,-297.85)
found intersection with door baños!
hooray, we found an intersection: t=0.845, u=0.498
  (376.639,-428.442),(376.639,-500.476) and (343.68,-489.298),(409.887,-489.298)
found intersection with door garaje!
hooray, we found an intersection: t=0.512, u=0.469
  (172.323,-340.413),(172.323,-235.185) and (151.58,-286.567),(195.764,-286.567)
found intersection with door sala_reuniones!
generating model of level planta0 in /TFG_ws/src/build/rmf_nayar/maps/nayar/models/nayar2_planta0
writing /TFG_ws/src/build/rmf_nayar/maps/nayar/nav_graphs/0.yaml
  wrote /TFG_ws/src/build/rmf_nayar/maps/nayar/models/nayar2_planta0/model.config
generating floor polygon 1 on floor nayar2_planta0
hole vertices: []
lift vertices: {'lift1': [(18.001256229020964, -16.089033706738554), (15.301263933774127, -16.08258346583539), (15.292663612569914, -19.68257319283118), (17.99265590781675, -19.68902343373434)]}
[[0, 3, 4], [0, 4, 5], [0, 5, 6], [0, 6, 1], [1, 6, 7], [1, 7, 2], [2, 7, 3], [3, 7, 4]]
  wrote /TFG_ws/src/build/rmf_nayar/maps/nayar/models/nayar2_planta0/meshes/floor_1.obj
  wrote /TFG_ws/src/build/rmf_nayar/maps/nayar/models/nayar2_planta0/meshes/blue_linoleum.png
  wrote /TFG_ws/src/build/rmf_nayar/maps/nayar/models/nayar2_planta0/meshes/floor_1.mtl
Walls Generation, wall params list: [{'alpha': <building_map.param_value.ParamValue object at 0x758ce538cad0>, 'texture_height': <building_map.param_value.ParamValue object at 0x758ce538cb00>, 'texture_name': <building_map.param_value.ParamValue object at 0x758ce538cb30>, 'texture_scale': <building_map.param_value.ParamValue object at 0x758ce538cb90>, 'texture_width': <building_map.param_value.ParamValue object at 0x758ce538cb60>}]
generating wall: 1 on floor: nayar2_planta0
  wrote /TFG_ws/src/build/rmf_nayar/maps/nayar/models/nayar2_planta0/meshes/default.png
generate_wall_visual_mesh(nayar2_planta0, /TFG_ws/src/build/rmf_nayar/maps/nayar/models/nayar2_planta0)
  generating /TFG_ws/src/build/rmf_nayar/maps/nayar/models/nayar2_planta0/meshes/wall_1.obj
  generating /TFG_ws/src/build/rmf_nayar/maps/nayar/models/nayar2_planta0/meshes/wall_1.mtl
  wrote /TFG_ws/src/build/rmf_nayar/maps/nayar/models/nayar2_planta0/model.sdf
generating model of level planta1 in /TFG_ws/src/build/rmf_nayar/maps/nayar/models/nayar2_planta1
  wrote /TFG_ws/src/build/rmf_nayar/maps/nayar/models/nayar2_planta1/model.config
generating floor polygon 1 on floor nayar2_planta1
hole vertices: [[(3.0009135219918917, -14.161966864010905), (9.323965335582713, -15.420608331929321), (8.759010878131047, -16.91748057351616), (7.977846778074719, -19.414166982606584), (6.5018997264262355, -23.80723754459366), (5.634875994542107, -26.68456137159524), (4.061410003808941, -31.349440050649942), (2.994201399710574, -39.9797204706962)], [(4.061410003808941, -31.349440050649942), (5.099108335872551, -32.91995060927369), (7.620449866899286, -36.518684325217755), (8.638504602297845, -38.026339897114525), (2.994201399710574, -39.9797204706962)], [(2.994201399710574, -39.9797204706962), (8.638504602297845, -38.026339897114525), (16.250770369144647, -38.027157920714764), (36.79757117657326, -38.03249969605317), (36.79754046908218, -38.15061411728793), (38.69913621016705, -38.15110849582056), (38.69910324891516, -38.27789186540282), (48.59563660348658, -38.28046477484525), (50.20645512009122, -39.99199475392686)], [(3.0009135219918917, -14.161966864010905), (9.323965335582713, -15.420608331929321), (48.18740258671972, -15.430712082514127), (50.21316724237254, -14.174241147241563)], [(50.21316724237254, -14.174241147241563), (50.20645512009122, -39.99199475392686), (48.59563660348658, -38.28046477484525), (48.59725007487719, -32.07434917260146), (48.38594445890675, -32.07429423718164), (48.3880303145392, -24.051182541565687), (48.185161442942686, -24.051129799538092), (48.18664381387172, -18.349283826615682), (48.18740258671972, -15.430712082514127)]]
lift vertices: {'lift1': [(18.001256229020964, -16.089033706738554), (15.301263933774127, -16.08258346583539), (15.292663612569914, -19.68257319283118), (17.99265590781675, -19.68902343373434)]}
[[4, 5, 6], [4, 6, 7], [4, 7, 8], [8, 7, 9], [10, 11, 12], [10, 12, 13], [10, 13, 14], [15, 16, 17], [18, 17, 19], [18, 19, 20], [21, 19, 22], [21, 22, 23], [5, 23, 22], [5, 22, 6], [7, 24, 9], [9, 24, 25], [26, 25, 12], [12, 25, 13], [13, 25, 27], [13, 27, 28], [16, 27, 24], [16, 24, 22], [16, 22, 19], [16, 19, 17], [24, 27, 25]]
  wrote /TFG_ws/src/build/rmf_nayar/maps/nayar/models/nayar2_planta1/meshes/floor_1.obj
  wrote /TFG_ws/src/build/rmf_nayar/maps/nayar/models/nayar2_planta1/meshes/blue_linoleum.png
  wrote /TFG_ws/src/build/rmf_nayar/maps/nayar/models/nayar2_planta1/meshes/floor_1.mtl
Walls Generation, wall params list: [{'alpha': <building_map.param_value.ParamValue object at 0x758ce53d4cb0>, 'texture_height': <building_map.param_value.ParamValue object at 0x758ce53d4d10>, 'texture_name': <building_map.param_value.ParamValue object at 0x758ce53d4ce0>, 'texture_scale': <building_map.param_value.ParamValue object at 0x758ce53d4d40>, 'texture_width': <building_map.param_value.ParamValue object at 0x758ce53d4d70>}]
generating wall: 1 on floor: nayar2_planta1
  wrote /TFG_ws/src/build/rmf_nayar/maps/nayar/models/nayar2_planta1/meshes/default.png
generate_wall_visual_mesh(nayar2_planta1, /TFG_ws/src/build/rmf_nayar/maps/nayar/models/nayar2_planta1)
  generating /TFG_ws/src/build/rmf_nayar/maps/nayar/models/nayar2_planta1/meshes/wall_1.obj
  generating /TFG_ws/src/build/rmf_nayar/maps/nayar/models/nayar2_planta1/meshes/wall_1.mtl
  wrote /TFG_ws/src/build/rmf_nayar/maps/nayar/models/nayar2_planta1/model.sdf
spawning robot name tinyRobot1 of type TinyRobot
generate door name=entrada_empleados type=hinged
Door(entrada_empleados)
generate door name=entrada_principal type=double_hinged
Door(entrada_principal)
generate door name=garaje type=double_hinged
Door(garaje)
generate door name=baños type=hinged
Door(baños)
generate door name=sala_reuniones type=hinged
Door(sala_reuniones)
generate door name=door29922 type=hinged
Door(door29922)
generate door name=door22122 type=hinged
Door(door22122)
generate door name=door_despacho type=double_hinged
Door(door_despacho)
[ 66%] Built target generate_nayar3_nav_graphs
58993 bytes written to /TFG_ws/src/build/rmf_nayar/maps/nayar/nayar.world
[ 66%] Built target generate_nayar_nav_graphs
building name: nayar
coordinate system: reference_image
parsing level Planta0
parsing level Sotano
calculating levels relative to Planta0
level Planta0 scale: 0.05532403805177346
calculating level Sotano offset and scale...
  0 common fiducials:
Transform.set_from_fiducials()
  0 fiducial pairs:
Bearings:
[]
Models: [] are used in crowd_sim
building name: nayar2
coordinate system: reference_image
parsing level planta0
parsing level planta1
calculating levels relative to planta0
level planta0 scale: 0.07742772056183925
calculating level planta1 offset and scale...
  2 common fiducials:
Transform.set_from_fiducials()
  2 fiducial pairs:
    (475.69, -339.15) -> (475.8, -338.93)   punto1
    (119.09, -199.13) -> (119.04, -198.96)   esquina_sup
    calc dist punto1 <=> esquina_sup
Bearings:
[(2.767441424789273, 2.7677014056626033)]
  0.0002599808733303455
  Circular mean: -0.0002599808733303455
Distances:
[(383.1016756593476, 383.23231116386836)]
mean relative scale: 1.0003409943438537
translation: (0.011249, -0.016793)
parsing lift lift1
Load success!

Cache found! Model count: 3018 
Updating cache...
Topping up Fuel (updating cache) from: https://fuel.gazebosim.org/1.0/models
Fetching page: 1
Models: [] are used in crowd_sim
Load success!

Cache found! Model count: 3018 
Updating cache...
Topping up Fuel (updating cache) from: https://fuel.gazebosim.org/1.0/models
Fetching page: 1
Cached model found! Halting Fuel traversal...
Writing to cache: /home/usuario/.pit_crew/model_cache.json
Cached model found! Halting Fuel traversal...
Writing to cache: /home/usuario/.pit_crew/model_cache.json
New models cached: 0

New models cached: 0

WARNING::pit_crew.get_local_model_name_tuples():276: No local model path given! Using default ~/.gazebo/models/ instead!
WARNING::pit_crew.get_local_model_name_tuples():276: No local model path given! Using default ~/.gazebo/models/ instead!
WARNING::pit_crew.get_missing_models():224: Model VisitorKidSit in local model directory is not by the requested author OpenRobotics!
WARNING::pit_crew.get_missing_models():224: Model AdjTable in local model directory is not by the requested author OpenRobotics!
WARNING::pit_crew.get_missing_models():224: Model Toilet in local model directory is not by the requested author OpenRobotics!
WARNING::pit_crew.get_missing_models():224: Model Sofa in local model directory is not by the requested author OpenRobotics!
WARNING::pit_crew.get_missing_models():224: Model BathroomSink in local model directory is not by the requested author OpenRobotics!
WARNING::pit_crew.get_missing_models():224: Model Standing person in local model directory is not by the requested author OpenRobotics!
WARNING::pit_crew.get_missing_models():224: Model FemaleVisitorSit in local model directory is not by the requested author OpenRobotics!
WARNING::pit_crew.get_missing_models():224: Model Desk in local model directory is not by the requested author OpenRobotics!

== REQUESTED MODEL REPORT ==
{'available': [], 'downloadable': [], 'missing': []}

== THE FOLLOWING MODELS HAVE SPECIFIED AUTHORS ==
{}


== REQUESTED MODEL REPORT ==
{'available': [('VisitorKidSit',
                ['/home/usuario/.gazebo/models/VisitorKidSit/']),
               ('AdjTable', ['/home/usuario/.gazebo/models/AdjTable/']),
               ('Toilet', ['/home/usuario/.gazebo/models/Toilet/']),
               ('Sofa', ['/home/usuario/.gazebo/models/Sofa/']),
               ('BathroomSink', ['/home/usuario/.gazebo/models/BathroomSink/']),
               ('Standing person',
                ['/home/usuario/.gazebo/models/Standing person/']),
               ('FemaleVisitorSit',
                ['/home/usuario/.gazebo/models/FemaleVisitorSit/']),
               ('Desk', ['/home/usuario/.gazebo/models/Desk/'])],
 'downloadable': [],
 'missing': []}

== THE FOLLOWING MODELS HAVE SPECIFIED AUTHORS ==
{'adjtable': 'openrobotics',
 'bathroomsink': 'openrobotics',
 'desk': 'openrobotics',
 'femalevisitorsit': 'openrobotics',
 'sofa': 'openrobotics',
 'standing person': 'openrobotics',
 'toilet': 'openrobotics',
 'visitorkidsit': 'openrobotics'}

WARNING::building_map_model_downloader.export_downloaded_model():85: /home/usuario/.gazebo/models/VisitorKidSit already exists, skipping...
WARNING::building_map_model_downloader.export_downloaded_model():85: /home/usuario/.gazebo/models/AdjTable already exists, skipping...
WARNING::building_map_model_downloader.export_downloaded_model():85: /home/usuario/.gazebo/models/Toilet already exists, skipping...
WARNING::building_map_model_downloader.export_downloaded_model():85: /home/usuario/.gazebo/models/Sofa already exists, skipping...
WARNING::building_map_model_downloader.export_downloaded_model():85: /home/usuario/.gazebo/models/BathroomSink already exists, skipping...
WARNING::building_map_model_downloader.export_downloaded_model():85: /home/usuario/.gazebo/models/Standing person already exists, skipping...
WARNING::building_map_model_downloader.export_downloaded_model():85: /home/usuario/.gazebo/models/FemaleVisitorSit already exists, skipping...
WARNING::building_map_model_downloader.export_downloaded_model():85: /home/usuario/.gazebo/models/Desk already exists, skipping...
[100%] [34m[1mGenerating nayar3_crowdsim[0m
[100%] [34m[1mGenerating nayar_crowdsim[0m
Creating output folder path:  /TFG_ws/src/build/rmf_nayar/maps/nayar/config_resource/
Creating output folder path:  /TFG_ws/src/build/rmf_nayar/maps/nayar3/config_resource/
crowdsim unable to parse, not attempting to proceed
crowdsim unable to parse, not attempting to proceed
crowdsim unable to parse, not attempting to proceed
[100%] Built target generate_nayar3_crowdsim
crowdsim unable to parse, not attempting to proceed
[100%] Built target generate_nayar_crowdsim
-- Install configuration: ""
-- Installing: /TFG_ws/src/install/rmf_nayar/share/rmf_nayar/maps
-- Installing: /TFG_ws/src/install/rmf_nayar/share/rmf_nayar/maps/nayar
-- Installing: /TFG_ws/src/install/rmf_nayar/share/rmf_nayar/maps/nayar/nayar.building.yaml
-- Installing: /TFG_ws/src/install/rmf_nayar/share/rmf_nayar/maps/nayar/planta4.png
-- Installing: /TFG_ws/src/install/rmf_nayar/share/rmf_nayar/maps/nayar/planta0.png
-- Installing: /TFG_ws/src/install/rmf_nayar/share/rmf_nayar/maps/nayar/planta3.png
-- Installing: /TFG_ws/src/install/rmf_nayar/share/rmf_nayar/maps/nayar/sotano.png
-- Installing: /TFG_ws/src/install/rmf_nayar/share/rmf_nayar/maps/nayar/planta2.png
-- Installing: /TFG_ws/src/install/rmf_nayar/share/rmf_nayar/maps/nayar/nayar3.building.yaml
-- Installing: /TFG_ws/src/install/rmf_nayar/share/rmf_nayar/maps/nayar/models
-- Installing: /TFG_ws/src/install/rmf_nayar/share/rmf_nayar/maps/nayar/models/lift1
-- Installing: /TFG_ws/src/install/rmf_nayar/share/rmf_nayar/maps/nayar/models/lift1/lift1.sdf
-- Installing: /TFG_ws/src/install/rmf_nayar/share/rmf_nayar/maps/nayar/planta1.png
-- Installing: /TFG_ws/src/install/rmf_nayar/share/rmf_nayar/launch
-- Installing: /TFG_ws/src/install/rmf_nayar/share/rmf_nayar/launch/visualization.launch.xml
-- Installing: /TFG_ws/src/install/rmf_nayar/share/rmf_nayar/launch/common.launch.xml
-- Installing: /TFG_ws/src/install/rmf_nayar/share/rmf_nayar/launch/simulation.launch.xml
-- Installing: /TFG_ws/src/install/rmf_nayar/share/rmf_nayar/launch/nayar.launch.xml
-- Installing: /TFG_ws/src/install/rmf_nayar/share/rmf_nayar/config
-- Installing: /TFG_ws/src/install/rmf_nayar/share/rmf_nayar/config/nayar.rviz
-- Installing: /TFG_ws/src/install/rmf_nayar/share/rmf_nayar/config/tinyRobot_config.yaml
-- Installing: /TFG_ws/src/install/rmf_nayar/share/rmf_nayar/config/cleanerBotA_config.yaml
-- Installing: /TFG_ws/src/install/rmf_nayar/share/ament_index/resource_index/package_run_dependencies/rmf_nayar
-- Installing: /TFG_ws/src/install/rmf_nayar/share/ament_index/resource_index/parent_prefix_path/rmf_nayar
-- Installing: /TFG_ws/src/install/rmf_nayar/share/rmf_nayar/environment/ament_prefix_path.sh
-- Installing: /TFG_ws/src/install/rmf_nayar/share/rmf_nayar/environment/ament_prefix_path.dsv
-- Installing: /TFG_ws/src/install/rmf_nayar/share/rmf_nayar/environment/path.sh
-- Installing: /TFG_ws/src/install/rmf_nayar/share/rmf_nayar/environment/path.dsv
-- Installing: /TFG_ws/src/install/rmf_nayar/share/rmf_nayar/local_setup.bash
-- Installing: /TFG_ws/src/install/rmf_nayar/share/rmf_nayar/local_setup.sh
-- Installing: /TFG_ws/src/install/rmf_nayar/share/rmf_nayar/local_setup.zsh
-- Installing: /TFG_ws/src/install/rmf_nayar/share/rmf_nayar/local_setup.dsv
-- Installing: /TFG_ws/src/install/rmf_nayar/share/rmf_nayar/package.dsv
-- Installing: /TFG_ws/src/install/rmf_nayar/share/ament_index/resource_index/packages/rmf_nayar
-- Installing: /TFG_ws/src/install/rmf_nayar/share/rmf_nayar/cmake/rmf_nayarConfig.cmake
-- Installing: /TFG_ws/src/install/rmf_nayar/share/rmf_nayar/cmake/rmf_nayarConfig-version.cmake
-- Installing: /TFG_ws/src/install/rmf_nayar/share/rmf_nayar/package.xml
-- Up-to-date: /TFG_ws/src/install/rmf_nayar/share/rmf_nayar/maps/nayar
-- Installing: /TFG_ws/src/install/rmf_nayar/share/rmf_nayar/maps/nayar/nav_graphs
-- Installing: /TFG_ws/src/install/rmf_nayar/share/rmf_nayar/maps/nayar/nav_graphs/0.yaml
-- Installing: /TFG_ws/src/install/rmf_nayar/share/rmf_nayar/maps/nayar/config_resource
-- Up-to-date: /TFG_ws/src/install/rmf_nayar/share/rmf_nayar/maps/nayar/models
-- Installing: /TFG_ws/src/install/rmf_nayar/share/rmf_nayar/maps/nayar/models/nayar2_planta0
-- Installing: /TFG_ws/src/install/rmf_nayar/share/rmf_nayar/maps/nayar/models/nayar2_planta0/meshes
-- Installing: /TFG_ws/src/install/rmf_nayar/share/rmf_nayar/maps/nayar/models/nayar2_planta0/meshes/floor_1.mtl
-- Installing: /TFG_ws/src/install/rmf_nayar/share/rmf_nayar/maps/nayar/models/nayar2_planta0/meshes/default.png
-- Installing: /TFG_ws/src/install/rmf_nayar/share/rmf_nayar/maps/nayar/models/nayar2_planta0/meshes/wall_1.mtl
-- Installing: /TFG_ws/src/install/rmf_nayar/share/rmf_nayar/maps/nayar/models/nayar2_planta0/meshes/wall_1.obj
-- Installing: /TFG_ws/src/install/rmf_nayar/share/rmf_nayar/maps/nayar/models/nayar2_planta0/meshes/blue_linoleum.png
-- Installing: /TFG_ws/src/install/rmf_nayar/share/rmf_nayar/maps/nayar/models/nayar2_planta0/meshes/model.material
-- Installing: /TFG_ws/src/install/rmf_nayar/share/rmf_nayar/maps/nayar/models/nayar2_planta0/meshes/floor_1.obj
-- Installing: /TFG_ws/src/install/rmf_nayar/share/rmf_nayar/maps/nayar/models/nayar2_planta0/model.config
-- Installing: /TFG_ws/src/install/rmf_nayar/share/rmf_nayar/maps/nayar/models/nayar2_planta0/model.sdf
-- Installing: /TFG_ws/src/install/rmf_nayar/share/rmf_nayar/maps/nayar/models/nayar2_planta1
-- Installing: /TFG_ws/src/install/rmf_nayar/share/rmf_nayar/maps/nayar/models/nayar2_planta1/meshes
-- Installing: /TFG_ws/src/install/rmf_nayar/share/rmf_nayar/maps/nayar/models/nayar2_planta1/meshes/floor_1.mtl
-- Installing: /TFG_ws/src/install/rmf_nayar/share/rmf_nayar/maps/nayar/models/nayar2_planta1/meshes/default.png
-- Installing: /TFG_ws/src/install/rmf_nayar/share/rmf_nayar/maps/nayar/models/nayar2_planta1/meshes/wall_1.mtl
-- Installing: /TFG_ws/src/install/rmf_nayar/share/rmf_nayar/maps/nayar/models/nayar2_planta1/meshes/wall_1.obj
-- Installing: /TFG_ws/src/install/rmf_nayar/share/rmf_nayar/maps/nayar/models/nayar2_planta1/meshes/blue_linoleum.png
-- Installing: /TFG_ws/src/install/rmf_nayar/share/rmf_nayar/maps/nayar/models/nayar2_planta1/meshes/model.material
-- Installing: /TFG_ws/src/install/rmf_nayar/share/rmf_nayar/maps/nayar/models/nayar2_planta1/meshes/floor_1.obj
-- Installing: /TFG_ws/src/install/rmf_nayar/share/rmf_nayar/maps/nayar/models/nayar2_planta1/model.config
-- Installing: /TFG_ws/src/install/rmf_nayar/share/rmf_nayar/maps/nayar/models/nayar2_planta1/model.sdf
-- Installing: /TFG_ws/src/install/rmf_nayar/share/rmf_nayar/maps/nayar/nayar.world
-- Installing: /TFG_ws/src/install/rmf_nayar/share/rmf_nayar/maps/nayar3
-- Installing: /TFG_ws/src/install/rmf_nayar/share/rmf_nayar/maps/nayar3/nav_graphs
-- Installing: /TFG_ws/src/install/rmf_nayar/share/rmf_nayar/maps/nayar3/config_resource
-- Installing: /TFG_ws/src/install/rmf_nayar/share/rmf_nayar/maps/nayar3/models
-- Installing: /TFG_ws/src/install/rmf_nayar/share/rmf_nayar/maps/nayar3/models/nayar_Planta0
-- Installing: /TFG_ws/src/install/rmf_nayar/share/rmf_nayar/maps/nayar3/models/nayar_Planta0/meshes
-- Installing: /TFG_ws/src/install/rmf_nayar/share/rmf_nayar/maps/nayar3/models/nayar_Planta0/meshes/floor_1.mtl
-- Installing: /TFG_ws/src/install/rmf_nayar/share/rmf_nayar/maps/nayar3/models/nayar_Planta0/meshes/default.png
-- Installing: /TFG_ws/src/install/rmf_nayar/share/rmf_nayar/maps/nayar3/models/nayar_Planta0/meshes/wall_1.mtl
-- Installing: /TFG_ws/src/install/rmf_nayar/share/rmf_nayar/maps/nayar3/models/nayar_Planta0/meshes/wall_1.obj
-- Installing: /TFG_ws/src/install/rmf_nayar/share/rmf_nayar/maps/nayar3/models/nayar_Planta0/meshes/blue_linoleum.png
-- Installing: /TFG_ws/src/install/rmf_nayar/share/rmf_nayar/maps/nayar3/models/nayar_Planta0/meshes/model.material
-- Installing: /TFG_ws/src/install/rmf_nayar/share/rmf_nayar/maps/nayar3/models/nayar_Planta0/meshes/floor_1.obj
-- Installing: /TFG_ws/src/install/rmf_nayar/share/rmf_nayar/maps/nayar3/models/nayar_Planta0/model.config
-- Installing: /TFG_ws/src/install/rmf_nayar/share/rmf_nayar/maps/nayar3/models/nayar_Planta0/model.sdf
-- Installing: /TFG_ws/src/install/rmf_nayar/share/rmf_nayar/maps/nayar3/models/nayar_Sotano
-- Installing: /TFG_ws/src/install/rmf_nayar/share/rmf_nayar/maps/nayar3/models/nayar_Sotano/meshes
-- Installing: /TFG_ws/src/install/rmf_nayar/share/rmf_nayar/maps/nayar3/models/nayar_Sotano/meshes/floor_1.mtl
-- Installing: /TFG_ws/src/install/rmf_nayar/share/rmf_nayar/maps/nayar3/models/nayar_Sotano/meshes/default.png
-- Installing: /TFG_ws/src/install/rmf_nayar/share/rmf_nayar/maps/nayar3/models/nayar_Sotano/meshes/wall_1.mtl
-- Installing: /TFG_ws/src/install/rmf_nayar/share/rmf_nayar/maps/nayar3/models/nayar_Sotano/meshes/wall_1.obj
-- Installing: /TFG_ws/src/install/rmf_nayar/share/rmf_nayar/maps/nayar3/models/nayar_Sotano/meshes/blue_linoleum.png
-- Installing: /TFG_ws/src/install/rmf_nayar/share/rmf_nayar/maps/nayar3/models/nayar_Sotano/meshes/model.material
-- Installing: /TFG_ws/src/install/rmf_nayar/share/rmf_nayar/maps/nayar3/models/nayar_Sotano/meshes/floor_1.obj
-- Installing: /TFG_ws/src/install/rmf_nayar/share/rmf_nayar/maps/nayar3/models/nayar_Sotano/model.config
-- Installing: /TFG_ws/src/install/rmf_nayar/share/rmf_nayar/maps/nayar3/models/nayar_Sotano/model.sdf
-- Installing: /TFG_ws/src/install/rmf_nayar/share/rmf_nayar/maps/nayar3/nayar3.world
