[0.086s] DEBUG:colcon:Command line arguments: ['/usr/bin/colcon', 'list']
[0.086s] DEBUG:colcon:Parsed command line arguments: Namespace(log_base=None, log_level=None, verb_name='list', build_base='build', ignore_user_meta=False, metas=['./colcon.meta'], base_paths=['.'], packages_ignore=None, packages_ignore_regex=None, paths=None, packages_up_to=None, packages_up_to_regex=None, packages_above=None, packages_above_and_dependencies=None, packages_above_depth=None, packages_select_by_dep=None, packages_skip_by_dep=None, packages_skip_up_to=None, packages_select_build_failed=False, packages_skip_build_finished=False, packages_select_test_failures=False, packages_skip_test_passed=False, packages_select=None, packages_skip=None, packages_select_regex=None, packages_skip_regex=None, packages_start=None, packages_end=None, topological_order=False, names_only=False, paths_only=False, topological_graph=False, topological_graph_dot=False, topological_graph_density=False, topological_graph_legend=False, topological_graph_dot_cluster=False, topological_graph_dot_include_skipped=False, mixin_files=None, mixin=None, verb_parser=<colcon_mixin.mixin.mixin_argument.MixinArgumentDecorator object at 0x7087d21471f0>, verb_extension=<colcon_package_information.verb.list.ListVerb object at 0x7087d2146890>, main=<bound method ListVerb.main of <colcon_package_information.verb.list.ListVerb object at 0x7087d2146890>>, mixin_verb=('list',))
[0.197s] Level 1:colcon.colcon_core.package_discovery:discover_packages(colcon_meta) check parameters
[0.197s] INFO:colcon.colcon_metadata.package_discovery.colcon_meta:Using configuration from '/root/.colcon/metadata/default/Gazebo.meta'
[0.198s] INFO:colcon.colcon_metadata.package_discovery.colcon_meta:Using configuration from '/root/.colcon/metadata/default/fastdds.meta'
[0.198s] INFO:colcon.colcon_metadata.package_discovery.colcon_meta:Using configuration from '/root/.colcon/metadata/default/fastrtps.meta'
[0.198s] Level 1:colcon.colcon_core.package_discovery:discover_packages(recursive) check parameters
[0.198s] Level 1:colcon.colcon_core.package_discovery:discover_packages(ignore) check parameters
[0.198s] Level 1:colcon.colcon_core.package_discovery:discover_packages(path) check parameters
[0.198s] Level 1:colcon.colcon_core.package_discovery:discover_packages(colcon_meta) discover
[0.198s] Level 1:colcon.colcon_core.package_discovery:discover_packages(recursive) discover
[0.198s] INFO:colcon.colcon_core.package_discovery:Crawling recursively for packages in '/TFG_ws'
[0.198s] Level 1:colcon.colcon_core.package_identification:_identify(.) by extensions ['ignore', 'ignore_ament_install']
[0.198s] Level 1:colcon.colcon_core.package_identification:_identify(.) by extension 'ignore'
[0.198s] Level 1:colcon.colcon_core.package_identification:_identify(.) by extension 'ignore_ament_install'
[0.199s] Level 1:colcon.colcon_core.package_identification:_identify(.) by extensions ['colcon_pkg']
[0.199s] Level 1:colcon.colcon_core.package_identification:_identify(.) by extension 'colcon_pkg'
[0.199s] Level 1:colcon.colcon_core.package_identification:_identify(.) by extensions ['colcon_meta']
[0.199s] Level 1:colcon.colcon_core.package_identification:_identify(.) by extension 'colcon_meta'
[0.199s] Level 1:colcon.colcon_core.package_identification:_identify(.) by extensions ['ros']
[0.199s] Level 1:colcon.colcon_core.package_identification:_identify(.) by extension 'ros'
[0.207s] Level 1:colcon.colcon_core.package_identification:_identify(.) by extensions ['cmake', 'python']
[0.207s] Level 1:colcon.colcon_core.package_identification:_identify(.) by extension 'cmake'
[0.207s] Level 1:colcon.colcon_core.package_identification:_identify(.) by extension 'python'
[0.207s] Level 1:colcon.colcon_core.package_identification:_identify(.) by extensions ['python_setup_py']
[0.207s] Level 1:colcon.colcon_core.package_identification:_identify(.) by extension 'python_setup_py'
[0.207s] Level 1:colcon.colcon_core.package_identification:_identify(build) by extensions ['ignore', 'ignore_ament_install']
[0.208s] Level 1:colcon.colcon_core.package_identification:_identify(build) by extension 'ignore'
[0.208s] Level 1:colcon.colcon_core.package_identification:_identify(build) ignored
[0.208s] Level 1:colcon.colcon_core.package_identification:_identify(install) by extensions ['ignore', 'ignore_ament_install']
[0.208s] Level 1:colcon.colcon_core.package_identification:_identify(install) by extension 'ignore'
[0.208s] Level 1:colcon.colcon_core.package_identification:_identify(install) ignored
[0.208s] Level 1:colcon.colcon_core.package_identification:_identify(log) by extensions ['ignore', 'ignore_ament_install']
[0.208s] Level 1:colcon.colcon_core.package_identification:_identify(log) by extension 'ignore'
[0.208s] Level 1:colcon.colcon_core.package_identification:_identify(log) ignored
[0.208s] Level 1:colcon.colcon_core.package_identification:_identify(src) by extensions ['ignore', 'ignore_ament_install']
[0.208s] Level 1:colcon.colcon_core.package_identification:_identify(src) by extension 'ignore'
[0.208s] Level 1:colcon.colcon_core.package_identification:_identify(src) by extension 'ignore_ament_install'
[0.208s] Level 1:colcon.colcon_core.package_identification:_identify(src) by extensions ['colcon_pkg']
[0.208s] Level 1:colcon.colcon_core.package_identification:_identify(src) by extension 'colcon_pkg'
[0.208s] Level 1:colcon.colcon_core.package_identification:_identify(src) by extensions ['colcon_meta']
[0.208s] Level 1:colcon.colcon_core.package_identification:_identify(src) by extension 'colcon_meta'
[0.208s] Level 1:colcon.colcon_core.package_identification:_identify(src) by extensions ['ros']
[0.208s] Level 1:colcon.colcon_core.package_identification:_identify(src) by extension 'ros'
[0.208s] Level 1:colcon.colcon_core.package_identification:_identify(src) by extensions ['cmake', 'python']
[0.208s] Level 1:colcon.colcon_core.package_identification:_identify(src) by extension 'cmake'
[0.209s] Level 1:colcon.colcon_core.package_identification:_identify(src) by extension 'python'
[0.209s] Level 1:colcon.colcon_core.package_identification:_identify(src) by extensions ['python_setup_py']
[0.209s] Level 1:colcon.colcon_core.package_identification:_identify(src) by extension 'python_setup_py'
[0.209s] Level 1:colcon.colcon_core.package_identification:_identify(src/TFG_ws) by extensions ['ignore', 'ignore_ament_install']
[0.209s] Level 1:colcon.colcon_core.package_identification:_identify(src/TFG_ws) by extension 'ignore'
[0.209s] Level 1:colcon.colcon_core.package_identification:_identify(src/TFG_ws) by extension 'ignore_ament_install'
[0.209s] Level 1:colcon.colcon_core.package_identification:_identify(src/TFG_ws) by extensions ['colcon_pkg']
[0.209s] Level 1:colcon.colcon_core.package_identification:_identify(src/TFG_ws) by extension 'colcon_pkg'
[0.209s] Level 1:colcon.colcon_core.package_identification:_identify(src/TFG_ws) by extensions ['colcon_meta']
[0.209s] Level 1:colcon.colcon_core.package_identification:_identify(src/TFG_ws) by extension 'colcon_meta'
[0.209s] Level 1:colcon.colcon_core.package_identification:_identify(src/TFG_ws) by extensions ['ros']
[0.209s] Level 1:colcon.colcon_core.package_identification:_identify(src/TFG_ws) by extension 'ros'
[0.209s] Level 1:colcon.colcon_core.package_identification:_identify(src/TFG_ws) by extensions ['cmake', 'python']
[0.209s] Level 1:colcon.colcon_core.package_identification:_identify(src/TFG_ws) by extension 'cmake'
[0.209s] Level 1:colcon.colcon_core.package_identification:_identify(src/TFG_ws) by extension 'python'
[0.209s] Level 1:colcon.colcon_core.package_identification:_identify(src/TFG_ws) by extensions ['python_setup_py']
[0.209s] Level 1:colcon.colcon_core.package_identification:_identify(src/TFG_ws) by extension 'python_setup_py'
[0.209s] Level 1:colcon.colcon_core.package_identification:_identify(src/elevator_mover) by extensions ['ignore', 'ignore_ament_install']
[0.209s] Level 1:colcon.colcon_core.package_identification:_identify(src/elevator_mover) by extension 'ignore'
[0.209s] Level 1:colcon.colcon_core.package_identification:_identify(src/elevator_mover) by extension 'ignore_ament_install'
[0.209s] Level 1:colcon.colcon_core.package_identification:_identify(src/elevator_mover) by extensions ['colcon_pkg']
[0.209s] Level 1:colcon.colcon_core.package_identification:_identify(src/elevator_mover) by extension 'colcon_pkg'
[0.209s] Level 1:colcon.colcon_core.package_identification:_identify(src/elevator_mover) by extensions ['colcon_meta']
[0.209s] Level 1:colcon.colcon_core.package_identification:_identify(src/elevator_mover) by extension 'colcon_meta'
[0.209s] Level 1:colcon.colcon_core.package_identification:_identify(src/elevator_mover) by extensions ['ros']
[0.210s] Level 1:colcon.colcon_core.package_identification:_identify(src/elevator_mover) by extension 'ros'
[0.212s] DEBUG:colcon.colcon_core.package_identification:Package 'src/elevator_mover' with type 'ros.ament_python' and name 'elevator_mover'
[0.212s] Level 1:colcon.colcon_core.package_identification:_identify(src/mqtt_ros_bridge) by extensions ['ignore', 'ignore_ament_install']
[0.212s] Level 1:colcon.colcon_core.package_identification:_identify(src/mqtt_ros_bridge) by extension 'ignore'
[0.212s] Level 1:colcon.colcon_core.package_identification:_identify(src/mqtt_ros_bridge) by extension 'ignore_ament_install'
[0.212s] Level 1:colcon.colcon_core.package_identification:_identify(src/mqtt_ros_bridge) by extensions ['colcon_pkg']
[0.212s] Level 1:colcon.colcon_core.package_identification:_identify(src/mqtt_ros_bridge) by extension 'colcon_pkg'
[0.212s] Level 1:colcon.colcon_core.package_identification:_identify(src/mqtt_ros_bridge) by extensions ['colcon_meta']
[0.212s] Level 1:colcon.colcon_core.package_identification:_identify(src/mqtt_ros_bridge) by extension 'colcon_meta'
[0.212s] Level 1:colcon.colcon_core.package_identification:_identify(src/mqtt_ros_bridge) by extensions ['ros']
[0.212s] Level 1:colcon.colcon_core.package_identification:_identify(src/mqtt_ros_bridge) by extension 'ros'
[0.213s] DEBUG:colcon.colcon_core.package_identification:Package 'src/mqtt_ros_bridge' with type 'ros.ament_python' and name 'mqtt_ros_bridge'
[0.213s] Level 1:colcon.colcon_core.package_identification:_identify(src/rmf_nayar) by extensions ['ignore', 'ignore_ament_install']
[0.213s] Level 1:colcon.colcon_core.package_identification:_identify(src/rmf_nayar) by extension 'ignore'
[0.213s] Level 1:colcon.colcon_core.package_identification:_identify(src/rmf_nayar) by extension 'ignore_ament_install'
[0.213s] Level 1:colcon.colcon_core.package_identification:_identify(src/rmf_nayar) by extensions ['colcon_pkg']
[0.213s] Level 1:colcon.colcon_core.package_identification:_identify(src/rmf_nayar) by extension 'colcon_pkg'
[0.213s] Level 1:colcon.colcon_core.package_identification:_identify(src/rmf_nayar) by extensions ['colcon_meta']
[0.213s] Level 1:colcon.colcon_core.package_identification:_identify(src/rmf_nayar) by extension 'colcon_meta'
[0.213s] Level 1:colcon.colcon_core.package_identification:_identify(src/rmf_nayar) by extensions ['ros']
[0.213s] Level 1:colcon.colcon_core.package_identification:_identify(src/rmf_nayar) by extension 'ros'
[0.214s] DEBUG:colcon.colcon_core.package_identification:Package 'src/rmf_nayar' with type 'ros.ament_cmake' and name 'rmf_nayar'
[0.214s] Level 1:colcon.colcon_core.package_identification:_identify(src/rmf_reservation) by extensions ['ignore', 'ignore_ament_install']
[0.214s] Level 1:colcon.colcon_core.package_identification:_identify(src/rmf_reservation) by extension 'ignore'
[0.214s] Level 1:colcon.colcon_core.package_identification:_identify(src/rmf_reservation) by extension 'ignore_ament_install'
[0.214s] Level 1:colcon.colcon_core.package_identification:_identify(src/rmf_reservation) by extensions ['colcon_pkg']
[0.214s] Level 1:colcon.colcon_core.package_identification:_identify(src/rmf_reservation) by extension 'colcon_pkg'
[0.214s] Level 1:colcon.colcon_core.package_identification:_identify(src/rmf_reservation) by extensions ['colcon_meta']
[0.214s] Level 1:colcon.colcon_core.package_identification:_identify(src/rmf_reservation) by extension 'colcon_meta'
[0.214s] Level 1:colcon.colcon_core.package_identification:_identify(src/rmf_reservation) by extensions ['ros']
[0.214s] Level 1:colcon.colcon_core.package_identification:_identify(src/rmf_reservation) by extension 'ros'
[0.214s] Level 1:colcon.colcon_core.package_identification:_identify(src/rmf_reservation) by extensions ['cmake', 'python']
[0.214s] Level 1:colcon.colcon_core.package_identification:_identify(src/rmf_reservation) by extension 'cmake'
[0.214s] Level 1:colcon.colcon_core.package_identification:_identify(src/rmf_reservation) by extension 'python'
[0.214s] Level 1:colcon.colcon_core.package_identification:_identify(src/rmf_reservation) by extensions ['python_setup_py']
[0.214s] Level 1:colcon.colcon_core.package_identification:_identify(src/rmf_reservation) by extension 'python_setup_py'
[0.214s] Level 1:colcon.colcon_core.package_identification:_identify(src/rmf_reservation/data_analysis) by extensions ['ignore', 'ignore_ament_install']
[0.214s] Level 1:colcon.colcon_core.package_identification:_identify(src/rmf_reservation/data_analysis) by extension 'ignore'
[0.214s] Level 1:colcon.colcon_core.package_identification:_identify(src/rmf_reservation/data_analysis) by extension 'ignore_ament_install'
[0.214s] Level 1:colcon.colcon_core.package_identification:_identify(src/rmf_reservation/data_analysis) by extensions ['colcon_pkg']
[0.214s] Level 1:colcon.colcon_core.package_identification:_identify(src/rmf_reservation/data_analysis) by extension 'colcon_pkg'
[0.215s] Level 1:colcon.colcon_core.package_identification:_identify(src/rmf_reservation/data_analysis) by extensions ['colcon_meta']
[0.215s] Level 1:colcon.colcon_core.package_identification:_identify(src/rmf_reservation/data_analysis) by extension 'colcon_meta'
[0.215s] Level 1:colcon.colcon_core.package_identification:_identify(src/rmf_reservation/data_analysis) by extensions ['ros']
[0.215s] Level 1:colcon.colcon_core.package_identification:_identify(src/rmf_reservation/data_analysis) by extension 'ros'
[0.215s] Level 1:colcon.colcon_core.package_identification:_identify(src/rmf_reservation/data_analysis) by extensions ['cmake', 'python']
[0.215s] Level 1:colcon.colcon_core.package_identification:_identify(src/rmf_reservation/data_analysis) by extension 'cmake'
[0.215s] Level 1:colcon.colcon_core.package_identification:_identify(src/rmf_reservation/data_analysis) by extension 'python'
[0.215s] Level 1:colcon.colcon_core.package_identification:_identify(src/rmf_reservation/data_analysis) by extensions ['python_setup_py']
[0.215s] Level 1:colcon.colcon_core.package_identification:_identify(src/rmf_reservation/data_analysis) by extension 'python_setup_py'
[0.215s] Level 1:colcon.colcon_core.package_identification:_identify(src/rmf_reservation/docs) by extensions ['ignore', 'ignore_ament_install']
[0.215s] Level 1:colcon.colcon_core.package_identification:_identify(src/rmf_reservation/docs) by extension 'ignore'
[0.215s] Level 1:colcon.colcon_core.package_identification:_identify(src/rmf_reservation/docs) by extension 'ignore_ament_install'
[0.215s] Level 1:colcon.colcon_core.package_identification:_identify(src/rmf_reservation/docs) by extensions ['colcon_pkg']
[0.215s] Level 1:colcon.colcon_core.package_identification:_identify(src/rmf_reservation/docs) by extension 'colcon_pkg'
[0.215s] Level 1:colcon.colcon_core.package_identification:_identify(src/rmf_reservation/docs) by extensions ['colcon_meta']
[0.215s] Level 1:colcon.colcon_core.package_identification:_identify(src/rmf_reservation/docs) by extension 'colcon_meta'
[0.215s] Level 1:colcon.colcon_core.package_identification:_identify(src/rmf_reservation/docs) by extensions ['ros']
[0.215s] Level 1:colcon.colcon_core.package_identification:_identify(src/rmf_reservation/docs) by extension 'ros'
[0.215s] Level 1:colcon.colcon_core.package_identification:_identify(src/rmf_reservation/docs) by extensions ['cmake', 'python']
[0.215s] Level 1:colcon.colcon_core.package_identification:_identify(src/rmf_reservation/docs) by extension 'cmake'
[0.215s] Level 1:colcon.colcon_core.package_identification:_identify(src/rmf_reservation/docs) by extension 'python'
[0.215s] Level 1:colcon.colcon_core.package_identification:_identify(src/rmf_reservation/docs) by extensions ['python_setup_py']
[0.215s] Level 1:colcon.colcon_core.package_identification:_identify(src/rmf_reservation/docs) by extension 'python_setup_py'
[0.215s] Level 1:colcon.colcon_core.package_identification:_identify(src/rmf_reservation/examples) by extensions ['ignore', 'ignore_ament_install']
[0.215s] Level 1:colcon.colcon_core.package_identification:_identify(src/rmf_reservation/examples) by extension 'ignore'
[0.216s] Level 1:colcon.colcon_core.package_identification:_identify(src/rmf_reservation/examples) by extension 'ignore_ament_install'
[0.216s] Level 1:colcon.colcon_core.package_identification:_identify(src/rmf_reservation/examples) by extensions ['colcon_pkg']
[0.216s] Level 1:colcon.colcon_core.package_identification:_identify(src/rmf_reservation/examples) by extension 'colcon_pkg'
[0.216s] Level 1:colcon.colcon_core.package_identification:_identify(src/rmf_reservation/examples) by extensions ['colcon_meta']
[0.216s] Level 1:colcon.colcon_core.package_identification:_identify(src/rmf_reservation/examples) by extension 'colcon_meta'
[0.216s] Level 1:colcon.colcon_core.package_identification:_identify(src/rmf_reservation/examples) by extensions ['ros']
[0.216s] Level 1:colcon.colcon_core.package_identification:_identify(src/rmf_reservation/examples) by extension 'ros'
[0.216s] Level 1:colcon.colcon_core.package_identification:_identify(src/rmf_reservation/examples) by extensions ['cmake', 'python']
[0.216s] Level 1:colcon.colcon_core.package_identification:_identify(src/rmf_reservation/examples) by extension 'cmake'
[0.216s] Level 1:colcon.colcon_core.package_identification:_identify(src/rmf_reservation/examples) by extension 'python'
[0.216s] Level 1:colcon.colcon_core.package_identification:_identify(src/rmf_reservation/examples) by extensions ['python_setup_py']
[0.216s] Level 1:colcon.colcon_core.package_identification:_identify(src/rmf_reservation/examples) by extension 'python_setup_py'
[0.216s] Level 1:colcon.colcon_core.package_identification:_identify(src/rmf_reservation/src) by extensions ['ignore', 'ignore_ament_install']
[0.216s] Level 1:colcon.colcon_core.package_identification:_identify(src/rmf_reservation/src) by extension 'ignore'
[0.216s] Level 1:colcon.colcon_core.package_identification:_identify(src/rmf_reservation/src) by extension 'ignore_ament_install'
[0.216s] Level 1:colcon.colcon_core.package_identification:_identify(src/rmf_reservation/src) by extensions ['colcon_pkg']
[0.216s] Level 1:colcon.colcon_core.package_identification:_identify(src/rmf_reservation/src) by extension 'colcon_pkg'
[0.216s] Level 1:colcon.colcon_core.package_identification:_identify(src/rmf_reservation/src) by extensions ['colcon_meta']
[0.216s] Level 1:colcon.colcon_core.package_identification:_identify(src/rmf_reservation/src) by extension 'colcon_meta'
[0.216s] Level 1:colcon.colcon_core.package_identification:_identify(src/rmf_reservation/src) by extensions ['ros']
[0.216s] Level 1:colcon.colcon_core.package_identification:_identify(src/rmf_reservation/src) by extension 'ros'
[0.216s] Level 1:colcon.colcon_core.package_identification:_identify(src/rmf_reservation/src) by extensions ['cmake', 'python']
[0.216s] Level 1:colcon.colcon_core.package_identification:_identify(src/rmf_reservation/src) by extension 'cmake'
[0.216s] Level 1:colcon.colcon_core.package_identification:_identify(src/rmf_reservation/src) by extension 'python'
[0.216s] Level 1:colcon.colcon_core.package_identification:_identify(src/rmf_reservation/src) by extensions ['python_setup_py']
[0.216s] Level 1:colcon.colcon_core.package_identification:_identify(src/rmf_reservation/src) by extension 'python_setup_py'
[0.216s] Level 1:colcon.colcon_core.package_identification:_identify(src/rmf_reservation/src/algorithms) by extensions ['ignore', 'ignore_ament_install']
[0.217s] Level 1:colcon.colcon_core.package_identification:_identify(src/rmf_reservation/src/algorithms) by extension 'ignore'
[0.217s] Level 1:colcon.colcon_core.package_identification:_identify(src/rmf_reservation/src/algorithms) by extension 'ignore_ament_install'
[0.217s] Level 1:colcon.colcon_core.package_identification:_identify(src/rmf_reservation/src/algorithms) by extensions ['colcon_pkg']
[0.217s] Level 1:colcon.colcon_core.package_identification:_identify(src/rmf_reservation/src/algorithms) by extension 'colcon_pkg'
[0.217s] Level 1:colcon.colcon_core.package_identification:_identify(src/rmf_reservation/src/algorithms) by extensions ['colcon_meta']
[0.217s] Level 1:colcon.colcon_core.package_identification:_identify(src/rmf_reservation/src/algorithms) by extension 'colcon_meta'
[0.217s] Level 1:colcon.colcon_core.package_identification:_identify(src/rmf_reservation/src/algorithms) by extensions ['ros']
[0.217s] Level 1:colcon.colcon_core.package_identification:_identify(src/rmf_reservation/src/algorithms) by extension 'ros'
[0.217s] Level 1:colcon.colcon_core.package_identification:_identify(src/rmf_reservation/src/algorithms) by extensions ['cmake', 'python']
[0.217s] Level 1:colcon.colcon_core.package_identification:_identify(src/rmf_reservation/src/algorithms) by extension 'cmake'
[0.217s] Level 1:colcon.colcon_core.package_identification:_identify(src/rmf_reservation/src/algorithms) by extension 'python'
[0.217s] Level 1:colcon.colcon_core.package_identification:_identify(src/rmf_reservation/src/algorithms) by extensions ['python_setup_py']
[0.217s] Level 1:colcon.colcon_core.package_identification:_identify(src/rmf_reservation/src/algorithms) by extension 'python_setup_py'
[0.217s] Level 1:colcon.colcon_core.package_identification:_identify(src/rmf_reservation/src/cost_function) by extensions ['ignore', 'ignore_ament_install']
[0.217s] Level 1:colcon.colcon_core.package_identification:_identify(src/rmf_reservation/src/cost_function) by extension 'ignore'
[0.217s] Level 1:colcon.colcon_core.package_identification:_identify(src/rmf_reservation/src/cost_function) by extension 'ignore_ament_install'
[0.217s] Level 1:colcon.colcon_core.package_identification:_identify(src/rmf_reservation/src/cost_function) by extensions ['colcon_pkg']
[0.217s] Level 1:colcon.colcon_core.package_identification:_identify(src/rmf_reservation/src/cost_function) by extension 'colcon_pkg'
[0.217s] Level 1:colcon.colcon_core.package_identification:_identify(src/rmf_reservation/src/cost_function) by extensions ['colcon_meta']
[0.217s] Level 1:colcon.colcon_core.package_identification:_identify(src/rmf_reservation/src/cost_function) by extension 'colcon_meta'
[0.217s] Level 1:colcon.colcon_core.package_identification:_identify(src/rmf_reservation/src/cost_function) by extensions ['ros']
[0.217s] Level 1:colcon.colcon_core.package_identification:_identify(src/rmf_reservation/src/cost_function) by extension 'ros'
[0.217s] Level 1:colcon.colcon_core.package_identification:_identify(src/rmf_reservation/src/cost_function) by extensions ['cmake', 'python']
[0.217s] Level 1:colcon.colcon_core.package_identification:_identify(src/rmf_reservation/src/cost_function) by extension 'cmake'
[0.217s] Level 1:colcon.colcon_core.package_identification:_identify(src/rmf_reservation/src/cost_function) by extension 'python'
[0.218s] Level 1:colcon.colcon_core.package_identification:_identify(src/rmf_reservation/src/cost_function) by extensions ['python_setup_py']
[0.218s] Level 1:colcon.colcon_core.package_identification:_identify(src/rmf_reservation/src/cost_function) by extension 'python_setup_py'
[0.218s] Level 1:colcon.colcon_core.package_identification:_identify(src/rmf_reservation/src/database) by extensions ['ignore', 'ignore_ament_install']
[0.218s] Level 1:colcon.colcon_core.package_identification:_identify(src/rmf_reservation/src/database) by extension 'ignore'
[0.218s] Level 1:colcon.colcon_core.package_identification:_identify(src/rmf_reservation/src/database) by extension 'ignore_ament_install'
[0.218s] Level 1:colcon.colcon_core.package_identification:_identify(src/rmf_reservation/src/database) by extensions ['colcon_pkg']
[0.218s] Level 1:colcon.colcon_core.package_identification:_identify(src/rmf_reservation/src/database) by extension 'colcon_pkg'
[0.218s] Level 1:colcon.colcon_core.package_identification:_identify(src/rmf_reservation/src/database) by extensions ['colcon_meta']
[0.218s] Level 1:colcon.colcon_core.package_identification:_identify(src/rmf_reservation/src/database) by extension 'colcon_meta'
[0.218s] Level 1:colcon.colcon_core.package_identification:_identify(src/rmf_reservation/src/database) by extensions ['ros']
[0.218s] Level 1:colcon.colcon_core.package_identification:_identify(src/rmf_reservation/src/database) by extension 'ros'
[0.218s] Level 1:colcon.colcon_core.package_identification:_identify(src/rmf_reservation/src/database) by extensions ['cmake', 'python']
[0.218s] Level 1:colcon.colcon_core.package_identification:_identify(src/rmf_reservation/src/database) by extension 'cmake'
[0.218s] Level 1:colcon.colcon_core.package_identification:_identify(src/rmf_reservation/src/database) by extension 'python'
[0.218s] Level 1:colcon.colcon_core.package_identification:_identify(src/rmf_reservation/src/database) by extensions ['python_setup_py']
[0.218s] Level 1:colcon.colcon_core.package_identification:_identify(src/rmf_reservation/src/database) by extension 'python_setup_py'
[0.218s] Level 1:colcon.colcon_core.package_identification:_identify(src/rmf_reservation/src/discretization) by extensions ['ignore', 'ignore_ament_install']
[0.218s] Level 1:colcon.colcon_core.package_identification:_identify(src/rmf_reservation/src/discretization) by extension 'ignore'
[0.218s] Level 1:colcon.colcon_core.package_identification:_identify(src/rmf_reservation/src/discretization) by extension 'ignore_ament_install'
[0.218s] Level 1:colcon.colcon_core.package_identification:_identify(src/rmf_reservation/src/discretization) by extensions ['colcon_pkg']
[0.218s] Level 1:colcon.colcon_core.package_identification:_identify(src/rmf_reservation/src/discretization) by extension 'colcon_pkg'
[0.219s] Level 1:colcon.colcon_core.package_identification:_identify(src/rmf_reservation/src/discretization) by extensions ['colcon_meta']
[0.219s] Level 1:colcon.colcon_core.package_identification:_identify(src/rmf_reservation/src/discretization) by extension 'colcon_meta'
[0.219s] Level 1:colcon.colcon_core.package_identification:_identify(src/rmf_reservation/src/discretization) by extensions ['ros']
[0.219s] Level 1:colcon.colcon_core.package_identification:_identify(src/rmf_reservation/src/discretization) by extension 'ros'
[0.219s] Level 1:colcon.colcon_core.package_identification:_identify(src/rmf_reservation/src/discretization) by extensions ['cmake', 'python']
[0.219s] Level 1:colcon.colcon_core.package_identification:_identify(src/rmf_reservation/src/discretization) by extension 'cmake'
[0.219s] Level 1:colcon.colcon_core.package_identification:_identify(src/rmf_reservation/src/discretization) by extension 'python'
[0.219s] Level 1:colcon.colcon_core.package_identification:_identify(src/rmf_reservation/src/discretization) by extensions ['python_setup_py']
[0.219s] Level 1:colcon.colcon_core.package_identification:_identify(src/rmf_reservation/src/discretization) by extension 'python_setup_py'
[0.219s] Level 1:colcon.colcon_core.package_identification:_identify(src/rmf_reservation/src/scenario_generation) by extensions ['ignore', 'ignore_ament_install']
[0.219s] Level 1:colcon.colcon_core.package_identification:_identify(src/rmf_reservation/src/scenario_generation) by extension 'ignore'
[0.219s] Level 1:colcon.colcon_core.package_identification:_identify(src/rmf_reservation/src/scenario_generation) by extension 'ignore_ament_install'
[0.219s] Level 1:colcon.colcon_core.package_identification:_identify(src/rmf_reservation/src/scenario_generation) by extensions ['colcon_pkg']
[0.219s] Level 1:colcon.colcon_core.package_identification:_identify(src/rmf_reservation/src/scenario_generation) by extension 'colcon_pkg'
[0.219s] Level 1:colcon.colcon_core.package_identification:_identify(src/rmf_reservation/src/scenario_generation) by extensions ['colcon_meta']
[0.219s] Level 1:colcon.colcon_core.package_identification:_identify(src/rmf_reservation/src/scenario_generation) by extension 'colcon_meta'
[0.219s] Level 1:colcon.colcon_core.package_identification:_identify(src/rmf_reservation/src/scenario_generation) by extensions ['ros']
[0.219s] Level 1:colcon.colcon_core.package_identification:_identify(src/rmf_reservation/src/scenario_generation) by extension 'ros'
[0.219s] Level 1:colcon.colcon_core.package_identification:_identify(src/rmf_reservation/src/scenario_generation) by extensions ['cmake', 'python']
[0.219s] Level 1:colcon.colcon_core.package_identification:_identify(src/rmf_reservation/src/scenario_generation) by extension 'cmake'
[0.219s] Level 1:colcon.colcon_core.package_identification:_identify(src/rmf_reservation/src/scenario_generation) by extension 'python'
[0.219s] Level 1:colcon.colcon_core.package_identification:_identify(src/rmf_reservation/src/scenario_generation) by extensions ['python_setup_py']
[0.219s] Level 1:colcon.colcon_core.package_identification:_identify(src/rmf_reservation/src/scenario_generation) by extension 'python_setup_py'
[0.219s] Level 1:colcon.colcon_core.package_identification:_identify(src/rmf_reservation/src/utils) by extensions ['ignore', 'ignore_ament_install']
[0.220s] Level 1:colcon.colcon_core.package_identification:_identify(src/rmf_reservation/src/utils) by extension 'ignore'
[0.220s] Level 1:colcon.colcon_core.package_identification:_identify(src/rmf_reservation/src/utils) by extension 'ignore_ament_install'
[0.220s] Level 1:colcon.colcon_core.package_identification:_identify(src/rmf_reservation/src/utils) by extensions ['colcon_pkg']
[0.220s] Level 1:colcon.colcon_core.package_identification:_identify(src/rmf_reservation/src/utils) by extension 'colcon_pkg'
[0.220s] Level 1:colcon.colcon_core.package_identification:_identify(src/rmf_reservation/src/utils) by extensions ['colcon_meta']
[0.220s] Level 1:colcon.colcon_core.package_identification:_identify(src/rmf_reservation/src/utils) by extension 'colcon_meta'
[0.220s] Level 1:colcon.colcon_core.package_identification:_identify(src/rmf_reservation/src/utils) by extensions ['ros']
[0.220s] Level 1:colcon.colcon_core.package_identification:_identify(src/rmf_reservation/src/utils) by extension 'ros'
[0.220s] Level 1:colcon.colcon_core.package_identification:_identify(src/rmf_reservation/src/utils) by extensions ['cmake', 'python']
[0.220s] Level 1:colcon.colcon_core.package_identification:_identify(src/rmf_reservation/src/utils) by extension 'cmake'
[0.220s] Level 1:colcon.colcon_core.package_identification:_identify(src/rmf_reservation/src/utils) by extension 'python'
[0.220s] Level 1:colcon.colcon_core.package_identification:_identify(src/rmf_reservation/src/utils) by extensions ['python_setup_py']
[0.220s] Level 1:colcon.colcon_core.package_identification:_identify(src/rmf_reservation/src/utils) by extension 'python_setup_py'
[0.220s] Level 1:colcon.colcon_core.package_identification:_identify(src/rmf_reservation/src/wait_points) by extensions ['ignore', 'ignore_ament_install']
[0.220s] Level 1:colcon.colcon_core.package_identification:_identify(src/rmf_reservation/src/wait_points) by extension 'ignore'
[0.220s] Level 1:colcon.colcon_core.package_identification:_identify(src/rmf_reservation/src/wait_points) by extension 'ignore_ament_install'
[0.220s] Level 1:colcon.colcon_core.package_identification:_identify(src/rmf_reservation/src/wait_points) by extensions ['colcon_pkg']
[0.220s] Level 1:colcon.colcon_core.package_identification:_identify(src/rmf_reservation/src/wait_points) by extension 'colcon_pkg'
[0.220s] Level 1:colcon.colcon_core.package_identification:_identify(src/rmf_reservation/src/wait_points) by extensions ['colcon_meta']
[0.220s] Level 1:colcon.colcon_core.package_identification:_identify(src/rmf_reservation/src/wait_points) by extension 'colcon_meta'
[0.220s] Level 1:colcon.colcon_core.package_identification:_identify(src/rmf_reservation/src/wait_points) by extensions ['ros']
[0.220s] Level 1:colcon.colcon_core.package_identification:_identify(src/rmf_reservation/src/wait_points) by extension 'ros'
[0.220s] Level 1:colcon.colcon_core.package_identification:_identify(src/rmf_reservation/src/wait_points) by extensions ['cmake', 'python']
[0.220s] Level 1:colcon.colcon_core.package_identification:_identify(src/rmf_reservation/src/wait_points) by extension 'cmake'
[0.220s] Level 1:colcon.colcon_core.package_identification:_identify(src/rmf_reservation/src/wait_points) by extension 'python'
[0.220s] Level 1:colcon.colcon_core.package_identification:_identify(src/rmf_reservation/src/wait_points) by extensions ['python_setup_py']
[0.220s] Level 1:colcon.colcon_core.package_identification:_identify(src/rmf_reservation/src/wait_points) by extension 'python_setup_py'
[0.221s] Level 1:colcon.colcon_core.package_discovery:discover_packages(recursive) using defaults
[0.221s] Level 1:colcon.colcon_core.package_discovery:discover_packages(ignore) discover
[0.221s] Level 1:colcon.colcon_core.package_discovery:discover_packages(ignore) using defaults
[0.221s] Level 1:colcon.colcon_core.package_discovery:discover_packages(path) discover
[0.221s] Level 1:colcon.colcon_core.package_discovery:discover_packages(path) using defaults
