[0.359s] Invoking command in '/TFG_ws/build/rmf_nayar': CMAKE_PREFIX_PATH=${CMAKE_PREFIX_PATH}:/TFG_ws/install/mqtt_ros_bridge:/TFG_ws/install/elevator_mover:/opt/ros/humble /usr/bin/cmake --build /TFG_ws/build/rmf_nayar -- -j6 -l6
[0.409s] [ 16%] [34m[1mGenerating nayar3_crowdsim[0m
[0.409s] [ 33%] [34m[1mGenerating maps/nayar3/nav_graphs/phony[0m
[0.415s] [ 50%] [34m[1mGenerating nayar_crowdsim[0m
[0.417s] [ 66%] [34m[1mGenerating maps/nayar/nav_graphs/phony[0m
[0.788s] building name: nayar
[0.788s] coordinate system: reference_image
[0.788s] parsing level Planta0
[0.788s] parsing level Sotano
[0.788s] calculating levels relative to Planta0
[0.788s] level Planta0 scale: 0.05532403805177346
[0.788s] building name: nayar2
[0.788s] coordinate system: reference_image
[0.788s] calculating level Sotano offset and scale...
[0.789s]   0 common fiducials:
[0.789s] parsing level planta0
[0.789s] Transform.set_from_fiducials()
[0.789s]   0 fiducial pairs:
[0.789s] Bearings:
[0.789s] []
[0.789s] parsing level planta1
[0.789s] calculating levels relative to planta0
[0.789s] level planta0 scale: 0.07742772056183925
[0.789s] calculating level planta1 offset and scale...
[0.789s]   2 common fiducials:
[0.789s] Transform.set_from_fiducials()
[0.789s]   2 fiducial pairs:
[0.790s]     (475.69, -339.15) -> (475.8, -338.93)   punto1
[0.790s]     (119.09, -199.13) -> (119.04, -198.96)   esquina_sup
[0.790s]     calc dist punto1 <=> esquina_sup
[0.790s] Bearings:
[0.790s] [(2.767441424789273, 2.7677014056626033)]
[0.790s]   0.0002599808733303455
[0.790s]   Circular mean: -0.0002599808733303455
[0.790s] Distances:
[0.790s] [(383.1016756593476, 383.23231116386836)]
[0.790s] mean relative scale: 1.0003409943438537
[0.790s] translation: (0.011249, -0.016793)
[0.790s] generating nav data
[0.791s] parsing lift lift1
[0.791s] generating nav data
[0.861s] [ 66%] Built target generate_nayar_nav_graphs
[0.882s] [ 66%] Built target generate_nayar3_nav_graphs
[0.893s] crowdsim unable to parse, not attempting to proceed
[0.938s] crowdsim unable to parse, not attempting to proceed
[0.983s] crowdsim unable to parse, not attempting to proceed
[1.043s] [ 83%] Built target generate_nayar3_crowdsim
[1.080s] crowdsim unable to parse, not attempting to proceed
[1.130s] [100%] Built target generate_nayar_crowdsim
[1.140s] Invoked command in '/TFG_ws/build/rmf_nayar' returned '0': CMAKE_PREFIX_PATH=${CMAKE_PREFIX_PATH}:/TFG_ws/install/mqtt_ros_bridge:/TFG_ws/install/elevator_mover:/opt/ros/humble /usr/bin/cmake --build /TFG_ws/build/rmf_nayar -- -j6 -l6
[1.150s] Invoking command in '/TFG_ws/build/rmf_nayar': CMAKE_PREFIX_PATH=${CMAKE_PREFIX_PATH}:/TFG_ws/install/mqtt_ros_bridge:/TFG_ws/install/elevator_mover:/opt/ros/humble /usr/bin/cmake --install /TFG_ws/build/rmf_nayar
[1.156s] -- Install configuration: ""
[1.157s] -- Execute custom install script
[1.157s] -- Up-to-date symlink: /TFG_ws/install/rmf_nayar/share/rmf_nayar/maps/nayar/nayar.building.yaml
[1.157s] -- Up-to-date symlink: /TFG_ws/install/rmf_nayar/share/rmf_nayar/maps/nayar/nayar3.building.yaml
[1.158s] -- Up-to-date symlink: /TFG_ws/install/rmf_nayar/share/rmf_nayar/maps/nayar/planta0.png
[1.158s] -- Up-to-date symlink: /TFG_ws/install/rmf_nayar/share/rmf_nayar/maps/nayar/planta1.png
[1.158s] -- Up-to-date symlink: /TFG_ws/install/rmf_nayar/share/rmf_nayar/maps/nayar/planta2.png
[1.158s] -- Up-to-date symlink: /TFG_ws/install/rmf_nayar/share/rmf_nayar/maps/nayar/planta3.png
[1.158s] -- Up-to-date symlink: /TFG_ws/install/rmf_nayar/share/rmf_nayar/maps/nayar/planta4.png
[1.158s] -- Up-to-date symlink: /TFG_ws/install/rmf_nayar/share/rmf_nayar/maps/nayar/sotano.png
[1.158s] -- Up-to-date symlink: /TFG_ws/install/rmf_nayar/share/rmf_nayar/launch/common.launch.xml
[1.159s] -- Up-to-date symlink: /TFG_ws/install/rmf_nayar/share/rmf_nayar/launch/nayar.launch.xml
[1.159s] -- Up-to-date symlink: /TFG_ws/install/rmf_nayar/share/rmf_nayar/launch/simulation.launch.xml
[1.159s] -- Up-to-date symlink: /TFG_ws/install/rmf_nayar/share/rmf_nayar/launch/visualization.launch.xml
[1.159s] -- Up-to-date symlink: /TFG_ws/install/rmf_nayar/share/rmf_nayar/config/cleanerBotA_config.yaml
[1.159s] -- Up-to-date symlink: /TFG_ws/install/rmf_nayar/share/rmf_nayar/config/nayar.rviz
[1.159s] -- Up-to-date symlink: /TFG_ws/install/rmf_nayar/share/rmf_nayar/config/tinyRobot_config.yaml
[1.159s] -- Up-to-date symlink: /TFG_ws/install/rmf_nayar/share/ament_index/resource_index/package_run_dependencies/rmf_nayar
[1.160s] -- Up-to-date symlink: /TFG_ws/install/rmf_nayar/share/ament_index/resource_index/parent_prefix_path/rmf_nayar
[1.160s] -- Up-to-date symlink: /TFG_ws/install/rmf_nayar/share/rmf_nayar/environment/ament_prefix_path.sh
[1.160s] -- Up-to-date symlink: /TFG_ws/install/rmf_nayar/share/rmf_nayar/environment/ament_prefix_path.dsv
[1.160s] -- Up-to-date symlink: /TFG_ws/install/rmf_nayar/share/rmf_nayar/environment/path.sh
[1.160s] -- Up-to-date symlink: /TFG_ws/install/rmf_nayar/share/rmf_nayar/environment/path.dsv
[1.161s] -- Up-to-date symlink: /TFG_ws/install/rmf_nayar/share/rmf_nayar/local_setup.bash
[1.161s] -- Up-to-date symlink: /TFG_ws/install/rmf_nayar/share/rmf_nayar/local_setup.sh
[1.161s] -- Up-to-date symlink: /TFG_ws/install/rmf_nayar/share/rmf_nayar/local_setup.zsh
[1.161s] -- Up-to-date symlink: /TFG_ws/install/rmf_nayar/share/rmf_nayar/local_setup.dsv
[1.161s] -- Symlinking: /TFG_ws/install/rmf_nayar/share/rmf_nayar/package.dsv
[1.170s] -- Up-to-date symlink: /TFG_ws/install/rmf_nayar/share/ament_index/resource_index/packages/rmf_nayar
[1.170s] -- Up-to-date symlink: /TFG_ws/install/rmf_nayar/share/rmf_nayar/cmake/rmf_nayarConfig.cmake
[1.170s] -- Up-to-date symlink: /TFG_ws/install/rmf_nayar/share/rmf_nayar/cmake/rmf_nayarConfig-version.cmake
[1.171s] -- Up-to-date symlink: /TFG_ws/install/rmf_nayar/share/rmf_nayar/package.xml
[1.171s] -- Up-to-date symlink: /TFG_ws/install/rmf_nayar/share/rmf_nayar/maps/nayar/models/nayar2_planta0/meshes/blue_linoleum.png
[1.171s] -- Up-to-date symlink: /TFG_ws/install/rmf_nayar/share/rmf_nayar/maps/nayar/models/nayar2_planta0/meshes/default.png
[1.172s] -- Up-to-date symlink: /TFG_ws/install/rmf_nayar/share/rmf_nayar/maps/nayar/models/nayar2_planta0/meshes/floor_1.mtl
[1.172s] -- Up-to-date symlink: /TFG_ws/install/rmf_nayar/share/rmf_nayar/maps/nayar/models/nayar2_planta0/meshes/floor_1.obj
[1.172s] -- Up-to-date symlink: /TFG_ws/install/rmf_nayar/share/rmf_nayar/maps/nayar/models/nayar2_planta0/meshes/model.material
[1.172s] -- Up-to-date symlink: /TFG_ws/install/rmf_nayar/share/rmf_nayar/maps/nayar/models/nayar2_planta0/meshes/wall_1.mtl
[1.172s] -- Up-to-date symlink: /TFG_ws/install/rmf_nayar/share/rmf_nayar/maps/nayar/models/nayar2_planta0/meshes/wall_1.obj
[1.172s] -- Up-to-date symlink: /TFG_ws/install/rmf_nayar/share/rmf_nayar/maps/nayar/models/nayar2_planta0/model.config
[1.173s] -- Up-to-date symlink: /TFG_ws/install/rmf_nayar/share/rmf_nayar/maps/nayar/models/nayar2_planta0/model.sdf
[1.173s] -- Up-to-date symlink: /TFG_ws/install/rmf_nayar/share/rmf_nayar/maps/nayar/models/nayar2_planta1/meshes/blue_linoleum.png
[1.173s] -- Up-to-date symlink: /TFG_ws/install/rmf_nayar/share/rmf_nayar/maps/nayar/models/nayar2_planta1/meshes/default.png
[1.173s] -- Up-to-date symlink: /TFG_ws/install/rmf_nayar/share/rmf_nayar/maps/nayar/models/nayar2_planta1/meshes/floor_1.mtl
[1.173s] -- Up-to-date symlink: /TFG_ws/install/rmf_nayar/share/rmf_nayar/maps/nayar/models/nayar2_planta1/meshes/floor_1.obj
[1.173s] -- Up-to-date symlink: /TFG_ws/install/rmf_nayar/share/rmf_nayar/maps/nayar/models/nayar2_planta1/meshes/model.material
[1.173s] -- Up-to-date symlink: /TFG_ws/install/rmf_nayar/share/rmf_nayar/maps/nayar/models/nayar2_planta1/meshes/wall_1.mtl
[1.174s] -- Up-to-date symlink: /TFG_ws/install/rmf_nayar/share/rmf_nayar/maps/nayar/models/nayar2_planta1/meshes/wall_1.obj
[1.174s] -- Up-to-date symlink: /TFG_ws/install/rmf_nayar/share/rmf_nayar/maps/nayar/models/nayar2_planta1/model.config
[1.174s] -- Up-to-date symlink: /TFG_ws/install/rmf_nayar/share/rmf_nayar/maps/nayar/models/nayar2_planta1/model.sdf
[1.174s] -- Up-to-date symlink: /TFG_ws/install/rmf_nayar/share/rmf_nayar/maps/nayar/nayar.world
[1.174s] -- Up-to-date symlink: /TFG_ws/install/rmf_nayar/share/rmf_nayar/maps/nayar3/models/nayar_Planta0/meshes/blue_linoleum.png
[1.175s] -- Up-to-date symlink: /TFG_ws/install/rmf_nayar/share/rmf_nayar/maps/nayar3/models/nayar_Planta0/meshes/default.png
[1.175s] -- Up-to-date symlink: /TFG_ws/install/rmf_nayar/share/rmf_nayar/maps/nayar3/models/nayar_Planta0/meshes/floor_1.mtl
[1.175s] -- Up-to-date symlink: /TFG_ws/install/rmf_nayar/share/rmf_nayar/maps/nayar3/models/nayar_Planta0/meshes/floor_1.obj
[1.175s] -- Up-to-date symlink: /TFG_ws/install/rmf_nayar/share/rmf_nayar/maps/nayar3/models/nayar_Planta0/meshes/model.material
[1.175s] -- Up-to-date symlink: /TFG_ws/install/rmf_nayar/share/rmf_nayar/maps/nayar3/models/nayar_Planta0/meshes/wall_1.mtl
[1.175s] -- Up-to-date symlink: /TFG_ws/install/rmf_nayar/share/rmf_nayar/maps/nayar3/models/nayar_Planta0/meshes/wall_1.obj
[1.175s] -- Up-to-date symlink: /TFG_ws/install/rmf_nayar/share/rmf_nayar/maps/nayar3/models/nayar_Planta0/model.config
[1.176s] -- Up-to-date symlink: /TFG_ws/install/rmf_nayar/share/rmf_nayar/maps/nayar3/models/nayar_Planta0/model.sdf
[1.176s] -- Up-to-date symlink: /TFG_ws/install/rmf_nayar/share/rmf_nayar/maps/nayar3/models/nayar_Sotano/meshes/blue_linoleum.png
[1.176s] -- Up-to-date symlink: /TFG_ws/install/rmf_nayar/share/rmf_nayar/maps/nayar3/models/nayar_Sotano/meshes/default.png
[1.176s] -- Up-to-date symlink: /TFG_ws/install/rmf_nayar/share/rmf_nayar/maps/nayar3/models/nayar_Sotano/meshes/floor_1.mtl
[1.176s] -- Up-to-date symlink: /TFG_ws/install/rmf_nayar/share/rmf_nayar/maps/nayar3/models/nayar_Sotano/meshes/floor_1.obj
[1.176s] -- Up-to-date symlink: /TFG_ws/install/rmf_nayar/share/rmf_nayar/maps/nayar3/models/nayar_Sotano/meshes/model.material
[1.176s] -- Up-to-date symlink: /TFG_ws/install/rmf_nayar/share/rmf_nayar/maps/nayar3/models/nayar_Sotano/meshes/wall_1.mtl
[1.177s] -- Up-to-date symlink: /TFG_ws/install/rmf_nayar/share/rmf_nayar/maps/nayar3/models/nayar_Sotano/meshes/wall_1.obj
[1.177s] -- Up-to-date symlink: /TFG_ws/install/rmf_nayar/share/rmf_nayar/maps/nayar3/models/nayar_Sotano/model.config
[1.177s] -- Up-to-date symlink: /TFG_ws/install/rmf_nayar/share/rmf_nayar/maps/nayar3/models/nayar_Sotano/model.sdf
[1.177s] -- Up-to-date symlink: /TFG_ws/install/rmf_nayar/share/rmf_nayar/maps/nayar3/nayar3.world
[1.179s] Invoked command in '/TFG_ws/build/rmf_nayar' returned '0': CMAKE_PREFIX_PATH=${CMAKE_PREFIX_PATH}:/TFG_ws/install/mqtt_ros_bridge:/TFG_ws/install/elevator_mover:/opt/ros/humble /usr/bin/cmake --install /TFG_ws/build/rmf_nayar
