[0.432s] Invoking command in '/TFG_ws/build/rmf_nayar': CMAKE_PREFIX_PATH=/rmf_demos_ws/install/rmf_workcell_msgs:/rmf_demos_ws/install/rmf_demos_gz:/rmf_demos_ws/install/rmf_demos:/rmf_demos_ws/install/rmf_reservation_node:/rmf_demos_ws/install/rmf_fleet_adapter_python:/rmf_demos_ws/install/rmf_fleet_adapter:/rmf_demos_ws/install/rmf_task_ros2:/rmf_demos_ws/install/rmf_websocket:/rmf_demos_ws/install/rmf_visualization:/rmf_demos_ws/install/rmf_visualization_schedule:/rmf_demos_ws/install/rmf_visualization_rviz2_plugins:/rmf_demos_ws/install/rmf_visualization_obstacles:/rmf_demos_ws/install/rmf_visualization_navgraphs:/rmf_demos_ws/install/rmf_visualization_floorplans:/rmf_demos_ws/install/rmf_visualization_fleet_states:/rmf_demos_ws/install/rmf_visualization_msgs:/rmf_demos_ws/install/rmf_traffic_ros2:/rmf_demos_ws/install/rmf_task_sequence:/rmf_demos_ws/install/rmf_task:/rmf_demos_ws/install/rmf_battery:/rmf_demos_ws/install/rmf_traffic:/rmf_demos_ws/install/rmf_utils:/rmf_demos_ws/install/rmf_traffic_msgs:/rmf_demos_ws/install/rmf_traffic_editor_test_maps:/rmf_demos_ws/install/rmf_traffic_editor_assets:/rmf_demos_ws/install/rmf_traffic_editor:/rmf_demos_ws/install/rmf_task_msgs:/rmf_demos_ws/install/rmf_site_map_msgs:/rmf_demos_ws/install/rmf_scheduler_msgs:/rmf_demos_ws/install/rmf_robot_sim_gz_plugins:/rmf_demos_ws/install/rmf_robot_sim_common:/rmf_demos_ws/install/rmf_reservation_msgs:/rmf_demos_ws/install/rmf_obstacle_msgs:/rmf_demos_ws/install/rmf_building_sim_gz_plugins:/rmf_demos_ws/install/rmf_lift_msgs:/rmf_demos_ws/install/rmf_ingestor_msgs:/rmf_demos_ws/install/rmf_fleet_msgs:/rmf_demos_ws/install/rmf_door_msgs:/rmf_demos_ws/install/rmf_dispenser_msgs:/rmf_demos_ws/install/rmf_demos_maps:/rmf_demos_ws/install/rmf_demos_assets:/rmf_demos_ws/install/rmf_charger_msgs:/rmf_demos_ws/install/rmf_building_map_msgs:/rmf_demos_ws/install/rmf_api_msgs:/rmf_demos_ws/install/pybind11_json_vendor:/rmf_demos_ws/install/nlohmann_json_schema_validator_vendor:/rmf_demos_ws/install/rmf_demos_fleet_adapter:/rmf_demos_ws/install/rmf_visualization_building_systems:/rmf_demos_ws/install/rmf_traffic_examples:/rmf_demos_ws/install/rmf_demos_bridges:/rmf_demos_ws/install/rmf_demos_tasks:/rmf_demos_ws/install/rmf_building_map_tools:/rmf_demos_ws/install/rmf_charging_schedule:/opt/ros/jazzy:/rmf_demos_ws/install/menge_vendor:/rmf_demos_ws/install/ament_cmake_catch2:/opt/ros/jazzy/opt/gz_sim_vendor:/opt/ros/jazzy/opt/gz_sensors_vendor:/opt/ros/jazzy/opt/gz_physics_vendor:/opt/ros/jazzy/opt/sdformat_vendor:/opt/ros/jazzy/opt/gz_gui_vendor:/opt/ros/jazzy/opt/gz_transport_vendor:/opt/ros/jazzy/opt/gz_rendering_vendor:/opt/ros/jazzy/opt/gz_plugin_vendor:/opt/ros/jazzy/opt/gz_fuel_tools_vendor:/opt/ros/jazzy/opt/gz_msgs_vendor:/opt/ros/jazzy/opt/gz_common_vendor:/opt/ros/jazzy/opt/gz_math_vendor:/opt/ros/jazzy/opt/gz_utils_vendor:/opt/ros/jazzy/opt/gz_tools_vendor:/opt/ros/jazzy/opt/gz_ogre_next_vendor:/opt/ros/jazzy/opt/gz_dartsim_vendor:/opt/ros/jazzy/opt/gz_cmake_vendor /usr/bin/cmake /TFG_ws/src/rmf_nayar -DCMAKE_INSTALL_PREFIX=/TFG_ws/install/rmf_nayar
[0.543s] -- The C compiler identification is GNU 13.3.0
[0.629s] -- The CXX compiler identification is GNU 13.3.0
[0.650s] -- Detecting C compiler ABI info
[0.789s] -- Detecting C compiler ABI info - done
[0.797s] -- Check for working C compiler: /usr/bin/cc - skipped
[0.797s] -- Detecting C compile features
[0.797s] -- Detecting C compile features - done
[0.810s] -- Detecting CXX compiler ABI info
[0.948s] -- Detecting CXX compiler ABI info - done
[0.956s] -- Check for working CXX compiler: /usr/bin/c++ - skipped
[0.956s] -- Detecting CXX compile features
[0.956s] -- Detecting CXX compile features - done
[0.969s] -- Found ament_cmake: 2.5.4 (/opt/ros/jazzy/share/ament_cmake/cmake)
[1.195s] -- Found Python3: /usr/bin/python3 (found version "3.12.3") found components: Interpreter 
[1.508s] [0mBUILDING WORLDFILE WITH COMMAND: ros2 run rmf_building_map_tools building_map_generator gazebo /TFG_ws/src/rmf_nayar/maps/nayar/nayar.building.yaml /TFG_ws/build/rmf_nayar/maps/nayar/nayar.world /TFG_ws/build/rmf_nayar/maps/nayar/models[0m
[1.508s] [0mDOWNLOADING MODELS WITH COMMAND: ros2 run rmf_building_map_tools building_map_model_downloader /TFG_ws/src/rmf_nayar/maps/nayar/nayar.building.yaml[0m
[1.508s] [0mBUILDING WORLDFILE WITH COMMAND: ros2 run rmf_building_map_tools building_map_generator gazebo /TFG_ws/src/rmf_nayar/maps/nayar/nayar3.building.yaml /TFG_ws/build/rmf_nayar/maps/nayar3/nayar3.world /TFG_ws/build/rmf_nayar/maps/nayar3/models[0m
[1.508s] [0mDOWNLOADING MODELS WITH COMMAND: ros2 run rmf_building_map_tools building_map_model_downloader /TFG_ws/src/rmf_nayar/maps/nayar/nayar3.building.yaml[0m
[1.508s] -- Configuring done (1.1s)
[1.516s] -- Generating done (0.0s)
[1.519s] -- Build files have been written to: /TFG_ws/build/rmf_nayar
[1.525s] Invoked command in '/TFG_ws/build/rmf_nayar' returned '0': CMAKE_PREFIX_PATH=/rmf_demos_ws/install/rmf_workcell_msgs:/rmf_demos_ws/install/rmf_demos_gz:/rmf_demos_ws/install/rmf_demos:/rmf_demos_ws/install/rmf_reservation_node:/rmf_demos_ws/install/rmf_fleet_adapter_python:/rmf_demos_ws/install/rmf_fleet_adapter:/rmf_demos_ws/install/rmf_task_ros2:/rmf_demos_ws/install/rmf_websocket:/rmf_demos_ws/install/rmf_visualization:/rmf_demos_ws/install/rmf_visualization_schedule:/rmf_demos_ws/install/rmf_visualization_rviz2_plugins:/rmf_demos_ws/install/rmf_visualization_obstacles:/rmf_demos_ws/install/rmf_visualization_navgraphs:/rmf_demos_ws/install/rmf_visualization_floorplans:/rmf_demos_ws/install/rmf_visualization_fleet_states:/rmf_demos_ws/install/rmf_visualization_msgs:/rmf_demos_ws/install/rmf_traffic_ros2:/rmf_demos_ws/install/rmf_task_sequence:/rmf_demos_ws/install/rmf_task:/rmf_demos_ws/install/rmf_battery:/rmf_demos_ws/install/rmf_traffic:/rmf_demos_ws/install/rmf_utils:/rmf_demos_ws/install/rmf_traffic_msgs:/rmf_demos_ws/install/rmf_traffic_editor_test_maps:/rmf_demos_ws/install/rmf_traffic_editor_assets:/rmf_demos_ws/install/rmf_traffic_editor:/rmf_demos_ws/install/rmf_task_msgs:/rmf_demos_ws/install/rmf_site_map_msgs:/rmf_demos_ws/install/rmf_scheduler_msgs:/rmf_demos_ws/install/rmf_robot_sim_gz_plugins:/rmf_demos_ws/install/rmf_robot_sim_common:/rmf_demos_ws/install/rmf_reservation_msgs:/rmf_demos_ws/install/rmf_obstacle_msgs:/rmf_demos_ws/install/rmf_building_sim_gz_plugins:/rmf_demos_ws/install/rmf_lift_msgs:/rmf_demos_ws/install/rmf_ingestor_msgs:/rmf_demos_ws/install/rmf_fleet_msgs:/rmf_demos_ws/install/rmf_door_msgs:/rmf_demos_ws/install/rmf_dispenser_msgs:/rmf_demos_ws/install/rmf_demos_maps:/rmf_demos_ws/install/rmf_demos_assets:/rmf_demos_ws/install/rmf_charger_msgs:/rmf_demos_ws/install/rmf_building_map_msgs:/rmf_demos_ws/install/rmf_api_msgs:/rmf_demos_ws/install/pybind11_json_vendor:/rmf_demos_ws/install/nlohmann_json_schema_validator_vendor:/rmf_demos_ws/install/rmf_demos_fleet_adapter:/rmf_demos_ws/install/rmf_visualization_building_systems:/rmf_demos_ws/install/rmf_traffic_examples:/rmf_demos_ws/install/rmf_demos_bridges:/rmf_demos_ws/install/rmf_demos_tasks:/rmf_demos_ws/install/rmf_building_map_tools:/rmf_demos_ws/install/rmf_charging_schedule:/opt/ros/jazzy:/rmf_demos_ws/install/menge_vendor:/rmf_demos_ws/install/ament_cmake_catch2:/opt/ros/jazzy/opt/gz_sim_vendor:/opt/ros/jazzy/opt/gz_sensors_vendor:/opt/ros/jazzy/opt/gz_physics_vendor:/opt/ros/jazzy/opt/sdformat_vendor:/opt/ros/jazzy/opt/gz_gui_vendor:/opt/ros/jazzy/opt/gz_transport_vendor:/opt/ros/jazzy/opt/gz_rendering_vendor:/opt/ros/jazzy/opt/gz_plugin_vendor:/opt/ros/jazzy/opt/gz_fuel_tools_vendor:/opt/ros/jazzy/opt/gz_msgs_vendor:/opt/ros/jazzy/opt/gz_common_vendor:/opt/ros/jazzy/opt/gz_math_vendor:/opt/ros/jazzy/opt/gz_utils_vendor:/opt/ros/jazzy/opt/gz_tools_vendor:/opt/ros/jazzy/opt/gz_ogre_next_vendor:/opt/ros/jazzy/opt/gz_dartsim_vendor:/opt/ros/jazzy/opt/gz_cmake_vendor /usr/bin/cmake /TFG_ws/src/rmf_nayar -DCMAKE_INSTALL_PREFIX=/TFG_ws/install/rmf_nayar
[1.526s] Invoking command in '/TFG_ws/build/rmf_nayar': CMAKE_PREFIX_PATH=/rmf_demos_ws/install/rmf_workcell_msgs:/rmf_demos_ws/install/rmf_demos_gz:/rmf_demos_ws/install/rmf_demos:/rmf_demos_ws/install/rmf_reservation_node:/rmf_demos_ws/install/rmf_fleet_adapter_python:/rmf_demos_ws/install/rmf_fleet_adapter:/rmf_demos_ws/install/rmf_task_ros2:/rmf_demos_ws/install/rmf_websocket:/rmf_demos_ws/install/rmf_visualization:/rmf_demos_ws/install/rmf_visualization_schedule:/rmf_demos_ws/install/rmf_visualization_rviz2_plugins:/rmf_demos_ws/install/rmf_visualization_obstacles:/rmf_demos_ws/install/rmf_visualization_navgraphs:/rmf_demos_ws/install/rmf_visualization_floorplans:/rmf_demos_ws/install/rmf_visualization_fleet_states:/rmf_demos_ws/install/rmf_visualization_msgs:/rmf_demos_ws/install/rmf_traffic_ros2:/rmf_demos_ws/install/rmf_task_sequence:/rmf_demos_ws/install/rmf_task:/rmf_demos_ws/install/rmf_battery:/rmf_demos_ws/install/rmf_traffic:/rmf_demos_ws/install/rmf_utils:/rmf_demos_ws/install/rmf_traffic_msgs:/rmf_demos_ws/install/rmf_traffic_editor_test_maps:/rmf_demos_ws/install/rmf_traffic_editor_assets:/rmf_demos_ws/install/rmf_traffic_editor:/rmf_demos_ws/install/rmf_task_msgs:/rmf_demos_ws/install/rmf_site_map_msgs:/rmf_demos_ws/install/rmf_scheduler_msgs:/rmf_demos_ws/install/rmf_robot_sim_gz_plugins:/rmf_demos_ws/install/rmf_robot_sim_common:/rmf_demos_ws/install/rmf_reservation_msgs:/rmf_demos_ws/install/rmf_obstacle_msgs:/rmf_demos_ws/install/rmf_building_sim_gz_plugins:/rmf_demos_ws/install/rmf_lift_msgs:/rmf_demos_ws/install/rmf_ingestor_msgs:/rmf_demos_ws/install/rmf_fleet_msgs:/rmf_demos_ws/install/rmf_door_msgs:/rmf_demos_ws/install/rmf_dispenser_msgs:/rmf_demos_ws/install/rmf_demos_maps:/rmf_demos_ws/install/rmf_demos_assets:/rmf_demos_ws/install/rmf_charger_msgs:/rmf_demos_ws/install/rmf_building_map_msgs:/rmf_demos_ws/install/rmf_api_msgs:/rmf_demos_ws/install/pybind11_json_vendor:/rmf_demos_ws/install/nlohmann_json_schema_validator_vendor:/rmf_demos_ws/install/rmf_demos_fleet_adapter:/rmf_demos_ws/install/rmf_visualization_building_systems:/rmf_demos_ws/install/rmf_traffic_examples:/rmf_demos_ws/install/rmf_demos_bridges:/rmf_demos_ws/install/rmf_demos_tasks:/rmf_demos_ws/install/rmf_building_map_tools:/rmf_demos_ws/install/rmf_charging_schedule:/opt/ros/jazzy:/rmf_demos_ws/install/menge_vendor:/rmf_demos_ws/install/ament_cmake_catch2:/opt/ros/jazzy/opt/gz_sim_vendor:/opt/ros/jazzy/opt/gz_sensors_vendor:/opt/ros/jazzy/opt/gz_physics_vendor:/opt/ros/jazzy/opt/sdformat_vendor:/opt/ros/jazzy/opt/gz_gui_vendor:/opt/ros/jazzy/opt/gz_transport_vendor:/opt/ros/jazzy/opt/gz_rendering_vendor:/opt/ros/jazzy/opt/gz_plugin_vendor:/opt/ros/jazzy/opt/gz_fuel_tools_vendor:/opt/ros/jazzy/opt/gz_msgs_vendor:/opt/ros/jazzy/opt/gz_common_vendor:/opt/ros/jazzy/opt/gz_math_vendor:/opt/ros/jazzy/opt/gz_utils_vendor:/opt/ros/jazzy/opt/gz_tools_vendor:/opt/ros/jazzy/opt/gz_ogre_next_vendor:/opt/ros/jazzy/opt/gz_dartsim_vendor:/opt/ros/jazzy/opt/gz_cmake_vendor /usr/bin/cmake --build /TFG_ws/build/rmf_nayar -- -j6 -l6
[1.612s] [ 50%] [34m[1mGenerating maps/nayar/nav_graphs/phony[0m
[1.612s] [ 50%] [34m[1mGenerating maps/nayar3/nav_graphs/phony[0m
[1.613s] [ 50%] [34m[1mGenerating maps/nayar3/nayar3.world[0m
[1.613s] [ 66%] [34m[1mGenerating maps/nayar/nayar.world[0m
[2.091s] generating /TFG_ws/build/rmf_nayar/maps/nayar3/nayar3.world from /TFG_ws/src/rmf_nayar/maps/nayar/nayar3.building.yaml
[2.092s] generating /TFG_ws/build/rmf_nayar/maps/nayar/nayar.world from /TFG_ws/src/rmf_nayar/maps/nayar/nayar.building.yaml
[2.104s] building name: nayar
[2.104s] coordinate system: reference_image
[2.104s] parsing level Planta0
[2.104s] parsing level Sotano
[2.105s] calculating levels relative to Planta0
[2.105s] level Planta0 scale: 0.05532403805177346
[2.105s] calculating level Sotano offset and scale...
[2.105s]   0 common fiducials:
[2.105s] Transform.set_from_fiducials()
[2.105s]   0 fiducial pairs:
[2.105s] Bearings:
[2.105s] []
[2.105s] building name: nayar
[2.105s] coordinate system: reference_image
[2.105s] parsing level Planta0
[2.106s] parsing level Sotano
[2.106s] calculating levels relative to Planta0
[2.106s] level Planta0 scale: 0.05532403805177346
[2.106s] calculating level Sotano offset and scale...
[2.106s]   0 common fiducials:
[2.106s] Transform.set_from_fiducials()
[2.106s]   0 fiducial pairs:
[2.106s] Bearings:
[2.106s] []
[2.106s] generating model of level Planta0 in /TFG_ws/build/rmf_nayar/maps/nayar3/models/nayar_Planta0
[2.106s]   wrote /TFG_ws/build/rmf_nayar/maps/nayar3/models/nayar_Planta0/model.config
[2.106s] generating floor polygon 1 on floor nayar_Planta0
[2.107s] hole vertices: []
[2.107s] lift vertices: {}
[2.107s] generating nav data
[2.107s] [[0, 3, 2], [0, 2, 1]]
[2.111s]   wrote /TFG_ws/build/rmf_nayar/maps/nayar3/models/nayar_Planta0/meshes/floor_1.obj
[2.111s]   wrote /TFG_ws/build/rmf_nayar/maps/nayar3/models/nayar_Planta0/meshes/blue_linoleum.png
[2.111s]   wrote /TFG_ws/build/rmf_nayar/maps/nayar3/models/nayar_Planta0/meshes/floor_1.mtl
[2.111s] Walls Generation, wall params list: [{'alpha': <building_map.param_value.ParamValue object at 0x72399fcdcb30>, 'texture_height': <building_map.param_value.ParamValue object at 0x72399fcdcb60>, 'texture_name': <building_map.param_value.ParamValue object at 0x72399fcdcb90>, 'texture_scale': <building_map.param_value.ParamValue object at 0x72399fcdcbc0>, 'texture_width': <building_map.param_value.ParamValue object at 0x72399fcdcbf0>}]
[2.111s] generating wall: 1 on floor: nayar_Planta0
[2.111s]   wrote /TFG_ws/build/rmf_nayar/maps/nayar3/models/nayar_Planta0/meshes/default.png
[2.111s] generate_wall_visual_mesh(nayar_Planta0, /TFG_ws/build/rmf_nayar/maps/nayar3/models/nayar_Planta0)
[2.111s]   generating /TFG_ws/build/rmf_nayar/maps/nayar3/models/nayar_Planta0/meshes/wall_1.obj
[2.115s]   generating /TFG_ws/build/rmf_nayar/maps/nayar3/models/nayar_Planta0/meshes/wall_1.mtl
[2.115s]   wrote /TFG_ws/build/rmf_nayar/maps/nayar3/models/nayar_Planta0/model.sdf
[2.116s] generating model of level Sotano in /TFG_ws/build/rmf_nayar/maps/nayar3/models/nayar_Sotano
[2.116s]   wrote /TFG_ws/build/rmf_nayar/maps/nayar3/models/nayar_Sotano/model.config
[2.116s] generating floor polygon 1 on floor nayar_Sotano
[2.116s] hole vertices: []
[2.116s] lift vertices: {}
[2.117s] [[0, 3, 2], [0, 2, 1]]
[2.117s]   wrote /TFG_ws/build/rmf_nayar/maps/nayar3/models/nayar_Sotano/meshes/floor_1.obj
[2.118s]   wrote /TFG_ws/build/rmf_nayar/maps/nayar3/models/nayar_Sotano/meshes/blue_linoleum.png
[2.118s]   wrote /TFG_ws/build/rmf_nayar/maps/nayar3/models/nayar_Sotano/meshes/floor_1.mtl
[2.118s] Walls Generation, wall params list: [{'alpha': <building_map.param_value.ParamValue object at 0x72399fd21d30>, 'texture_height': <building_map.param_value.ParamValue object at 0x72399fd21d90>, 'texture_name': <building_map.param_value.ParamValue object at 0x72399fd21dc0>, 'texture_scale': <building_map.param_value.ParamValue object at 0x72399fd21df0>, 'texture_width': <building_map.param_value.ParamValue object at 0x72399fd21e20>}]
[2.118s] generating wall: 1 on floor: nayar_Sotano
[2.119s]   wrote /TFG_ws/build/rmf_nayar/maps/nayar3/models/nayar_Sotano/meshes/default.png
[2.119s] generate_wall_visual_mesh(nayar_Sotano, /TFG_ws/build/rmf_nayar/maps/nayar3/models/nayar_Sotano)
[2.119s]   generating /TFG_ws/build/rmf_nayar/maps/nayar3/models/nayar_Sotano/meshes/wall_1.obj
[2.119s]   generating /TFG_ws/build/rmf_nayar/maps/nayar3/models/nayar_Sotano/meshes/wall_1.mtl
[2.120s]   wrote /TFG_ws/build/rmf_nayar/maps/nayar3/models/nayar_Sotano/model.sdf
[2.120s] generate door name=entrada_principal type=double_hinged
[2.121s] Door(entrada_principal)
[2.121s] generate door name=puerta_peque type=hinged
[2.121s] Door(puerta_peque)
[2.121s] generate door name=garaje type=double_hinged
[2.121s] Door(garaje)
[2.122s] 20729 bytes written to /TFG_ws/build/rmf_nayar/maps/nayar3/nayar3.world
[2.135s] building name: nayar2
[2.135s] coordinate system: reference_image
[2.136s] parsing level planta0
[2.136s] building name: nayar2
[2.136s] parsing level planta1
[2.136s] coordinate system: reference_image
[2.136s] parsing level planta0
[2.136s] calculating levels relative to planta0
[2.136s] level planta0 scale: 0.07742772056183925
[2.136s] calculating level planta1 offset and scale...
[2.137s]   2 common fiducials:
[2.137s] Transform.set_from_fiducials()
[2.137s]   2 fiducial pairs:
[2.137s]     (475.69, -339.15) -> (475.8, -338.93)   punto1
[2.137s]     (119.09, -199.13) -> (119.04, -198.96)   esquina_sup
[2.137s]     calc dist punto1 <=> esquina_sup
[2.137s] Bearings:
[2.137s] [(2.767441424789273, 2.7677014056626033)]
[2.137s]   0.0002599808733303455
[2.137s]   Circular mean: -0.0002599808733303455
[2.137s] Distances:
[2.137s] [(383.1016756593476, 383.23231116386836)]
[2.137s] mean relative scale: 1.0003409943438537
[2.137s] translation: (0.011249, -0.016793)
[2.138s] parsing level planta1
[2.138s] calculating levels relative to planta0
[2.138s] level planta0 scale: 0.07742772056183925
[2.138s] calculating level planta1 offset and scale...
[2.138s]   2 common fiducials:
[2.138s] Transform.set_from_fiducials()
[2.138s]   2 fiducial pairs:
[2.138s]     (475.69, -339.15) -> (475.8, -338.93)   punto1
[2.138s]     (119.09, -199.13) -> (119.04, -198.96)   esquina_sup
[2.139s]     calc dist punto1 <=> esquina_sup
[2.139s] Bearings:
[2.139s] [(2.767441424789273, 2.7677014056626033)]
[2.139s]   0.0002599808733303455
[2.139s]   Circular mean: -0.0002599808733303455
[2.139s] Distances:
[2.139s] [(383.1016756593476, 383.23231116386836)]
[2.139s] mean relative scale: 1.0003409943438537
[2.139s] translation: (0.011249, -0.016793)
[2.139s] parsing lift lift1
[2.139s] generating model of level planta0 in /TFG_ws/build/rmf_nayar/maps/nayar/models/nayar2_planta0
[2.139s]   wrote /TFG_ws/build/rmf_nayar/maps/nayar/models/nayar2_planta0/model.config
[2.139s] parsing lift lift1
[2.140s] generating floor polygon 1 on floor nayar2_planta0
[2.140s] hole vertices: []
[2.140s] lift vertices: {'lift1': [(18.001256229020964, -16.089033706738554), (15.301263933774127, -16.08258346583539), (15.292663612569914, -19.68257319283118), (17.99265590781675, -19.68902343373434)]}
[2.140s] generating nav data
[2.143s] [[0, 3, 4], [0, 4, 5], [0, 5, 6], [0, 6, 1], [1, 6, 7], [1, 7, 2], [2, 7, 3], [3, 7, 4]]
[2.143s]   wrote /TFG_ws/build/rmf_nayar/maps/nayar/models/nayar2_planta0/meshes/floor_1.obj
[2.144s]   wrote /TFG_ws/build/rmf_nayar/maps/nayar/models/nayar2_planta0/meshes/blue_linoleum.png
[2.145s]   wrote /TFG_ws/build/rmf_nayar/maps/nayar/models/nayar2_planta0/meshes/floor_1.mtl
[2.145s] Walls Generation, wall params list: [{'alpha': <building_map.param_value.ParamValue object at 0x78de47eb4bf0>, 'texture_height': <building_map.param_value.ParamValue object at 0x78de47eb4c50>, 'texture_name': <building_map.param_value.ParamValue object at 0x78de47eb4c20>, 'texture_scale': <building_map.param_value.ParamValue object at 0x78de47eb4cb0>, 'texture_width': <building_map.param_value.ParamValue object at 0x78de47eb4ce0>}]
[2.145s] generating wall: 1 on floor: nayar2_planta0
[2.146s]   wrote /TFG_ws/build/rmf_nayar/maps/nayar/models/nayar2_planta0/meshes/default.png
[2.146s] generate_wall_visual_mesh(nayar2_planta0, /TFG_ws/build/rmf_nayar/maps/nayar/models/nayar2_planta0)
[2.146s]   generating /TFG_ws/build/rmf_nayar/maps/nayar/models/nayar2_planta0/meshes/wall_1.obj
[2.151s]   generating /TFG_ws/build/rmf_nayar/maps/nayar/models/nayar2_planta0/meshes/wall_1.mtl
[2.152s]   wrote /TFG_ws/build/rmf_nayar/maps/nayar/models/nayar2_planta0/model.sdf
[2.152s] generating model of level planta1 in /TFG_ws/build/rmf_nayar/maps/nayar/models/nayar2_planta1
[2.152s]   wrote /TFG_ws/build/rmf_nayar/maps/nayar/models/nayar2_planta1/model.config
[2.152s] generating floor polygon 1 on floor nayar2_planta1
[2.153s] hole vertices: [[(3.0009135219918917, -14.161966864010905), (9.323965335582713, -15.420608331929321), (8.759010878131047, -16.91748057351616), (7.977846778074719, -19.414166982606584), (6.5018997264262355, -23.80723754459366), (5.634875994542107, -26.68456137159524), (4.061410003808941, -31.349440050649942), (2.994201399710574, -39.9797204706962)], [(4.061410003808941, -31.349440050649942), (5.099108335872551, -32.91995060927369), (7.620449866899286, -36.518684325217755), (8.638504602297845, -38.026339897114525), (2.994201399710574, -39.9797204706962)], [(2.994201399710574, -39.9797204706962), (8.638504602297845, -38.026339897114525), (16.250770369144647, -38.027157920714764), (36.79757117657326, -38.03249969605317), (36.79754046908218, -38.15061411728793), (38.69913621016705, -38.15110849582056), (38.69910324891516, -38.27789186540282), (48.59563660348658, -38.28046477484525), (50.20645512009122, -39.99199475392686)], [(3.0009135219918917, -14.161966864010905), (9.323965335582713, -15.420608331929321), (48.18740258671972, -15.430712082514127), (50.21316724237254, -14.174241147241563)], [(50.21316724237254, -14.174241147241563), (50.20645512009122, -39.99199475392686), (48.59563660348658, -38.28046477484525), (48.59725007487719, -32.07434917260146), (48.38594445890675, -32.07429423718164), (48.3880303145392, -24.051182541565687), (48.185161442942686, -24.051129799538092), (48.18664381387172, -18.349283826615682), (48.18740258671972, -15.430712082514127)]]
[2.153s] lift vertices: {'lift1': [(18.001256229020964, -16.089033706738554), (15.301263933774127, -16.08258346583539), (15.292663612569914, -19.68257319283118), (17.99265590781675, -19.68902343373434)]}
[2.180s] [[4, 5, 6], [4, 6, 7], [4, 7, 8], [8, 7, 9], [10, 11, 12], [10, 12, 13], [10, 13, 14], [15, 16, 17], [18, 17, 19], [18, 19, 20], [21, 19, 22], [21, 22, 23], [5, 23, 22], [5, 22, 6], [7, 24, 9], [9, 24, 25], [26, 25, 12], [12, 25, 13], [13, 25, 27], [13, 27, 28], [16, 27, 24], [16, 24, 22], [16, 22, 19], [16, 19, 17], [24, 27, 25]]
[2.182s]   wrote /TFG_ws/build/rmf_nayar/maps/nayar/models/nayar2_planta1/meshes/floor_1.obj
[2.183s]   wrote /TFG_ws/build/rmf_nayar/maps/nayar/models/nayar2_planta1/meshes/blue_linoleum.png
[2.183s]   wrote /TFG_ws/build/rmf_nayar/maps/nayar/models/nayar2_planta1/meshes/floor_1.mtl
[2.183s] Walls Generation, wall params list: [{'alpha': <building_map.param_value.ParamValue object at 0x78de47f101a0>, 'texture_height': <building_map.param_value.ParamValue object at 0x78de47f101d0>, 'texture_name': <building_map.param_value.ParamValue object at 0x78de47f10200>, 'texture_scale': <building_map.param_value.ParamValue object at 0x78de47f10230>, 'texture_width': <building_map.param_value.ParamValue object at 0x78de47f10260>}]
[2.183s] generating wall: 1 on floor: nayar2_planta1
[2.184s]   wrote /TFG_ws/build/rmf_nayar/maps/nayar/models/nayar2_planta1/meshes/default.png
[2.184s] generate_wall_visual_mesh(nayar2_planta1, /TFG_ws/build/rmf_nayar/maps/nayar/models/nayar2_planta1)
[2.184s]   generating /TFG_ws/build/rmf_nayar/maps/nayar/models/nayar2_planta1/meshes/wall_1.obj
[2.186s]   generating /TFG_ws/build/rmf_nayar/maps/nayar/models/nayar2_planta1/meshes/wall_1.mtl
[2.186s]   wrote /TFG_ws/build/rmf_nayar/maps/nayar/models/nayar2_planta1/model.sdf
[2.187s] generate door name=entrada_empleados type=hinged
[2.187s] Door(entrada_empleados)
[2.188s] generate door name=entrada_principal type=double_hinged
[2.188s] Door(entrada_principal)
[2.188s] generate door name=garaje type=double_hinged
[2.188s] Door(garaje)
[2.188s] generate door name=baños type=hinged
[2.188s] Door(baños)
[2.188s] generate door name=sala_reuniones type=hinged
[2.188s] Door(sala_reuniones)
[2.190s] 47945 bytes written to /TFG_ws/build/rmf_nayar/maps/nayar/nayar.world
[2.198s] [ 66%] Built target generate_nayar3_nav_graphs
[2.231s] [ 66%] Built target generate_nayar_nav_graphs
[2.658s] building name: nayar
[2.658s] coordinate system: reference_image
[2.658s] parsing level Planta0
[2.659s] parsing level Sotano
[2.659s] calculating levels relative to Planta0
[2.659s] level Planta0 scale: 0.05532403805177346
[2.659s] calculating level Sotano offset and scale...
[2.659s]   0 common fiducials:
[2.659s] Transform.set_from_fiducials()
[2.660s]   0 fiducial pairs:
[2.660s] Bearings:
[2.660s] []
[2.743s] building name: nayar2
[2.744s] coordinate system: reference_image
[2.744s] parsing level planta0
[2.744s] parsing level planta1
[2.744s] calculating levels relative to planta0
[2.744s] level planta0 scale: 0.07742772056183925
[2.744s] calculating level planta1 offset and scale...
[2.744s]   2 common fiducials:
[2.744s] Transform.set_from_fiducials()
[2.744s]   2 fiducial pairs:
[2.744s]     (475.69, -339.15) -> (475.8, -338.93)   punto1
[2.745s]     (119.09, -199.13) -> (119.04, -198.96)   esquina_sup
[2.745s]     calc dist punto1 <=> esquina_sup
[2.745s] Bearings:
[2.745s] [(2.767441424789273, 2.7677014056626033)]
[2.745s]   0.0002599808733303455
[2.745s]   Circular mean: -0.0002599808733303455
[2.745s] Distances:
[2.745s] [(383.1016756593476, 383.23231116386836)]
[2.745s] mean relative scale: 1.0003409943438537
[2.745s] translation: (0.011249, -0.016793)
[2.746s] parsing lift lift1
[2.747s] Models: [] are used in crowd_sim
[2.747s] Cache directory does not exist! Creating it: /home/usuario/.pit_crew
[2.747s] Cache not found! Rebuilding cache...
[2.747s] Topping up Fuel (updating cache) from: https://fuel.gazebosim.org/1.0/models
[2.747s] Fetching page: 1
[2.866s] Models: [] are used in crowd_sim
[2.866s] Cache not found! Rebuilding cache...
[2.866s] Topping up Fuel (updating cache) from: https://fuel.gazebosim.org/1.0/models
[2.866s] Fetching page: 1
[3.417s] Fetching page: 2
[3.419s] Fetching page: 2
[4.520s] Fetching page: 3
[4.521s] Fetching page: 3
[5.488s] Fetching page: 4
[5.488s] Fetching page: 4
[6.475s] Fetching page: 5
[6.482s] Fetching page: 5
[7.445s] Fetching page: 6
[7.453s] Fetching page: 6
[8.417s] Fetching page: 7
[8.417s] Fetching page: 7
[9.196s] Fetching page: 8
[9.202s] Fetching page: 8
[9.978s] Fetching page: 9
[9.979s] Fetching page: 9
[10.673s] Fetching page: 10
[10.681s] Fetching page: 10
[11.336s] Fetching page: 11
[11.343s] Fetching page: 11
[11.937s] Fetching page: 12
[11.939s] Fetching page: 12
[12.820s] Fetching page: 13
[12.821s] Fetching page: 13
[13.777s] Fetching page: 14
[13.786s] Fetching page: 14
[14.736s] Fetching page: 15
[14.737s] Fetching page: 15
[15.744s] Fetching page: 16
[15.744s] Fetching page: 16
[16.719s] Fetching page: 17
[16.727s] Fetching page: 17
[17.661s] Fetching page: 18
[17.667s] Fetching page: 18
[18.659s] Fetching page: 19
[18.660s] Fetching page: 19
[19.697s] Fetching page: 20
[19.697s] Fetching page: 20
[20.664s] Fetching page: 21
[20.665s] Fetching page: 21
[21.617s] Fetching page: 22
[21.627s] Fetching page: 22
[22.396s] Fetching page: 23
[22.397s] Fetching page: 23
[22.938s] Fetching page: 24
[22.939s] Fetching page: 24
[23.466s] Fetching page: 25
[23.483s] Fetching page: 25
[24.176s] Fetching page: 26
[24.184s] Fetching page: 26
[25.004s] Fetching page: 27
[25.005s] Fetching page: 27
[25.659s] Fetching page: 28
[25.663s] Fetching page: 28
[26.469s] Fetching page: 29
[26.472s] Fetching page: 29
[27.104s] Fetching page: 30
[27.105s] Fetching page: 30
[27.707s] Fetching page: 31
[27.708s] Fetching page: 31
[28.173s] Fetching page: 32
[28.173s] Fetching page: 32
[28.568s] Writing to cache: /home/usuario/.pit_crew/model_cache.json
[28.592s] Writing to cache: /home/usuario/.pit_crew/model_cache.json
[28.610s] New models cached: 3019
[28.610s] 
[28.611s] WARNING::pit_crew.get_local_model_name_tuples():276: No local model path given! Using default ~/.gazebo/models/ instead!
[28.619s] WARNING::pit_crew.get_missing_models():224: Model AdjTable in local model directory is not by the requested author OpenRobotics!
[28.619s] WARNING::pit_crew.get_missing_models():224: Model WhiteCabinet in local model directory is not by the requested author OpenRobotics!
[28.620s] 
[28.620s] == REQUESTED MODEL REPORT ==
[28.620s] {'available': [('AdjTable', ['/home/usuario/.gazebo/models/AdjTable/']),
[28.621s]                ('WhiteCabinet',
[28.621s]                 ['/home/usuario/.gazebo/models/WhiteCabinet/'])],
[28.621s]  'downloadable': [],
[28.621s]  'missing': []}
[28.621s] 
[28.621s] == THE FOLLOWING MODELS HAVE SPECIFIED AUTHORS ==
[28.621s] {'adjtable': 'openrobotics', 'whitecabinet': 'openrobotics'}
[28.621s] 
[28.621s] WARNING::building_map_model_downloader.export_downloaded_model():85: /home/usuario/.gazebo/models/AdjTable already exists, skipping...
[28.621s] WARNING::building_map_model_downloader.export_downloaded_model():85: /home/usuario/.gazebo/models/WhiteCabinet already exists, skipping...
[28.631s] New models cached: 3019
[28.631s] 
[28.633s] WARNING::pit_crew.get_local_model_name_tuples():276: No local model path given! Using default ~/.gazebo/models/ instead!
[28.641s] 
[28.641s] == REQUESTED MODEL REPORT ==
[28.641s] {'available': [], 'downloadable': [], 'missing': []}
[28.641s] 
[28.642s] == THE FOLLOWING MODELS HAVE SPECIFIED AUTHORS ==
[28.642s] {}
[28.642s] 
[28.695s] [ 83%] [34m[1mGenerating nayar_crowdsim[0m
[28.716s] [100%] [34m[1mGenerating nayar3_crowdsim[0m
[29.142s] Creating output folder path:  /TFG_ws/build/rmf_nayar/maps/nayar/config_resource/
[29.158s] Creating output folder path:  /TFG_ws/build/rmf_nayar/maps/nayar3/config_resource/
[29.232s] crowdsim unable to parse, not attempting to proceed
[29.277s] crowdsim unable to parse, not attempting to proceed
[29.316s] crowdsim unable to parse, not attempting to proceed
[29.379s] [100%] Built target generate_nayar3_crowdsim
[29.397s] crowdsim unable to parse, not attempting to proceed
[29.461s] [100%] Built target generate_nayar_crowdsim
[29.479s] Invoked command in '/TFG_ws/build/rmf_nayar' returned '0': CMAKE_PREFIX_PATH=/rmf_demos_ws/install/rmf_workcell_msgs:/rmf_demos_ws/install/rmf_demos_gz:/rmf_demos_ws/install/rmf_demos:/rmf_demos_ws/install/rmf_reservation_node:/rmf_demos_ws/install/rmf_fleet_adapter_python:/rmf_demos_ws/install/rmf_fleet_adapter:/rmf_demos_ws/install/rmf_task_ros2:/rmf_demos_ws/install/rmf_websocket:/rmf_demos_ws/install/rmf_visualization:/rmf_demos_ws/install/rmf_visualization_schedule:/rmf_demos_ws/install/rmf_visualization_rviz2_plugins:/rmf_demos_ws/install/rmf_visualization_obstacles:/rmf_demos_ws/install/rmf_visualization_navgraphs:/rmf_demos_ws/install/rmf_visualization_floorplans:/rmf_demos_ws/install/rmf_visualization_fleet_states:/rmf_demos_ws/install/rmf_visualization_msgs:/rmf_demos_ws/install/rmf_traffic_ros2:/rmf_demos_ws/install/rmf_task_sequence:/rmf_demos_ws/install/rmf_task:/rmf_demos_ws/install/rmf_battery:/rmf_demos_ws/install/rmf_traffic:/rmf_demos_ws/install/rmf_utils:/rmf_demos_ws/install/rmf_traffic_msgs:/rmf_demos_ws/install/rmf_traffic_editor_test_maps:/rmf_demos_ws/install/rmf_traffic_editor_assets:/rmf_demos_ws/install/rmf_traffic_editor:/rmf_demos_ws/install/rmf_task_msgs:/rmf_demos_ws/install/rmf_site_map_msgs:/rmf_demos_ws/install/rmf_scheduler_msgs:/rmf_demos_ws/install/rmf_robot_sim_gz_plugins:/rmf_demos_ws/install/rmf_robot_sim_common:/rmf_demos_ws/install/rmf_reservation_msgs:/rmf_demos_ws/install/rmf_obstacle_msgs:/rmf_demos_ws/install/rmf_building_sim_gz_plugins:/rmf_demos_ws/install/rmf_lift_msgs:/rmf_demos_ws/install/rmf_ingestor_msgs:/rmf_demos_ws/install/rmf_fleet_msgs:/rmf_demos_ws/install/rmf_door_msgs:/rmf_demos_ws/install/rmf_dispenser_msgs:/rmf_demos_ws/install/rmf_demos_maps:/rmf_demos_ws/install/rmf_demos_assets:/rmf_demos_ws/install/rmf_charger_msgs:/rmf_demos_ws/install/rmf_building_map_msgs:/rmf_demos_ws/install/rmf_api_msgs:/rmf_demos_ws/install/pybind11_json_vendor:/rmf_demos_ws/install/nlohmann_json_schema_validator_vendor:/rmf_demos_ws/install/rmf_demos_fleet_adapter:/rmf_demos_ws/install/rmf_visualization_building_systems:/rmf_demos_ws/install/rmf_traffic_examples:/rmf_demos_ws/install/rmf_demos_bridges:/rmf_demos_ws/install/rmf_demos_tasks:/rmf_demos_ws/install/rmf_building_map_tools:/rmf_demos_ws/install/rmf_charging_schedule:/opt/ros/jazzy:/rmf_demos_ws/install/menge_vendor:/rmf_demos_ws/install/ament_cmake_catch2:/opt/ros/jazzy/opt/gz_sim_vendor:/opt/ros/jazzy/opt/gz_sensors_vendor:/opt/ros/jazzy/opt/gz_physics_vendor:/opt/ros/jazzy/opt/sdformat_vendor:/opt/ros/jazzy/opt/gz_gui_vendor:/opt/ros/jazzy/opt/gz_transport_vendor:/opt/ros/jazzy/opt/gz_rendering_vendor:/opt/ros/jazzy/opt/gz_plugin_vendor:/opt/ros/jazzy/opt/gz_fuel_tools_vendor:/opt/ros/jazzy/opt/gz_msgs_vendor:/opt/ros/jazzy/opt/gz_common_vendor:/opt/ros/jazzy/opt/gz_math_vendor:/opt/ros/jazzy/opt/gz_utils_vendor:/opt/ros/jazzy/opt/gz_tools_vendor:/opt/ros/jazzy/opt/gz_ogre_next_vendor:/opt/ros/jazzy/opt/gz_dartsim_vendor:/opt/ros/jazzy/opt/gz_cmake_vendor /usr/bin/cmake --build /TFG_ws/build/rmf_nayar -- -j6 -l6
[29.495s] Invoking command in '/TFG_ws/build/rmf_nayar': CMAKE_PREFIX_PATH=/rmf_demos_ws/install/rmf_workcell_msgs:/rmf_demos_ws/install/rmf_demos_gz:/rmf_demos_ws/install/rmf_demos:/rmf_demos_ws/install/rmf_reservation_node:/rmf_demos_ws/install/rmf_fleet_adapter_python:/rmf_demos_ws/install/rmf_fleet_adapter:/rmf_demos_ws/install/rmf_task_ros2:/rmf_demos_ws/install/rmf_websocket:/rmf_demos_ws/install/rmf_visualization:/rmf_demos_ws/install/rmf_visualization_schedule:/rmf_demos_ws/install/rmf_visualization_rviz2_plugins:/rmf_demos_ws/install/rmf_visualization_obstacles:/rmf_demos_ws/install/rmf_visualization_navgraphs:/rmf_demos_ws/install/rmf_visualization_floorplans:/rmf_demos_ws/install/rmf_visualization_fleet_states:/rmf_demos_ws/install/rmf_visualization_msgs:/rmf_demos_ws/install/rmf_traffic_ros2:/rmf_demos_ws/install/rmf_task_sequence:/rmf_demos_ws/install/rmf_task:/rmf_demos_ws/install/rmf_battery:/rmf_demos_ws/install/rmf_traffic:/rmf_demos_ws/install/rmf_utils:/rmf_demos_ws/install/rmf_traffic_msgs:/rmf_demos_ws/install/rmf_traffic_editor_test_maps:/rmf_demos_ws/install/rmf_traffic_editor_assets:/rmf_demos_ws/install/rmf_traffic_editor:/rmf_demos_ws/install/rmf_task_msgs:/rmf_demos_ws/install/rmf_site_map_msgs:/rmf_demos_ws/install/rmf_scheduler_msgs:/rmf_demos_ws/install/rmf_robot_sim_gz_plugins:/rmf_demos_ws/install/rmf_robot_sim_common:/rmf_demos_ws/install/rmf_reservation_msgs:/rmf_demos_ws/install/rmf_obstacle_msgs:/rmf_demos_ws/install/rmf_building_sim_gz_plugins:/rmf_demos_ws/install/rmf_lift_msgs:/rmf_demos_ws/install/rmf_ingestor_msgs:/rmf_demos_ws/install/rmf_fleet_msgs:/rmf_demos_ws/install/rmf_door_msgs:/rmf_demos_ws/install/rmf_dispenser_msgs:/rmf_demos_ws/install/rmf_demos_maps:/rmf_demos_ws/install/rmf_demos_assets:/rmf_demos_ws/install/rmf_charger_msgs:/rmf_demos_ws/install/rmf_building_map_msgs:/rmf_demos_ws/install/rmf_api_msgs:/rmf_demos_ws/install/pybind11_json_vendor:/rmf_demos_ws/install/nlohmann_json_schema_validator_vendor:/rmf_demos_ws/install/rmf_demos_fleet_adapter:/rmf_demos_ws/install/rmf_visualization_building_systems:/rmf_demos_ws/install/rmf_traffic_examples:/rmf_demos_ws/install/rmf_demos_bridges:/rmf_demos_ws/install/rmf_demos_tasks:/rmf_demos_ws/install/rmf_building_map_tools:/rmf_demos_ws/install/rmf_charging_schedule:/opt/ros/jazzy:/rmf_demos_ws/install/menge_vendor:/rmf_demos_ws/install/ament_cmake_catch2:/opt/ros/jazzy/opt/gz_sim_vendor:/opt/ros/jazzy/opt/gz_sensors_vendor:/opt/ros/jazzy/opt/gz_physics_vendor:/opt/ros/jazzy/opt/sdformat_vendor:/opt/ros/jazzy/opt/gz_gui_vendor:/opt/ros/jazzy/opt/gz_transport_vendor:/opt/ros/jazzy/opt/gz_rendering_vendor:/opt/ros/jazzy/opt/gz_plugin_vendor:/opt/ros/jazzy/opt/gz_fuel_tools_vendor:/opt/ros/jazzy/opt/gz_msgs_vendor:/opt/ros/jazzy/opt/gz_common_vendor:/opt/ros/jazzy/opt/gz_math_vendor:/opt/ros/jazzy/opt/gz_utils_vendor:/opt/ros/jazzy/opt/gz_tools_vendor:/opt/ros/jazzy/opt/gz_ogre_next_vendor:/opt/ros/jazzy/opt/gz_dartsim_vendor:/opt/ros/jazzy/opt/gz_cmake_vendor /usr/bin/cmake --install /TFG_ws/build/rmf_nayar
[29.509s] -- Install configuration: ""
[29.509s] -- Installing: /TFG_ws/install/rmf_nayar/share/rmf_nayar/maps
[29.509s] -- Installing: /TFG_ws/install/rmf_nayar/share/rmf_nayar/maps/nayar
[29.509s] -- Installing: /TFG_ws/install/rmf_nayar/share/rmf_nayar/maps/nayar/nayar.building.yaml
[29.510s] -- Installing: /TFG_ws/install/rmf_nayar/share/rmf_nayar/maps/nayar/planta4.png
[29.511s] -- Installing: /TFG_ws/install/rmf_nayar/share/rmf_nayar/maps/nayar/planta0.png
[29.511s] -- Installing: /TFG_ws/install/rmf_nayar/share/rmf_nayar/maps/nayar/planta3.png
[29.511s] -- Installing: /TFG_ws/install/rmf_nayar/share/rmf_nayar/maps/nayar/sotano.png
[29.512s] -- Installing: /TFG_ws/install/rmf_nayar/share/rmf_nayar/maps/nayar/planta2.png
[29.512s] -- Installing: /TFG_ws/install/rmf_nayar/share/rmf_nayar/maps/nayar/nayar3.building.yaml
[29.513s] -- Installing: /TFG_ws/install/rmf_nayar/share/rmf_nayar/maps/nayar/planta1.png
[29.513s] -- Installing: /TFG_ws/install/rmf_nayar/share/rmf_nayar/launch
[29.513s] -- Installing: /TFG_ws/install/rmf_nayar/share/rmf_nayar/launch/visualization.launch.xml
[29.514s] -- Installing: /TFG_ws/install/rmf_nayar/share/rmf_nayar/launch/common.launch.xml
[29.514s] -- Installing: /TFG_ws/install/rmf_nayar/share/rmf_nayar/launch/simulation.launch.xml
[29.515s] -- Installing: /TFG_ws/install/rmf_nayar/share/rmf_nayar/launch/nayar.launch.xml
[29.515s] -- Installing: /TFG_ws/install/rmf_nayar/share/rmf_nayar/config
[29.515s] -- Installing: /TFG_ws/install/rmf_nayar/share/rmf_nayar/config/nayar.rviz
[29.516s] -- Installing: /TFG_ws/install/rmf_nayar/share/rmf_nayar/config/tinyRobot_config.yaml
[29.516s] -- Installing: /TFG_ws/install/rmf_nayar/share/rmf_nayar/config/cleanerBotA_config.yaml
[29.517s] -- Installing: /TFG_ws/install/rmf_nayar/share/ament_index/resource_index/package_run_dependencies/rmf_nayar
[29.517s] -- Installing: /TFG_ws/install/rmf_nayar/share/ament_index/resource_index/parent_prefix_path/rmf_nayar
[29.517s] -- Installing: /TFG_ws/install/rmf_nayar/share/rmf_nayar/environment/ament_prefix_path.sh
[29.518s] -- Installing: /TFG_ws/install/rmf_nayar/share/rmf_nayar/environment/ament_prefix_path.dsv
[29.518s] -- Installing: /TFG_ws/install/rmf_nayar/share/rmf_nayar/environment/path.sh
[29.518s] -- Installing: /TFG_ws/install/rmf_nayar/share/rmf_nayar/environment/path.dsv
[29.519s] -- Installing: /TFG_ws/install/rmf_nayar/share/rmf_nayar/local_setup.bash
[29.519s] -- Installing: /TFG_ws/install/rmf_nayar/share/rmf_nayar/local_setup.sh
[29.520s] -- Installing: /TFG_ws/install/rmf_nayar/share/rmf_nayar/local_setup.zsh
[29.520s] -- Installing: /TFG_ws/install/rmf_nayar/share/rmf_nayar/local_setup.dsv
[29.520s] -- Installing: /TFG_ws/install/rmf_nayar/share/rmf_nayar/package.dsv
[29.521s] -- Installing: /TFG_ws/install/rmf_nayar/share/ament_index/resource_index/packages/rmf_nayar
[29.521s] -- Installing: /TFG_ws/install/rmf_nayar/share/rmf_nayar/cmake/rmf_nayarConfig.cmake
[29.522s] -- Installing: /TFG_ws/install/rmf_nayar/share/rmf_nayar/cmake/rmf_nayarConfig-version.cmake
[29.522s] -- Installing: /TFG_ws/install/rmf_nayar/share/rmf_nayar/package.xml
[29.523s] -- Up-to-date: /TFG_ws/install/rmf_nayar/share/rmf_nayar/maps/nayar
[29.523s] -- Installing: /TFG_ws/install/rmf_nayar/share/rmf_nayar/maps/nayar/nav_graphs
[29.523s] -- Installing: /TFG_ws/install/rmf_nayar/share/rmf_nayar/maps/nayar/config_resource
[29.523s] -- Installing: /TFG_ws/install/rmf_nayar/share/rmf_nayar/maps/nayar/models
[29.523s] -- Installing: /TFG_ws/install/rmf_nayar/share/rmf_nayar/maps/nayar/models/nayar2_planta0
[29.523s] -- Installing: /TFG_ws/install/rmf_nayar/share/rmf_nayar/maps/nayar/models/nayar2_planta0/meshes
[29.523s] -- Installing: /TFG_ws/install/rmf_nayar/share/rmf_nayar/maps/nayar/models/nayar2_planta0/meshes/floor_1.mtl
[29.523s] -- Installing: /TFG_ws/install/rmf_nayar/share/rmf_nayar/maps/nayar/models/nayar2_planta0/meshes/default.png
[29.524s] -- Installing: /TFG_ws/install/rmf_nayar/share/rmf_nayar/maps/nayar/models/nayar2_planta0/meshes/wall_1.mtl
[29.524s] -- Installing: /TFG_ws/install/rmf_nayar/share/rmf_nayar/maps/nayar/models/nayar2_planta0/meshes/wall_1.obj
[29.525s] -- Installing: /TFG_ws/install/rmf_nayar/share/rmf_nayar/maps/nayar/models/nayar2_planta0/meshes/blue_linoleum.png
[29.527s] -- Installing: /TFG_ws/install/rmf_nayar/share/rmf_nayar/maps/nayar/models/nayar2_planta0/meshes/model.material
[29.527s] -- Installing: /TFG_ws/install/rmf_nayar/share/rmf_nayar/maps/nayar/models/nayar2_planta0/meshes/floor_1.obj
[29.528s] -- Installing: /TFG_ws/install/rmf_nayar/share/rmf_nayar/maps/nayar/models/nayar2_planta0/model.config
[29.528s] -- Installing: /TFG_ws/install/rmf_nayar/share/rmf_nayar/maps/nayar/models/nayar2_planta0/model.sdf
[29.528s] -- Installing: /TFG_ws/install/rmf_nayar/share/rmf_nayar/maps/nayar/models/nayar2_planta1
[29.528s] -- Installing: /TFG_ws/install/rmf_nayar/share/rmf_nayar/maps/nayar/models/nayar2_planta1/meshes
[29.529s] -- Installing: /TFG_ws/install/rmf_nayar/share/rmf_nayar/maps/nayar/models/nayar2_planta1/meshes/floor_1.mtl
[29.529s] -- Installing: /TFG_ws/install/rmf_nayar/share/rmf_nayar/maps/nayar/models/nayar2_planta1/meshes/default.png
[29.529s] -- Installing: /TFG_ws/install/rmf_nayar/share/rmf_nayar/maps/nayar/models/nayar2_planta1/meshes/wall_1.mtl
[29.530s] -- Installing: /TFG_ws/install/rmf_nayar/share/rmf_nayar/maps/nayar/models/nayar2_planta1/meshes/wall_1.obj
[29.530s] -- Installing: /TFG_ws/install/rmf_nayar/share/rmf_nayar/maps/nayar/models/nayar2_planta1/meshes/blue_linoleum.png
[29.532s] -- Installing: /TFG_ws/install/rmf_nayar/share/rmf_nayar/maps/nayar/models/nayar2_planta1/meshes/model.material
[29.532s] -- Installing: /TFG_ws/install/rmf_nayar/share/rmf_nayar/maps/nayar/models/nayar2_planta1/meshes/floor_1.obj
[29.533s] -- Installing: /TFG_ws/install/rmf_nayar/share/rmf_nayar/maps/nayar/models/nayar2_planta1/model.config
[29.533s] -- Installing: /TFG_ws/install/rmf_nayar/share/rmf_nayar/maps/nayar/models/nayar2_planta1/model.sdf
[29.533s] -- Installing: /TFG_ws/install/rmf_nayar/share/rmf_nayar/maps/nayar/nayar.world
[29.533s] -- Installing: /TFG_ws/install/rmf_nayar/share/rmf_nayar/maps/nayar3
[29.533s] -- Installing: /TFG_ws/install/rmf_nayar/share/rmf_nayar/maps/nayar3/nav_graphs
[29.533s] -- Installing: /TFG_ws/install/rmf_nayar/share/rmf_nayar/maps/nayar3/config_resource
[29.534s] -- Installing: /TFG_ws/install/rmf_nayar/share/rmf_nayar/maps/nayar3/models
[29.534s] -- Installing: /TFG_ws/install/rmf_nayar/share/rmf_nayar/maps/nayar3/models/nayar_Planta0
[29.534s] -- Installing: /TFG_ws/install/rmf_nayar/share/rmf_nayar/maps/nayar3/models/nayar_Planta0/meshes
[29.534s] -- Installing: /TFG_ws/install/rmf_nayar/share/rmf_nayar/maps/nayar3/models/nayar_Planta0/meshes/floor_1.mtl
[29.534s] -- Installing: /TFG_ws/install/rmf_nayar/share/rmf_nayar/maps/nayar3/models/nayar_Planta0/meshes/default.png
[29.534s] -- Installing: /TFG_ws/install/rmf_nayar/share/rmf_nayar/maps/nayar3/models/nayar_Planta0/meshes/wall_1.mtl
[29.535s] -- Installing: /TFG_ws/install/rmf_nayar/share/rmf_nayar/maps/nayar3/models/nayar_Planta0/meshes/wall_1.obj
[29.536s] -- Installing: /TFG_ws/install/rmf_nayar/share/rmf_nayar/maps/nayar3/models/nayar_Planta0/meshes/blue_linoleum.png
[29.537s] -- Installing: /TFG_ws/install/rmf_nayar/share/rmf_nayar/maps/nayar3/models/nayar_Planta0/meshes/model.material
[29.538s] -- Installing: /TFG_ws/install/rmf_nayar/share/rmf_nayar/maps/nayar3/models/nayar_Planta0/meshes/floor_1.obj
[29.538s] -- Installing: /TFG_ws/install/rmf_nayar/share/rmf_nayar/maps/nayar3/models/nayar_Planta0/model.config
[29.538s] -- Installing: /TFG_ws/install/rmf_nayar/share/rmf_nayar/maps/nayar3/models/nayar_Planta0/model.sdf
[29.538s] -- Installing: /TFG_ws/install/rmf_nayar/share/rmf_nayar/maps/nayar3/models/nayar_Sotano
[29.538s] -- Installing: /TFG_ws/install/rmf_nayar/share/rmf_nayar/maps/nayar3/models/nayar_Sotano/meshes
[29.539s] -- Installing: /TFG_ws/install/rmf_nayar/share/rmf_nayar/maps/nayar3/models/nayar_Sotano/meshes/floor_1.mtl
[29.539s] -- Installing: /TFG_ws/install/rmf_nayar/share/rmf_nayar/maps/nayar3/models/nayar_Sotano/meshes/default.png
[29.539s] -- Installing: /TFG_ws/install/rmf_nayar/share/rmf_nayar/maps/nayar3/models/nayar_Sotano/meshes/wall_1.mtl
[29.540s] -- Installing: /TFG_ws/install/rmf_nayar/share/rmf_nayar/maps/nayar3/models/nayar_Sotano/meshes/wall_1.obj
[29.540s] -- Installing: /TFG_ws/install/rmf_nayar/share/rmf_nayar/maps/nayar3/models/nayar_Sotano/meshes/blue_linoleum.png
[29.542s] -- Installing: /TFG_ws/install/rmf_nayar/share/rmf_nayar/maps/nayar3/models/nayar_Sotano/meshes/model.material
[29.542s] -- Installing: /TFG_ws/install/rmf_nayar/share/rmf_nayar/maps/nayar3/models/nayar_Sotano/meshes/floor_1.obj
[29.542s] -- Installing: /TFG_ws/install/rmf_nayar/share/rmf_nayar/maps/nayar3/models/nayar_Sotano/model.config
[29.542s] -- Installing: /TFG_ws/install/rmf_nayar/share/rmf_nayar/maps/nayar3/models/nayar_Sotano/model.sdf
[29.543s] -- Installing: /TFG_ws/install/rmf_nayar/share/rmf_nayar/maps/nayar3/nayar3.world
[29.545s] Invoked command in '/TFG_ws/build/rmf_nayar' returned '0': CMAKE_PREFIX_PATH=/rmf_demos_ws/install/rmf_workcell_msgs:/rmf_demos_ws/install/rmf_demos_gz:/rmf_demos_ws/install/rmf_demos:/rmf_demos_ws/install/rmf_reservation_node:/rmf_demos_ws/install/rmf_fleet_adapter_python:/rmf_demos_ws/install/rmf_fleet_adapter:/rmf_demos_ws/install/rmf_task_ros2:/rmf_demos_ws/install/rmf_websocket:/rmf_demos_ws/install/rmf_visualization:/rmf_demos_ws/install/rmf_visualization_schedule:/rmf_demos_ws/install/rmf_visualization_rviz2_plugins:/rmf_demos_ws/install/rmf_visualization_obstacles:/rmf_demos_ws/install/rmf_visualization_navgraphs:/rmf_demos_ws/install/rmf_visualization_floorplans:/rmf_demos_ws/install/rmf_visualization_fleet_states:/rmf_demos_ws/install/rmf_visualization_msgs:/rmf_demos_ws/install/rmf_traffic_ros2:/rmf_demos_ws/install/rmf_task_sequence:/rmf_demos_ws/install/rmf_task:/rmf_demos_ws/install/rmf_battery:/rmf_demos_ws/install/rmf_traffic:/rmf_demos_ws/install/rmf_utils:/rmf_demos_ws/install/rmf_traffic_msgs:/rmf_demos_ws/install/rmf_traffic_editor_test_maps:/rmf_demos_ws/install/rmf_traffic_editor_assets:/rmf_demos_ws/install/rmf_traffic_editor:/rmf_demos_ws/install/rmf_task_msgs:/rmf_demos_ws/install/rmf_site_map_msgs:/rmf_demos_ws/install/rmf_scheduler_msgs:/rmf_demos_ws/install/rmf_robot_sim_gz_plugins:/rmf_demos_ws/install/rmf_robot_sim_common:/rmf_demos_ws/install/rmf_reservation_msgs:/rmf_demos_ws/install/rmf_obstacle_msgs:/rmf_demos_ws/install/rmf_building_sim_gz_plugins:/rmf_demos_ws/install/rmf_lift_msgs:/rmf_demos_ws/install/rmf_ingestor_msgs:/rmf_demos_ws/install/rmf_fleet_msgs:/rmf_demos_ws/install/rmf_door_msgs:/rmf_demos_ws/install/rmf_dispenser_msgs:/rmf_demos_ws/install/rmf_demos_maps:/rmf_demos_ws/install/rmf_demos_assets:/rmf_demos_ws/install/rmf_charger_msgs:/rmf_demos_ws/install/rmf_building_map_msgs:/rmf_demos_ws/install/rmf_api_msgs:/rmf_demos_ws/install/pybind11_json_vendor:/rmf_demos_ws/install/nlohmann_json_schema_validator_vendor:/rmf_demos_ws/install/rmf_demos_fleet_adapter:/rmf_demos_ws/install/rmf_visualization_building_systems:/rmf_demos_ws/install/rmf_traffic_examples:/rmf_demos_ws/install/rmf_demos_bridges:/rmf_demos_ws/install/rmf_demos_tasks:/rmf_demos_ws/install/rmf_building_map_tools:/rmf_demos_ws/install/rmf_charging_schedule:/opt/ros/jazzy:/rmf_demos_ws/install/menge_vendor:/rmf_demos_ws/install/ament_cmake_catch2:/opt/ros/jazzy/opt/gz_sim_vendor:/opt/ros/jazzy/opt/gz_sensors_vendor:/opt/ros/jazzy/opt/gz_physics_vendor:/opt/ros/jazzy/opt/sdformat_vendor:/opt/ros/jazzy/opt/gz_gui_vendor:/opt/ros/jazzy/opt/gz_transport_vendor:/opt/ros/jazzy/opt/gz_rendering_vendor:/opt/ros/jazzy/opt/gz_plugin_vendor:/opt/ros/jazzy/opt/gz_fuel_tools_vendor:/opt/ros/jazzy/opt/gz_msgs_vendor:/opt/ros/jazzy/opt/gz_common_vendor:/opt/ros/jazzy/opt/gz_math_vendor:/opt/ros/jazzy/opt/gz_utils_vendor:/opt/ros/jazzy/opt/gz_tools_vendor:/opt/ros/jazzy/opt/gz_ogre_next_vendor:/opt/ros/jazzy/opt/gz_dartsim_vendor:/opt/ros/jazzy/opt/gz_cmake_vendor /usr/bin/cmake --install /TFG_ws/build/rmf_nayar
