running develop
running egg_info
creating elevator_mover.egg-info
writing elevator_mover.egg-info/PKG-INFO
writing dependency_links to elevator_mover.egg-info/dependency_links.txt
writing entry points to elevator_mover.egg-info/entry_points.txt
writing requirements to elevator_mover.egg-info/requires.txt
writing top-level names to elevator_mover.egg-info/top_level.txt
writing manifest file 'elevator_mover.egg-info/SOURCES.txt'
reading manifest file 'elevator_mover.egg-info/SOURCES.txt'
writing manifest file 'elevator_mover.egg-info/SOURCES.txt'
running build_ext
Creating /TFG_ws/install/elevator_mover/lib/python3.10/site-packages/elevator-mover.egg-link (link to .)
Installing elevator_mover_node script to /TFG_ws/install/elevator_mover/lib/elevator_mover

Installed /TFG_ws/build/elevator_mover
running symlink_data
creating /TFG_ws/install/elevator_mover/share/ament_index
creating /TFG_ws/install/elevator_mover/share/ament_index/resource_index
creating /TFG_ws/install/elevator_mover/share/ament_index/resource_index/packages
symbolically linking /TFG_ws/build/elevator_mover/resource/elevator_mover -> /TFG_ws/install/elevator_mover/share/ament_index/resource_index/packages
symbolically linking /TFG_ws/build/elevator_mover/package.xml -> /TFG_ws/install/elevator_mover/share/elevator_mover
