[0.591s] Invoking command in '/TFG_ws/build/elevator_mover': PYTHONPATH=/TFG_ws/build/elevator_mover/prefix_override:/usr/lib/python3/dist-packages/colcon_core/task/python/colcon_distutils_commands:/TFG_ws/install/elevator_mover/lib/python3.10/site-packages:${PYTHONPATH} /usr/bin/python3 -W ignore:setup.py install is deprecated -W ignore:easy_install command is deprecated setup.py develop --editable --build-directory /TFG_ws/build/elevator_mover/build --no-deps symlink_data
[0.764s] running develop
[0.845s] running egg_info
[0.845s] creating elevator_mover.egg-info
[0.845s] writing elevator_mover.egg-info/PKG-INFO
[0.845s] writing dependency_links to elevator_mover.egg-info/dependency_links.txt
[0.846s] writing entry points to elevator_mover.egg-info/entry_points.txt
[0.846s] writing requirements to elevator_mover.egg-info/requires.txt
[0.846s] writing top-level names to elevator_mover.egg-info/top_level.txt
[0.846s] writing manifest file 'elevator_mover.egg-info/SOURCES.txt'
[0.847s] reading manifest file 'elevator_mover.egg-info/SOURCES.txt'
[0.848s] writing manifest file 'elevator_mover.egg-info/SOURCES.txt'
[0.849s] running build_ext
[0.849s] Creating /TFG_ws/install/elevator_mover/lib/python3.10/site-packages/elevator-mover.egg-link (link to .)
[0.850s] Installing elevator_mover_node script to /TFG_ws/install/elevator_mover/lib/elevator_mover
[0.851s] 
[0.851s] Installed /TFG_ws/build/elevator_mover
[0.851s] running symlink_data
[0.851s] creating /TFG_ws/install/elevator_mover/share/ament_index
[0.851s] creating /TFG_ws/install/elevator_mover/share/ament_index/resource_index
[0.851s] creating /TFG_ws/install/elevator_mover/share/ament_index/resource_index/packages
[0.851s] symbolically linking /TFG_ws/build/elevator_mover/resource/elevator_mover -> /TFG_ws/install/elevator_mover/share/ament_index/resource_index/packages
[0.851s] symbolically linking /TFG_ws/build/elevator_mover/package.xml -> /TFG_ws/install/elevator_mover/share/elevator_mover
[0.875s] Invoked command in '/TFG_ws/build/elevator_mover' returned '0': PYTHONPATH=/TFG_ws/build/elevator_mover/prefix_override:/usr/lib/python3/dist-packages/colcon_core/task/python/colcon_distutils_commands:/TFG_ws/install/elevator_mover/lib/python3.10/site-packages:${PYTHONPATH} /usr/bin/python3 -W ignore:setup.py install is deprecated -W ignore:easy_install command is deprecated setup.py develop --editable --build-directory /TFG_ws/build/elevator_mover/build --no-deps symlink_data
