[0.777s] Invoking command in '/TFG_ws/src/mqtt_ros_bridge': PYTHONPATH=/TFG_ws/build/mqtt_ros_bridge/prefix_override:/usr/lib/python3/dist-packages/colcon_core/task/python/colcon_distutils_commands:/TFG_ws/install/mqtt_ros_bridge/lib/python3.12/site-packages:${PYTHONPATH} /usr/bin/python3 -W ignore:setup.py install is deprecated -W ignore:easy_install command is deprecated setup.py egg_info --egg-base ../../build/mqtt_ros_bridge build --build-base /TFG_ws/build/mqtt_ros_bridge/build install --record /TFG_ws/build/mqtt_ros_bridge/install.log --single-version-externally-managed install_data
[1.039s] running egg_info
[1.056s] writing ../../build/mqtt_ros_bridge/mqtt_ros_bridge.egg-info/PKG-INFO
[1.056s] writing dependency_links to ../../build/mqtt_ros_bridge/mqtt_ros_bridge.egg-info/dependency_links.txt
[1.057s] writing entry points to ../../build/mqtt_ros_bridge/mqtt_ros_bridge.egg-info/entry_points.txt
[1.057s] writing requirements to ../../build/mqtt_ros_bridge/mqtt_ros_bridge.egg-info/requires.txt
[1.057s] writing top-level names to ../../build/mqtt_ros_bridge/mqtt_ros_bridge.egg-info/top_level.txt
[1.091s] reading manifest file '../../build/mqtt_ros_bridge/mqtt_ros_bridge.egg-info/SOURCES.txt'
[1.092s] writing manifest file '../../build/mqtt_ros_bridge/mqtt_ros_bridge.egg-info/SOURCES.txt'
[1.092s] running build
[1.092s] running build_py
[1.092s] running install
[1.097s] running install_lib
[1.115s] running install_data
[1.115s] running install_egg_info
[1.133s] removing '/TFG_ws/install/mqtt_ros_bridge/lib/python3.12/site-packages/mqtt_ros_bridge-0.0.0-py3.12.egg-info' (and everything under it)
[1.133s] Copying ../../build/mqtt_ros_bridge/mqtt_ros_bridge.egg-info to /TFG_ws/install/mqtt_ros_bridge/lib/python3.12/site-packages/mqtt_ros_bridge-0.0.0-py3.12.egg-info
[1.137s] running install_scripts
[1.263s] Installing mqtt_ros_bridge_node script to /TFG_ws/install/mqtt_ros_bridge/lib/mqtt_ros_bridge
[1.263s] writing list of installed files to '/TFG_ws/build/mqtt_ros_bridge/install.log'
[1.285s] Invoked command in '/TFG_ws/src/mqtt_ros_bridge' returned '0': PYTHONPATH=/TFG_ws/build/mqtt_ros_bridge/prefix_override:/usr/lib/python3/dist-packages/colcon_core/task/python/colcon_distutils_commands:/TFG_ws/install/mqtt_ros_bridge/lib/python3.12/site-packages:${PYTHONPATH} /usr/bin/python3 -W ignore:setup.py install is deprecated -W ignore:easy_install command is deprecated setup.py egg_info --egg-base ../../build/mqtt_ros_bridge build --build-base /TFG_ws/build/mqtt_ros_bridge/build install --record /TFG_ws/build/mqtt_ros_bridge/install.log --single-version-externally-managed install_data
