[ 50%] [34m[1mGenerating nayar_crowdsim[0m
[ 50%] [34m[1mGenerating maps/nayar3/nav_graphs/phony[0m
[ 50%] [34m[1mGenerating nayar3_crowdsim[0m
[ 66%] [34m[1mGenerating maps/nayar/nav_graphs/phony[0m
building name: nayar
coordinate system: reference_image
parsing level Planta0
parsing level Sotano
calculating levels relative to Planta0
level Planta0 scale: 0.05532403805177346
calculating level Sotano offset and scale...
  0 common fiducials:
Transform.set_from_fiducials()
  0 fiducial pairs:
Bearings:
[]
generating nav data
building name: nayar2
coordinate system: reference_image
parsing level planta0
parsing level planta1
calculating levels relative to planta0
level planta0 scale: 0.07742772056183925
calculating level planta1 offset and scale...
  2 common fiducials:
Transform.set_from_fiducials()
  2 fiducial pairs:
    (475.69, -339.15) -> (475.8, -338.93)   punto1
    (119.09, -199.13) -> (119.04, -198.96)   esquina_sup
    calc dist punto1 <=> esquina_sup
Bearings:
[(2.767441424789273, 2.7677014056626033)]
  0.0002599808733303455
  Circular mean: -0.0002599808733303455
Distances:
[(383.1016756593476, 383.23231116386836)]
mean relative scale: 1.0003409943438537
translation: (0.011249, -0.016793)
parsing lift lift1
generating nav data
[ 66%] Built target generate_nayar3_nav_graphs
[ 66%] Built target generate_nayar_nav_graphs
crowdsim unable to parse, not attempting to proceed
crowdsim unable to parse, not attempting to proceed
crowdsim unable to parse, not attempting to proceed
[ 83%] Built target generate_nayar3_crowdsim
crowdsim unable to parse, not attempting to proceed
[100%] Built target generate_nayar_crowdsim
-- Install configuration: ""
-- Execute custom install script
-- Up-to-date symlink: /TFG_ws/install/rmf_nayar/share/rmf_nayar/maps/nayar/nayar.building.yaml
-- Up-to-date symlink: /TFG_ws/install/rmf_nayar/share/rmf_nayar/maps/nayar/nayar3.building.yaml
-- Up-to-date symlink: /TFG_ws/install/rmf_nayar/share/rmf_nayar/maps/nayar/planta0.png
-- Up-to-date symlink: /TFG_ws/install/rmf_nayar/share/rmf_nayar/maps/nayar/planta1.png
-- Up-to-date symlink: /TFG_ws/install/rmf_nayar/share/rmf_nayar/maps/nayar/planta2.png
-- Up-to-date symlink: /TFG_ws/install/rmf_nayar/share/rmf_nayar/maps/nayar/planta3.png
-- Up-to-date symlink: /TFG_ws/install/rmf_nayar/share/rmf_nayar/maps/nayar/planta4.png
-- Up-to-date symlink: /TFG_ws/install/rmf_nayar/share/rmf_nayar/maps/nayar/sotano.png
-- Up-to-date symlink: /TFG_ws/install/rmf_nayar/share/rmf_nayar/launch/common.launch.xml
-- Up-to-date symlink: /TFG_ws/install/rmf_nayar/share/rmf_nayar/launch/nayar.launch.xml
-- Up-to-date symlink: /TFG_ws/install/rmf_nayar/share/rmf_nayar/launch/simulation.launch.xml
-- Up-to-date symlink: /TFG_ws/install/rmf_nayar/share/rmf_nayar/launch/visualization.launch.xml
-- Up-to-date symlink: /TFG_ws/install/rmf_nayar/share/rmf_nayar/config/cleanerBotA_config.yaml
-- Up-to-date symlink: /TFG_ws/install/rmf_nayar/share/rmf_nayar/config/nayar.rviz
-- Up-to-date symlink: /TFG_ws/install/rmf_nayar/share/rmf_nayar/config/tinyRobot_config.yaml
-- Up-to-date symlink: /TFG_ws/install/rmf_nayar/share/ament_index/resource_index/package_run_dependencies/rmf_nayar
-- Up-to-date symlink: /TFG_ws/install/rmf_nayar/share/ament_index/resource_index/parent_prefix_path/rmf_nayar
-- Up-to-date symlink: /TFG_ws/install/rmf_nayar/share/rmf_nayar/environment/ament_prefix_path.sh
-- Up-to-date symlink: /TFG_ws/install/rmf_nayar/share/rmf_nayar/environment/ament_prefix_path.dsv
-- Up-to-date symlink: /TFG_ws/install/rmf_nayar/share/rmf_nayar/environment/path.sh
-- Up-to-date symlink: /TFG_ws/install/rmf_nayar/share/rmf_nayar/environment/path.dsv
-- Up-to-date symlink: /TFG_ws/install/rmf_nayar/share/rmf_nayar/local_setup.bash
-- Up-to-date symlink: /TFG_ws/install/rmf_nayar/share/rmf_nayar/local_setup.sh
-- Up-to-date symlink: /TFG_ws/install/rmf_nayar/share/rmf_nayar/local_setup.zsh
-- Up-to-date symlink: /TFG_ws/install/rmf_nayar/share/rmf_nayar/local_setup.dsv
-- Symlinking: /TFG_ws/install/rmf_nayar/share/rmf_nayar/package.dsv
-- Up-to-date symlink: /TFG_ws/install/rmf_nayar/share/ament_index/resource_index/packages/rmf_nayar
-- Up-to-date symlink: /TFG_ws/install/rmf_nayar/share/rmf_nayar/cmake/rmf_nayarConfig.cmake
-- Up-to-date symlink: /TFG_ws/install/rmf_nayar/share/rmf_nayar/cmake/rmf_nayarConfig-version.cmake
-- Up-to-date symlink: /TFG_ws/install/rmf_nayar/share/rmf_nayar/package.xml
-- Up-to-date symlink: /TFG_ws/install/rmf_nayar/share/rmf_nayar/maps/nayar/models/nayar2_planta0/meshes/blue_linoleum.png
-- Up-to-date symlink: /TFG_ws/install/rmf_nayar/share/rmf_nayar/maps/nayar/models/nayar2_planta0/meshes/default.png
-- Up-to-date symlink: /TFG_ws/install/rmf_nayar/share/rmf_nayar/maps/nayar/models/nayar2_planta0/meshes/floor_1.mtl
-- Up-to-date symlink: /TFG_ws/install/rmf_nayar/share/rmf_nayar/maps/nayar/models/nayar2_planta0/meshes/floor_1.obj
-- Up-to-date symlink: /TFG_ws/install/rmf_nayar/share/rmf_nayar/maps/nayar/models/nayar2_planta0/meshes/model.material
-- Up-to-date symlink: /TFG_ws/install/rmf_nayar/share/rmf_nayar/maps/nayar/models/nayar2_planta0/meshes/wall_1.mtl
-- Up-to-date symlink: /TFG_ws/install/rmf_nayar/share/rmf_nayar/maps/nayar/models/nayar2_planta0/meshes/wall_1.obj
-- Up-to-date symlink: /TFG_ws/install/rmf_nayar/share/rmf_nayar/maps/nayar/models/nayar2_planta0/model.config
-- Up-to-date symlink: /TFG_ws/install/rmf_nayar/share/rmf_nayar/maps/nayar/models/nayar2_planta0/model.sdf
-- Up-to-date symlink: /TFG_ws/install/rmf_nayar/share/rmf_nayar/maps/nayar/models/nayar2_planta1/meshes/blue_linoleum.png
-- Up-to-date symlink: /TFG_ws/install/rmf_nayar/share/rmf_nayar/maps/nayar/models/nayar2_planta1/meshes/default.png
-- Up-to-date symlink: /TFG_ws/install/rmf_nayar/share/rmf_nayar/maps/nayar/models/nayar2_planta1/meshes/floor_1.mtl
-- Up-to-date symlink: /TFG_ws/install/rmf_nayar/share/rmf_nayar/maps/nayar/models/nayar2_planta1/meshes/floor_1.obj
-- Up-to-date symlink: /TFG_ws/install/rmf_nayar/share/rmf_nayar/maps/nayar/models/nayar2_planta1/meshes/model.material
-- Up-to-date symlink: /TFG_ws/install/rmf_nayar/share/rmf_nayar/maps/nayar/models/nayar2_planta1/meshes/wall_1.mtl
-- Up-to-date symlink: /TFG_ws/install/rmf_nayar/share/rmf_nayar/maps/nayar/models/nayar2_planta1/meshes/wall_1.obj
-- Up-to-date symlink: /TFG_ws/install/rmf_nayar/share/rmf_nayar/maps/nayar/models/nayar2_planta1/model.config
-- Up-to-date symlink: /TFG_ws/install/rmf_nayar/share/rmf_nayar/maps/nayar/models/nayar2_planta1/model.sdf
-- Up-to-date symlink: /TFG_ws/install/rmf_nayar/share/rmf_nayar/maps/nayar/nayar.world
-- Up-to-date symlink: /TFG_ws/install/rmf_nayar/share/rmf_nayar/maps/nayar3/models/nayar_Planta0/meshes/blue_linoleum.png
-- Up-to-date symlink: /TFG_ws/install/rmf_nayar/share/rmf_nayar/maps/nayar3/models/nayar_Planta0/meshes/default.png
-- Up-to-date symlink: /TFG_ws/install/rmf_nayar/share/rmf_nayar/maps/nayar3/models/nayar_Planta0/meshes/floor_1.mtl
-- Up-to-date symlink: /TFG_ws/install/rmf_nayar/share/rmf_nayar/maps/nayar3/models/nayar_Planta0/meshes/floor_1.obj
-- Up-to-date symlink: /TFG_ws/install/rmf_nayar/share/rmf_nayar/maps/nayar3/models/nayar_Planta0/meshes/model.material
-- Up-to-date symlink: /TFG_ws/install/rmf_nayar/share/rmf_nayar/maps/nayar3/models/nayar_Planta0/meshes/wall_1.mtl
-- Up-to-date symlink: /TFG_ws/install/rmf_nayar/share/rmf_nayar/maps/nayar3/models/nayar_Planta0/meshes/wall_1.obj
-- Up-to-date symlink: /TFG_ws/install/rmf_nayar/share/rmf_nayar/maps/nayar3/models/nayar_Planta0/model.config
-- Up-to-date symlink: /TFG_ws/install/rmf_nayar/share/rmf_nayar/maps/nayar3/models/nayar_Planta0/model.sdf
-- Up-to-date symlink: /TFG_ws/install/rmf_nayar/share/rmf_nayar/maps/nayar3/models/nayar_Sotano/meshes/blue_linoleum.png
-- Up-to-date symlink: /TFG_ws/install/rmf_nayar/share/rmf_nayar/maps/nayar3/models/nayar_Sotano/meshes/default.png
-- Up-to-date symlink: /TFG_ws/install/rmf_nayar/share/rmf_nayar/maps/nayar3/models/nayar_Sotano/meshes/floor_1.mtl
-- Up-to-date symlink: /TFG_ws/install/rmf_nayar/share/rmf_nayar/maps/nayar3/models/nayar_Sotano/meshes/floor_1.obj
-- Up-to-date symlink: /TFG_ws/install/rmf_nayar/share/rmf_nayar/maps/nayar3/models/nayar_Sotano/meshes/model.material
-- Up-to-date symlink: /TFG_ws/install/rmf_nayar/share/rmf_nayar/maps/nayar3/models/nayar_Sotano/meshes/wall_1.mtl
-- Up-to-date symlink: /TFG_ws/install/rmf_nayar/share/rmf_nayar/maps/nayar3/models/nayar_Sotano/meshes/wall_1.obj
-- Up-to-date symlink: /TFG_ws/install/rmf_nayar/share/rmf_nayar/maps/nayar3/models/nayar_Sotano/model.config
-- Up-to-date symlink: /TFG_ws/install/rmf_nayar/share/rmf_nayar/maps/nayar3/models/nayar_Sotano/model.sdf
-- Up-to-date symlink: /TFG_ws/install/rmf_nayar/share/rmf_nayar/maps/nayar3/nayar3.world
