[0.346s] Invoking command in '/TFG_ws/build/rmf_nayar': CMAKE_PREFIX_PATH=${CMAKE_PREFIX_PATH}:/TFG_ws/install/mqtt_ros_bridge:/TFG_ws/install/elevator_mover:/opt/ros/humble /usr/bin/cmake --build /TFG_ws/build/rmf_nayar -- -j6 -l6
[0.394s] [ 50%] [34m[1mGenerating nayar_crowdsim[0m
[0.394s] [ 50%] [34m[1mGenerating maps/nayar3/nav_graphs/phony[0m
[0.394s] [ 50%] [34m[1mGenerating nayar3_crowdsim[0m
[0.399s] [ 66%] [34m[1mGenerating maps/nayar/nav_graphs/phony[0m
[0.775s] building name: nayar
[0.775s] coordinate system: reference_image
[0.775s] parsing level Planta0
[0.776s] parsing level Sotano
[0.776s] calculating levels relative to Planta0
[0.776s] level Planta0 scale: 0.05532403805177346
[0.776s] calculating level Sotano offset and scale...
[0.776s]   0 common fiducials:
[0.776s] Transform.set_from_fiducials()
[0.776s]   0 fiducial pairs:
[0.776s] Bearings:
[0.776s] []
[0.777s] generating nav data
[0.798s] building name: nayar2
[0.798s] coordinate system: reference_image
[0.798s] parsing level planta0
[0.799s] parsing level planta1
[0.800s] calculating levels relative to planta0
[0.800s] level planta0 scale: 0.07742772056183925
[0.800s] calculating level planta1 offset and scale...
[0.800s]   2 common fiducials:
[0.800s] Transform.set_from_fiducials()
[0.800s]   2 fiducial pairs:
[0.800s]     (475.69, -339.15) -> (475.8, -338.93)   punto1
[0.800s]     (119.09, -199.13) -> (119.04, -198.96)   esquina_sup
[0.801s]     calc dist punto1 <=> esquina_sup
[0.801s] Bearings:
[0.801s] [(2.767441424789273, 2.7677014056626033)]
[0.801s]   0.0002599808733303455
[0.801s]   Circular mean: -0.0002599808733303455
[0.801s] Distances:
[0.801s] [(383.1016756593476, 383.23231116386836)]
[0.801s] mean relative scale: 1.0003409943438537
[0.802s] translation: (0.011249, -0.016793)
[0.804s] parsing lift lift1
[0.804s] generating nav data
[0.856s] [ 66%] Built target generate_nayar3_nav_graphs
[0.870s] [ 66%] Built target generate_nayar_nav_graphs
[0.873s] crowdsim unable to parse, not attempting to proceed
[0.963s] crowdsim unable to parse, not attempting to proceed
[0.973s] crowdsim unable to parse, not attempting to proceed
[1.014s] [ 83%] Built target generate_nayar3_crowdsim
[1.114s] crowdsim unable to parse, not attempting to proceed
[1.163s] [100%] Built target generate_nayar_crowdsim
[1.174s] Invoked command in '/TFG_ws/build/rmf_nayar' returned '0': CMAKE_PREFIX_PATH=${CMAKE_PREFIX_PATH}:/TFG_ws/install/mqtt_ros_bridge:/TFG_ws/install/elevator_mover:/opt/ros/humble /usr/bin/cmake --build /TFG_ws/build/rmf_nayar -- -j6 -l6
[1.184s] Invoking command in '/TFG_ws/build/rmf_nayar': CMAKE_PREFIX_PATH=${CMAKE_PREFIX_PATH}:/TFG_ws/install/mqtt_ros_bridge:/TFG_ws/install/elevator_mover:/opt/ros/humble /usr/bin/cmake --install /TFG_ws/build/rmf_nayar
[1.190s] -- Install configuration: ""
[1.191s] -- Execute custom install script
[1.191s] -- Up-to-date symlink: /TFG_ws/install/rmf_nayar/share/rmf_nayar/maps/nayar/nayar.building.yaml
[1.191s] -- Up-to-date symlink: /TFG_ws/install/rmf_nayar/share/rmf_nayar/maps/nayar/nayar3.building.yaml
[1.191s] -- Up-to-date symlink: /TFG_ws/install/rmf_nayar/share/rmf_nayar/maps/nayar/planta0.png
[1.191s] -- Up-to-date symlink: /TFG_ws/install/rmf_nayar/share/rmf_nayar/maps/nayar/planta1.png
[1.192s] -- Up-to-date symlink: /TFG_ws/install/rmf_nayar/share/rmf_nayar/maps/nayar/planta2.png
[1.192s] -- Up-to-date symlink: /TFG_ws/install/rmf_nayar/share/rmf_nayar/maps/nayar/planta3.png
[1.192s] -- Up-to-date symlink: /TFG_ws/install/rmf_nayar/share/rmf_nayar/maps/nayar/planta4.png
[1.192s] -- Up-to-date symlink: /TFG_ws/install/rmf_nayar/share/rmf_nayar/maps/nayar/sotano.png
[1.192s] -- Up-to-date symlink: /TFG_ws/install/rmf_nayar/share/rmf_nayar/launch/common.launch.xml
[1.192s] -- Up-to-date symlink: /TFG_ws/install/rmf_nayar/share/rmf_nayar/launch/nayar.launch.xml
[1.192s] -- Up-to-date symlink: /TFG_ws/install/rmf_nayar/share/rmf_nayar/launch/simulation.launch.xml
[1.193s] -- Up-to-date symlink: /TFG_ws/install/rmf_nayar/share/rmf_nayar/launch/visualization.launch.xml
[1.193s] -- Up-to-date symlink: /TFG_ws/install/rmf_nayar/share/rmf_nayar/config/cleanerBotA_config.yaml
[1.193s] -- Up-to-date symlink: /TFG_ws/install/rmf_nayar/share/rmf_nayar/config/nayar.rviz
[1.193s] -- Up-to-date symlink: /TFG_ws/install/rmf_nayar/share/rmf_nayar/config/tinyRobot_config.yaml
[1.193s] -- Up-to-date symlink: /TFG_ws/install/rmf_nayar/share/ament_index/resource_index/package_run_dependencies/rmf_nayar
[1.193s] -- Up-to-date symlink: /TFG_ws/install/rmf_nayar/share/ament_index/resource_index/parent_prefix_path/rmf_nayar
[1.194s] -- Up-to-date symlink: /TFG_ws/install/rmf_nayar/share/rmf_nayar/environment/ament_prefix_path.sh
[1.194s] -- Up-to-date symlink: /TFG_ws/install/rmf_nayar/share/rmf_nayar/environment/ament_prefix_path.dsv
[1.194s] -- Up-to-date symlink: /TFG_ws/install/rmf_nayar/share/rmf_nayar/environment/path.sh
[1.194s] -- Up-to-date symlink: /TFG_ws/install/rmf_nayar/share/rmf_nayar/environment/path.dsv
[1.194s] -- Up-to-date symlink: /TFG_ws/install/rmf_nayar/share/rmf_nayar/local_setup.bash
[1.194s] -- Up-to-date symlink: /TFG_ws/install/rmf_nayar/share/rmf_nayar/local_setup.sh
[1.195s] -- Up-to-date symlink: /TFG_ws/install/rmf_nayar/share/rmf_nayar/local_setup.zsh
[1.195s] -- Up-to-date symlink: /TFG_ws/install/rmf_nayar/share/rmf_nayar/local_setup.dsv
[1.195s] -- Symlinking: /TFG_ws/install/rmf_nayar/share/rmf_nayar/package.dsv
[1.203s] -- Up-to-date symlink: /TFG_ws/install/rmf_nayar/share/ament_index/resource_index/packages/rmf_nayar
[1.204s] -- Up-to-date symlink: /TFG_ws/install/rmf_nayar/share/rmf_nayar/cmake/rmf_nayarConfig.cmake
[1.204s] -- Up-to-date symlink: /TFG_ws/install/rmf_nayar/share/rmf_nayar/cmake/rmf_nayarConfig-version.cmake
[1.204s] -- Up-to-date symlink: /TFG_ws/install/rmf_nayar/share/rmf_nayar/package.xml
[1.205s] -- Up-to-date symlink: /TFG_ws/install/rmf_nayar/share/rmf_nayar/maps/nayar/models/nayar2_planta0/meshes/blue_linoleum.png
[1.205s] -- Up-to-date symlink: /TFG_ws/install/rmf_nayar/share/rmf_nayar/maps/nayar/models/nayar2_planta0/meshes/default.png
[1.205s] -- Up-to-date symlink: /TFG_ws/install/rmf_nayar/share/rmf_nayar/maps/nayar/models/nayar2_planta0/meshes/floor_1.mtl
[1.205s] -- Up-to-date symlink: /TFG_ws/install/rmf_nayar/share/rmf_nayar/maps/nayar/models/nayar2_planta0/meshes/floor_1.obj
[1.205s] -- Up-to-date symlink: /TFG_ws/install/rmf_nayar/share/rmf_nayar/maps/nayar/models/nayar2_planta0/meshes/model.material
[1.205s] -- Up-to-date symlink: /TFG_ws/install/rmf_nayar/share/rmf_nayar/maps/nayar/models/nayar2_planta0/meshes/wall_1.mtl
[1.206s] -- Up-to-date symlink: /TFG_ws/install/rmf_nayar/share/rmf_nayar/maps/nayar/models/nayar2_planta0/meshes/wall_1.obj
[1.206s] -- Up-to-date symlink: /TFG_ws/install/rmf_nayar/share/rmf_nayar/maps/nayar/models/nayar2_planta0/model.config
[1.206s] -- Up-to-date symlink: /TFG_ws/install/rmf_nayar/share/rmf_nayar/maps/nayar/models/nayar2_planta0/model.sdf
[1.206s] -- Up-to-date symlink: /TFG_ws/install/rmf_nayar/share/rmf_nayar/maps/nayar/models/nayar2_planta1/meshes/blue_linoleum.png
[1.206s] -- Up-to-date symlink: /TFG_ws/install/rmf_nayar/share/rmf_nayar/maps/nayar/models/nayar2_planta1/meshes/default.png
[1.206s] -- Up-to-date symlink: /TFG_ws/install/rmf_nayar/share/rmf_nayar/maps/nayar/models/nayar2_planta1/meshes/floor_1.mtl
[1.207s] -- Up-to-date symlink: /TFG_ws/install/rmf_nayar/share/rmf_nayar/maps/nayar/models/nayar2_planta1/meshes/floor_1.obj
[1.207s] -- Up-to-date symlink: /TFG_ws/install/rmf_nayar/share/rmf_nayar/maps/nayar/models/nayar2_planta1/meshes/model.material
[1.207s] -- Up-to-date symlink: /TFG_ws/install/rmf_nayar/share/rmf_nayar/maps/nayar/models/nayar2_planta1/meshes/wall_1.mtl
[1.207s] -- Up-to-date symlink: /TFG_ws/install/rmf_nayar/share/rmf_nayar/maps/nayar/models/nayar2_planta1/meshes/wall_1.obj
[1.207s] -- Up-to-date symlink: /TFG_ws/install/rmf_nayar/share/rmf_nayar/maps/nayar/models/nayar2_planta1/model.config
[1.207s] -- Up-to-date symlink: /TFG_ws/install/rmf_nayar/share/rmf_nayar/maps/nayar/models/nayar2_planta1/model.sdf
[1.207s] -- Up-to-date symlink: /TFG_ws/install/rmf_nayar/share/rmf_nayar/maps/nayar/nayar.world
[1.208s] -- Up-to-date symlink: /TFG_ws/install/rmf_nayar/share/rmf_nayar/maps/nayar3/models/nayar_Planta0/meshes/blue_linoleum.png
[1.208s] -- Up-to-date symlink: /TFG_ws/install/rmf_nayar/share/rmf_nayar/maps/nayar3/models/nayar_Planta0/meshes/default.png
[1.208s] -- Up-to-date symlink: /TFG_ws/install/rmf_nayar/share/rmf_nayar/maps/nayar3/models/nayar_Planta0/meshes/floor_1.mtl
[1.209s] -- Up-to-date symlink: /TFG_ws/install/rmf_nayar/share/rmf_nayar/maps/nayar3/models/nayar_Planta0/meshes/floor_1.obj
[1.209s] -- Up-to-date symlink: /TFG_ws/install/rmf_nayar/share/rmf_nayar/maps/nayar3/models/nayar_Planta0/meshes/model.material
[1.209s] -- Up-to-date symlink: /TFG_ws/install/rmf_nayar/share/rmf_nayar/maps/nayar3/models/nayar_Planta0/meshes/wall_1.mtl
[1.209s] -- Up-to-date symlink: /TFG_ws/install/rmf_nayar/share/rmf_nayar/maps/nayar3/models/nayar_Planta0/meshes/wall_1.obj
[1.209s] -- Up-to-date symlink: /TFG_ws/install/rmf_nayar/share/rmf_nayar/maps/nayar3/models/nayar_Planta0/model.config
[1.209s] -- Up-to-date symlink: /TFG_ws/install/rmf_nayar/share/rmf_nayar/maps/nayar3/models/nayar_Planta0/model.sdf
[1.209s] -- Up-to-date symlink: /TFG_ws/install/rmf_nayar/share/rmf_nayar/maps/nayar3/models/nayar_Sotano/meshes/blue_linoleum.png
[1.210s] -- Up-to-date symlink: /TFG_ws/install/rmf_nayar/share/rmf_nayar/maps/nayar3/models/nayar_Sotano/meshes/default.png
[1.210s] -- Up-to-date symlink: /TFG_ws/install/rmf_nayar/share/rmf_nayar/maps/nayar3/models/nayar_Sotano/meshes/floor_1.mtl
[1.210s] -- Up-to-date symlink: /TFG_ws/install/rmf_nayar/share/rmf_nayar/maps/nayar3/models/nayar_Sotano/meshes/floor_1.obj
[1.210s] -- Up-to-date symlink: /TFG_ws/install/rmf_nayar/share/rmf_nayar/maps/nayar3/models/nayar_Sotano/meshes/model.material
[1.210s] -- Up-to-date symlink: /TFG_ws/install/rmf_nayar/share/rmf_nayar/maps/nayar3/models/nayar_Sotano/meshes/wall_1.mtl
[1.210s] -- Up-to-date symlink: /TFG_ws/install/rmf_nayar/share/rmf_nayar/maps/nayar3/models/nayar_Sotano/meshes/wall_1.obj
[1.211s] -- Up-to-date symlink: /TFG_ws/install/rmf_nayar/share/rmf_nayar/maps/nayar3/models/nayar_Sotano/model.config
[1.211s] -- Up-to-date symlink: /TFG_ws/install/rmf_nayar/share/rmf_nayar/maps/nayar3/models/nayar_Sotano/model.sdf
[1.211s] -- Up-to-date symlink: /TFG_ws/install/rmf_nayar/share/rmf_nayar/maps/nayar3/nayar3.world
[1.213s] Invoked command in '/TFG_ws/build/rmf_nayar' returned '0': CMAKE_PREFIX_PATH=${CMAKE_PREFIX_PATH}:/TFG_ws/install/mqtt_ros_bridge:/TFG_ws/install/elevator_mover:/opt/ros/humble /usr/bin/cmake --install /TFG_ws/build/rmf_nayar
