running egg_info
creating ../../build/mqtt_ros_bridge/mqtt_ros_bridge.egg-info
writing ../../build/mqtt_ros_bridge/mqtt_ros_bridge.egg-info/PKG-INFO
writing dependency_links to ../../build/mqtt_ros_bridge/mqtt_ros_bridge.egg-info/dependency_links.txt
writing entry points to ../../build/mqtt_ros_bridge/mqtt_ros_bridge.egg-info/entry_points.txt
writing requirements to ../../build/mqtt_ros_bridge/mqtt_ros_bridge.egg-info/requires.txt
writing top-level names to ../../build/mqtt_ros_bridge/mqtt_ros_bridge.egg-info/top_level.txt
writing manifest file '../../build/mqtt_ros_bridge/mqtt_ros_bridge.egg-info/SOURCES.txt'
reading manifest file '../../build/mqtt_ros_bridge/mqtt_ros_bridge.egg-info/SOURCES.txt'
writing manifest file '../../build/mqtt_ros_bridge/mqtt_ros_bridge.egg-info/SOURCES.txt'
running build
running build_py
creating /TFG_ws/build/mqtt_ros_bridge/build
creating /TFG_ws/build/mqtt_ros_bridge/build/lib
creating /TFG_ws/build/mqtt_ros_bridge/build/lib/mqtt_ros_bridge
copying mqtt_ros_bridge/mqtt_ros_bridge_node.py -> /TFG_ws/build/mqtt_ros_bridge/build/lib/mqtt_ros_bridge
copying mqtt_ros_bridge/__init__.py -> /TFG_ws/build/mqtt_ros_bridge/build/lib/mqtt_ros_bridge
running install
running install_lib
creating /TFG_ws/install/mqtt_ros_bridge/lib/python3.12/site-packages/mqtt_ros_bridge
copying /TFG_ws/build/mqtt_ros_bridge/build/lib/mqtt_ros_bridge/mqtt_ros_bridge_node.py -> /TFG_ws/install/mqtt_ros_bridge/lib/python3.12/site-packages/mqtt_ros_bridge
copying /TFG_ws/build/mqtt_ros_bridge/build/lib/mqtt_ros_bridge/__init__.py -> /TFG_ws/install/mqtt_ros_bridge/lib/python3.12/site-packages/mqtt_ros_bridge
byte-compiling /TFG_ws/install/mqtt_ros_bridge/lib/python3.12/site-packages/mqtt_ros_bridge/mqtt_ros_bridge_node.py to mqtt_ros_bridge_node.cpython-312.pyc
byte-compiling /TFG_ws/install/mqtt_ros_bridge/lib/python3.12/site-packages/mqtt_ros_bridge/__init__.py to __init__.cpython-312.pyc
running install_data
creating /TFG_ws/install/mqtt_ros_bridge/share/ament_index
creating /TFG_ws/install/mqtt_ros_bridge/share/ament_index/resource_index
creating /TFG_ws/install/mqtt_ros_bridge/share/ament_index/resource_index/packages
copying resource/mqtt_ros_bridge -> /TFG_ws/install/mqtt_ros_bridge/share/ament_index/resource_index/packages
copying package.xml -> /TFG_ws/install/mqtt_ros_bridge/share/mqtt_ros_bridge
running install_egg_info
Copying ../../build/mqtt_ros_bridge/mqtt_ros_bridge.egg-info to /TFG_ws/install/mqtt_ros_bridge/lib/python3.12/site-packages/mqtt_ros_bridge-0.0.0-py3.12.egg-info
running install_scripts
Installing mqtt_ros_bridge_node script to /TFG_ws/install/mqtt_ros_bridge/lib/mqtt_ros_bridge
writing list of installed files to '/TFG_ws/build/mqtt_ros_bridge/install.log'
