[1.019s] Invoking command in '/TFG_ws/src/elevator_mover': PYTHONPATH=/TFG_ws/build/elevator_mover/prefix_override:/usr/lib/python3/dist-packages/colcon_core/task/python/colcon_distutils_commands:/TFG_ws/install/elevator_mover/lib/python3.12/site-packages:${PYTHONPATH} /usr/bin/python3 -W ignore:setup.py install is deprecated -W ignore:easy_install command is deprecated setup.py egg_info --egg-base ../../build/elevator_mover build --build-base /TFG_ws/build/elevator_mover/build install --record /TFG_ws/build/elevator_mover/install.log --single-version-externally-managed install_data
[1.274s] running egg_info
[1.274s] creating ../../build/elevator_mover/elevator_mover.egg-info
[1.291s] writing ../../build/elevator_mover/elevator_mover.egg-info/PKG-INFO
[1.291s] writing dependency_links to ../../build/elevator_mover/elevator_mover.egg-info/dependency_links.txt
[1.291s] writing entry points to ../../build/elevator_mover/elevator_mover.egg-info/entry_points.txt
[1.292s] writing requirements to ../../build/elevator_mover/elevator_mover.egg-info/requires.txt
[1.292s] writing top-level names to ../../build/elevator_mover/elevator_mover.egg-info/top_level.txt
[1.292s] writing manifest file '../../build/elevator_mover/elevator_mover.egg-info/SOURCES.txt'
[1.325s] reading manifest file '../../build/elevator_mover/elevator_mover.egg-info/SOURCES.txt'
[1.326s] writing manifest file '../../build/elevator_mover/elevator_mover.egg-info/SOURCES.txt'
[1.326s] running build
[1.327s] running build_py
[1.327s] creating /TFG_ws/build/elevator_mover/build
[1.327s] creating /TFG_ws/build/elevator_mover/build/lib
[1.327s] creating /TFG_ws/build/elevator_mover/build/lib/elevator_mover
[1.327s] copying elevator_mover/elevator_mover_node.py -> /TFG_ws/build/elevator_mover/build/lib/elevator_mover
[1.327s] copying elevator_mover/__init__.py -> /TFG_ws/build/elevator_mover/build/lib/elevator_mover
[1.328s] running install
[1.333s] running install_lib
[1.349s] creating /TFG_ws/install/elevator_mover/lib/python3.12/site-packages/elevator_mover
[1.349s] copying /TFG_ws/build/elevator_mover/build/lib/elevator_mover/elevator_mover_node.py -> /TFG_ws/install/elevator_mover/lib/python3.12/site-packages/elevator_mover
[1.350s] copying /TFG_ws/build/elevator_mover/build/lib/elevator_mover/__init__.py -> /TFG_ws/install/elevator_mover/lib/python3.12/site-packages/elevator_mover
[1.350s] byte-compiling /TFG_ws/install/elevator_mover/lib/python3.12/site-packages/elevator_mover/elevator_mover_node.py to elevator_mover_node.cpython-312.pyc
[1.351s] byte-compiling /TFG_ws/install/elevator_mover/lib/python3.12/site-packages/elevator_mover/__init__.py to __init__.cpython-312.pyc
[1.351s] running install_data
[1.351s] creating /TFG_ws/install/elevator_mover/share/ament_index
[1.351s] creating /TFG_ws/install/elevator_mover/share/ament_index/resource_index
[1.351s] creating /TFG_ws/install/elevator_mover/share/ament_index/resource_index/packages
[1.351s] copying resource/elevator_mover -> /TFG_ws/install/elevator_mover/share/ament_index/resource_index/packages
[1.352s] copying package.xml -> /TFG_ws/install/elevator_mover/share/elevator_mover
[1.352s] running install_egg_info
[1.370s] Copying ../../build/elevator_mover/elevator_mover.egg-info to /TFG_ws/install/elevator_mover/lib/python3.12/site-packages/elevator_mover-0.0.0-py3.12.egg-info
[1.373s] running install_scripts
[1.500s] Installing elevator_mover_node script to /TFG_ws/install/elevator_mover/lib/elevator_mover
[1.500s] writing list of installed files to '/TFG_ws/build/elevator_mover/install.log'
[1.531s] Invoked command in '/TFG_ws/src/elevator_mover' returned '0': PYTHONPATH=/TFG_ws/build/elevator_mover/prefix_override:/usr/lib/python3/dist-packages/colcon_core/task/python/colcon_distutils_commands:/TFG_ws/install/elevator_mover/lib/python3.12/site-packages:${PYTHONPATH} /usr/bin/python3 -W ignore:setup.py install is deprecated -W ignore:easy_install command is deprecated setup.py egg_info --egg-base ../../build/elevator_mover build --build-base /TFG_ws/build/elevator_mover/build install --record /TFG_ws/build/elevator_mover/install.log --single-version-externally-managed install_data
