[0.097s] DEBUG:colcon:Command line arguments: ['/usr/bin/colcon', 'build', '--symlink-install']
[0.097s] DEBUG:colcon:Parsed command line arguments: Namespace(log_base=None, log_level=None, verb_name='build', build_base='build', install_base='install', merge_install=False, symlink_install=True, test_result_base=None, continue_on_error=False, executor='parallel', parallel_workers=6, event_handlers=None, ignore_user_meta=False, metas=['./colcon.meta'], base_paths=['.'], packages_ignore=None, packages_ignore_regex=None, paths=None, packages_up_to=None, packages_up_to_regex=None, packages_above=None, packages_above_and_dependencies=None, packages_above_depth=None, packages_select_by_dep=None, packages_skip_by_dep=None, packages_skip_up_to=None, packages_select_build_failed=False, packages_skip_build_finished=False, packages_select_test_failures=False, packages_skip_test_passed=False, packages_select=None, packages_skip=None, packages_select_regex=None, packages_skip_regex=None, packages_start=None, packages_end=None, cmake_args=None, cmake_target=None, cmake_target_skip_unavailable=False, cmake_clean_cache=False, cmake_clean_first=False, cmake_force_configure=False, ament_cmake_args=None, catkin_cmake_args=None, catkin_skip_building_tests=False, mixin_files=None, mixin=None, verb_parser=<colcon_mixin.mixin.mixin_argument.MixinArgumentDecorator object at 0x7d80d365ae60>, verb_extension=<colcon_core.verb.build.BuildVerb object at 0x7d80d3767dc0>, main=<bound method BuildVerb.main of <colcon_core.verb.build.BuildVerb object at 0x7d80d3767dc0>>, mixin_verb=('build',))
[0.206s] Level 1:colcon.colcon_core.package_discovery:discover_packages(colcon_meta) check parameters
[0.207s] INFO:colcon.colcon_metadata.package_discovery.colcon_meta:Using configuration from '/root/.colcon/metadata/default/Gazebo.meta'
[0.207s] INFO:colcon.colcon_metadata.package_discovery.colcon_meta:Using configuration from '/root/.colcon/metadata/default/fastdds.meta'
[0.208s] INFO:colcon.colcon_metadata.package_discovery.colcon_meta:Using configuration from '/root/.colcon/metadata/default/fastrtps.meta'
[0.208s] Level 1:colcon.colcon_core.package_discovery:discover_packages(recursive) check parameters
[0.208s] Level 1:colcon.colcon_core.package_discovery:discover_packages(ignore) check parameters
[0.208s] Level 1:colcon.colcon_core.package_discovery:discover_packages(path) check parameters
[0.208s] Level 1:colcon.colcon_core.package_discovery:discover_packages(colcon_meta) discover
[0.208s] Level 1:colcon.colcon_core.package_discovery:discover_packages(recursive) discover
[0.208s] INFO:colcon.colcon_core.package_discovery:Crawling recursively for packages in '/TFG_ws'
[0.208s] Level 1:colcon.colcon_core.package_identification:_identify(.) by extensions ['ignore', 'ignore_ament_install']
[0.208s] Level 1:colcon.colcon_core.package_identification:_identify(.) by extension 'ignore'
[0.208s] Level 1:colcon.colcon_core.package_identification:_identify(.) by extension 'ignore_ament_install'
[0.208s] Level 1:colcon.colcon_core.package_identification:_identify(.) by extensions ['colcon_pkg']
[0.208s] Level 1:colcon.colcon_core.package_identification:_identify(.) by extension 'colcon_pkg'
[0.208s] Level 1:colcon.colcon_core.package_identification:_identify(.) by extensions ['colcon_meta']
[0.208s] Level 1:colcon.colcon_core.package_identification:_identify(.) by extension 'colcon_meta'
[0.208s] Level 1:colcon.colcon_core.package_identification:_identify(.) by extensions ['ros']
[0.208s] Level 1:colcon.colcon_core.package_identification:_identify(.) by extension 'ros'
[0.217s] Level 1:colcon.colcon_core.package_identification:_identify(.) by extensions ['cmake', 'python']
[0.217s] Level 1:colcon.colcon_core.package_identification:_identify(.) by extension 'cmake'
[0.217s] Level 1:colcon.colcon_core.package_identification:_identify(.) by extension 'python'
[0.217s] Level 1:colcon.colcon_core.package_identification:_identify(.) by extensions ['python_setup_py']
[0.217s] Level 1:colcon.colcon_core.package_identification:_identify(.) by extension 'python_setup_py'
[0.217s] Level 1:colcon.colcon_core.package_identification:_identify(build) by extensions ['ignore', 'ignore_ament_install']
[0.217s] Level 1:colcon.colcon_core.package_identification:_identify(build) by extension 'ignore'
[0.218s] Level 1:colcon.colcon_core.package_identification:_identify(build) ignored
[0.218s] Level 1:colcon.colcon_core.package_identification:_identify(install) by extensions ['ignore', 'ignore_ament_install']
[0.218s] Level 1:colcon.colcon_core.package_identification:_identify(install) by extension 'ignore'
[0.218s] Level 1:colcon.colcon_core.package_identification:_identify(install) ignored
[0.218s] Level 1:colcon.colcon_core.package_identification:_identify(log) by extensions ['ignore', 'ignore_ament_install']
[0.218s] Level 1:colcon.colcon_core.package_identification:_identify(log) by extension 'ignore'
[0.218s] Level 1:colcon.colcon_core.package_identification:_identify(log) ignored
[0.218s] Level 1:colcon.colcon_core.package_identification:_identify(src) by extensions ['ignore', 'ignore_ament_install']
[0.218s] Level 1:colcon.colcon_core.package_identification:_identify(src) by extension 'ignore'
[0.218s] Level 1:colcon.colcon_core.package_identification:_identify(src) by extension 'ignore_ament_install'
[0.218s] Level 1:colcon.colcon_core.package_identification:_identify(src) by extensions ['colcon_pkg']
[0.218s] Level 1:colcon.colcon_core.package_identification:_identify(src) by extension 'colcon_pkg'
[0.218s] Level 1:colcon.colcon_core.package_identification:_identify(src) by extensions ['colcon_meta']
[0.218s] Level 1:colcon.colcon_core.package_identification:_identify(src) by extension 'colcon_meta'
[0.218s] Level 1:colcon.colcon_core.package_identification:_identify(src) by extensions ['ros']
[0.218s] Level 1:colcon.colcon_core.package_identification:_identify(src) by extension 'ros'
[0.218s] Level 1:colcon.colcon_core.package_identification:_identify(src) by extensions ['cmake', 'python']
[0.218s] Level 1:colcon.colcon_core.package_identification:_identify(src) by extension 'cmake'
[0.218s] Level 1:colcon.colcon_core.package_identification:_identify(src) by extension 'python'
[0.218s] Level 1:colcon.colcon_core.package_identification:_identify(src) by extensions ['python_setup_py']
[0.218s] Level 1:colcon.colcon_core.package_identification:_identify(src) by extension 'python_setup_py'
[0.219s] Level 1:colcon.colcon_core.package_identification:_identify(src/TFG_ws) by extensions ['ignore', 'ignore_ament_install']
[0.219s] Level 1:colcon.colcon_core.package_identification:_identify(src/TFG_ws) by extension 'ignore'
[0.219s] Level 1:colcon.colcon_core.package_identification:_identify(src/TFG_ws) by extension 'ignore_ament_install'
[0.219s] Level 1:colcon.colcon_core.package_identification:_identify(src/TFG_ws) by extensions ['colcon_pkg']
[0.219s] Level 1:colcon.colcon_core.package_identification:_identify(src/TFG_ws) by extension 'colcon_pkg'
[0.219s] Level 1:colcon.colcon_core.package_identification:_identify(src/TFG_ws) by extensions ['colcon_meta']
[0.219s] Level 1:colcon.colcon_core.package_identification:_identify(src/TFG_ws) by extension 'colcon_meta'
[0.219s] Level 1:colcon.colcon_core.package_identification:_identify(src/TFG_ws) by extensions ['ros']
[0.219s] Level 1:colcon.colcon_core.package_identification:_identify(src/TFG_ws) by extension 'ros'
[0.219s] Level 1:colcon.colcon_core.package_identification:_identify(src/TFG_ws) by extensions ['cmake', 'python']
[0.219s] Level 1:colcon.colcon_core.package_identification:_identify(src/TFG_ws) by extension 'cmake'
[0.219s] Level 1:colcon.colcon_core.package_identification:_identify(src/TFG_ws) by extension 'python'
[0.219s] Level 1:colcon.colcon_core.package_identification:_identify(src/TFG_ws) by extensions ['python_setup_py']
[0.219s] Level 1:colcon.colcon_core.package_identification:_identify(src/TFG_ws) by extension 'python_setup_py'
[0.219s] Level 1:colcon.colcon_core.package_identification:_identify(src/elevator_mover) by extensions ['ignore', 'ignore_ament_install']
[0.219s] Level 1:colcon.colcon_core.package_identification:_identify(src/elevator_mover) by extension 'ignore'
[0.219s] Level 1:colcon.colcon_core.package_identification:_identify(src/elevator_mover) by extension 'ignore_ament_install'
[0.219s] Level 1:colcon.colcon_core.package_identification:_identify(src/elevator_mover) by extensions ['colcon_pkg']
[0.219s] Level 1:colcon.colcon_core.package_identification:_identify(src/elevator_mover) by extension 'colcon_pkg'
[0.219s] Level 1:colcon.colcon_core.package_identification:_identify(src/elevator_mover) by extensions ['colcon_meta']
[0.219s] Level 1:colcon.colcon_core.package_identification:_identify(src/elevator_mover) by extension 'colcon_meta'
[0.219s] Level 1:colcon.colcon_core.package_identification:_identify(src/elevator_mover) by extensions ['ros']
[0.219s] Level 1:colcon.colcon_core.package_identification:_identify(src/elevator_mover) by extension 'ros'
[0.221s] DEBUG:colcon.colcon_core.package_identification:Package 'src/elevator_mover' with type 'ros.ament_python' and name 'elevator_mover'
[0.221s] Level 1:colcon.colcon_core.package_identification:_identify(src/mqtt_ros_bridge) by extensions ['ignore', 'ignore_ament_install']
[0.221s] Level 1:colcon.colcon_core.package_identification:_identify(src/mqtt_ros_bridge) by extension 'ignore'
[0.221s] Level 1:colcon.colcon_core.package_identification:_identify(src/mqtt_ros_bridge) by extension 'ignore_ament_install'
[0.221s] Level 1:colcon.colcon_core.package_identification:_identify(src/mqtt_ros_bridge) by extensions ['colcon_pkg']
[0.222s] Level 1:colcon.colcon_core.package_identification:_identify(src/mqtt_ros_bridge) by extension 'colcon_pkg'
[0.222s] Level 1:colcon.colcon_core.package_identification:_identify(src/mqtt_ros_bridge) by extensions ['colcon_meta']
[0.222s] Level 1:colcon.colcon_core.package_identification:_identify(src/mqtt_ros_bridge) by extension 'colcon_meta'
[0.222s] Level 1:colcon.colcon_core.package_identification:_identify(src/mqtt_ros_bridge) by extensions ['ros']
[0.222s] Level 1:colcon.colcon_core.package_identification:_identify(src/mqtt_ros_bridge) by extension 'ros'
[0.222s] DEBUG:colcon.colcon_core.package_identification:Package 'src/mqtt_ros_bridge' with type 'ros.ament_python' and name 'mqtt_ros_bridge'
[0.222s] Level 1:colcon.colcon_core.package_identification:_identify(src/rmf_nayar) by extensions ['ignore', 'ignore_ament_install']
[0.222s] Level 1:colcon.colcon_core.package_identification:_identify(src/rmf_nayar) by extension 'ignore'
[0.222s] Level 1:colcon.colcon_core.package_identification:_identify(src/rmf_nayar) by extension 'ignore_ament_install'
[0.222s] Level 1:colcon.colcon_core.package_identification:_identify(src/rmf_nayar) by extensions ['colcon_pkg']
[0.222s] Level 1:colcon.colcon_core.package_identification:_identify(src/rmf_nayar) by extension 'colcon_pkg'
[0.222s] Level 1:colcon.colcon_core.package_identification:_identify(src/rmf_nayar) by extensions ['colcon_meta']
[0.222s] Level 1:colcon.colcon_core.package_identification:_identify(src/rmf_nayar) by extension 'colcon_meta'
[0.222s] Level 1:colcon.colcon_core.package_identification:_identify(src/rmf_nayar) by extensions ['ros']
[0.223s] Level 1:colcon.colcon_core.package_identification:_identify(src/rmf_nayar) by extension 'ros'
[0.224s] DEBUG:colcon.colcon_core.package_identification:Package 'src/rmf_nayar' with type 'ros.ament_cmake' and name 'rmf_nayar'
[0.224s] Level 1:colcon.colcon_core.package_identification:_identify(src/rmf_reservation) by extensions ['ignore', 'ignore_ament_install']
[0.224s] Level 1:colcon.colcon_core.package_identification:_identify(src/rmf_reservation) by extension 'ignore'
[0.224s] Level 1:colcon.colcon_core.package_identification:_identify(src/rmf_reservation) by extension 'ignore_ament_install'
[0.224s] Level 1:colcon.colcon_core.package_identification:_identify(src/rmf_reservation) by extensions ['colcon_pkg']
[0.224s] Level 1:colcon.colcon_core.package_identification:_identify(src/rmf_reservation) by extension 'colcon_pkg'
[0.224s] Level 1:colcon.colcon_core.package_identification:_identify(src/rmf_reservation) by extensions ['colcon_meta']
[0.224s] Level 1:colcon.colcon_core.package_identification:_identify(src/rmf_reservation) by extension 'colcon_meta'
[0.224s] Level 1:colcon.colcon_core.package_identification:_identify(src/rmf_reservation) by extensions ['ros']
[0.224s] Level 1:colcon.colcon_core.package_identification:_identify(src/rmf_reservation) by extension 'ros'
[0.224s] Level 1:colcon.colcon_core.package_identification:_identify(src/rmf_reservation) by extensions ['cmake', 'python']
[0.224s] Level 1:colcon.colcon_core.package_identification:_identify(src/rmf_reservation) by extension 'cmake'
[0.224s] Level 1:colcon.colcon_core.package_identification:_identify(src/rmf_reservation) by extension 'python'
[0.225s] Level 1:colcon.colcon_core.package_identification:_identify(src/rmf_reservation) by extensions ['python_setup_py']
[0.225s] Level 1:colcon.colcon_core.package_identification:_identify(src/rmf_reservation) by extension 'python_setup_py'
[0.225s] Level 1:colcon.colcon_core.package_identification:_identify(src/rmf_reservation/data_analysis) by extensions ['ignore', 'ignore_ament_install']
[0.225s] Level 1:colcon.colcon_core.package_identification:_identify(src/rmf_reservation/data_analysis) by extension 'ignore'
[0.225s] Level 1:colcon.colcon_core.package_identification:_identify(src/rmf_reservation/data_analysis) by extension 'ignore_ament_install'
[0.225s] Level 1:colcon.colcon_core.package_identification:_identify(src/rmf_reservation/data_analysis) by extensions ['colcon_pkg']
[0.225s] Level 1:colcon.colcon_core.package_identification:_identify(src/rmf_reservation/data_analysis) by extension 'colcon_pkg'
[0.225s] Level 1:colcon.colcon_core.package_identification:_identify(src/rmf_reservation/data_analysis) by extensions ['colcon_meta']
[0.225s] Level 1:colcon.colcon_core.package_identification:_identify(src/rmf_reservation/data_analysis) by extension 'colcon_meta'
[0.225s] Level 1:colcon.colcon_core.package_identification:_identify(src/rmf_reservation/data_analysis) by extensions ['ros']
[0.225s] Level 1:colcon.colcon_core.package_identification:_identify(src/rmf_reservation/data_analysis) by extension 'ros'
[0.225s] Level 1:colcon.colcon_core.package_identification:_identify(src/rmf_reservation/data_analysis) by extensions ['cmake', 'python']
[0.225s] Level 1:colcon.colcon_core.package_identification:_identify(src/rmf_reservation/data_analysis) by extension 'cmake'
[0.225s] Level 1:colcon.colcon_core.package_identification:_identify(src/rmf_reservation/data_analysis) by extension 'python'
[0.225s] Level 1:colcon.colcon_core.package_identification:_identify(src/rmf_reservation/data_analysis) by extensions ['python_setup_py']
[0.225s] Level 1:colcon.colcon_core.package_identification:_identify(src/rmf_reservation/data_analysis) by extension 'python_setup_py'
[0.225s] Level 1:colcon.colcon_core.package_identification:_identify(src/rmf_reservation/docs) by extensions ['ignore', 'ignore_ament_install']
[0.225s] Level 1:colcon.colcon_core.package_identification:_identify(src/rmf_reservation/docs) by extension 'ignore'
[0.225s] Level 1:colcon.colcon_core.package_identification:_identify(src/rmf_reservation/docs) by extension 'ignore_ament_install'
[0.225s] Level 1:colcon.colcon_core.package_identification:_identify(src/rmf_reservation/docs) by extensions ['colcon_pkg']
[0.225s] Level 1:colcon.colcon_core.package_identification:_identify(src/rmf_reservation/docs) by extension 'colcon_pkg'
[0.226s] Level 1:colcon.colcon_core.package_identification:_identify(src/rmf_reservation/docs) by extensions ['colcon_meta']
[0.226s] Level 1:colcon.colcon_core.package_identification:_identify(src/rmf_reservation/docs) by extension 'colcon_meta'
[0.226s] Level 1:colcon.colcon_core.package_identification:_identify(src/rmf_reservation/docs) by extensions ['ros']
[0.226s] Level 1:colcon.colcon_core.package_identification:_identify(src/rmf_reservation/docs) by extension 'ros'
[0.226s] Level 1:colcon.colcon_core.package_identification:_identify(src/rmf_reservation/docs) by extensions ['cmake', 'python']
[0.226s] Level 1:colcon.colcon_core.package_identification:_identify(src/rmf_reservation/docs) by extension 'cmake'
[0.226s] Level 1:colcon.colcon_core.package_identification:_identify(src/rmf_reservation/docs) by extension 'python'
[0.226s] Level 1:colcon.colcon_core.package_identification:_identify(src/rmf_reservation/docs) by extensions ['python_setup_py']
[0.226s] Level 1:colcon.colcon_core.package_identification:_identify(src/rmf_reservation/docs) by extension 'python_setup_py'
[0.226s] Level 1:colcon.colcon_core.package_identification:_identify(src/rmf_reservation/examples) by extensions ['ignore', 'ignore_ament_install']
[0.226s] Level 1:colcon.colcon_core.package_identification:_identify(src/rmf_reservation/examples) by extension 'ignore'
[0.226s] Level 1:colcon.colcon_core.package_identification:_identify(src/rmf_reservation/examples) by extension 'ignore_ament_install'
[0.226s] Level 1:colcon.colcon_core.package_identification:_identify(src/rmf_reservation/examples) by extensions ['colcon_pkg']
[0.226s] Level 1:colcon.colcon_core.package_identification:_identify(src/rmf_reservation/examples) by extension 'colcon_pkg'
[0.226s] Level 1:colcon.colcon_core.package_identification:_identify(src/rmf_reservation/examples) by extensions ['colcon_meta']
[0.226s] Level 1:colcon.colcon_core.package_identification:_identify(src/rmf_reservation/examples) by extension 'colcon_meta'
[0.226s] Level 1:colcon.colcon_core.package_identification:_identify(src/rmf_reservation/examples) by extensions ['ros']
[0.226s] Level 1:colcon.colcon_core.package_identification:_identify(src/rmf_reservation/examples) by extension 'ros'
[0.226s] Level 1:colcon.colcon_core.package_identification:_identify(src/rmf_reservation/examples) by extensions ['cmake', 'python']
[0.226s] Level 1:colcon.colcon_core.package_identification:_identify(src/rmf_reservation/examples) by extension 'cmake'
[0.226s] Level 1:colcon.colcon_core.package_identification:_identify(src/rmf_reservation/examples) by extension 'python'
[0.226s] Level 1:colcon.colcon_core.package_identification:_identify(src/rmf_reservation/examples) by extensions ['python_setup_py']
[0.226s] Level 1:colcon.colcon_core.package_identification:_identify(src/rmf_reservation/examples) by extension 'python_setup_py'
[0.227s] Level 1:colcon.colcon_core.package_identification:_identify(src/rmf_reservation/src) by extensions ['ignore', 'ignore_ament_install']
[0.227s] Level 1:colcon.colcon_core.package_identification:_identify(src/rmf_reservation/src) by extension 'ignore'
[0.227s] Level 1:colcon.colcon_core.package_identification:_identify(src/rmf_reservation/src) by extension 'ignore_ament_install'
[0.227s] Level 1:colcon.colcon_core.package_identification:_identify(src/rmf_reservation/src) by extensions ['colcon_pkg']
[0.227s] Level 1:colcon.colcon_core.package_identification:_identify(src/rmf_reservation/src) by extension 'colcon_pkg'
[0.227s] Level 1:colcon.colcon_core.package_identification:_identify(src/rmf_reservation/src) by extensions ['colcon_meta']
[0.227s] Level 1:colcon.colcon_core.package_identification:_identify(src/rmf_reservation/src) by extension 'colcon_meta'
[0.227s] Level 1:colcon.colcon_core.package_identification:_identify(src/rmf_reservation/src) by extensions ['ros']
[0.227s] Level 1:colcon.colcon_core.package_identification:_identify(src/rmf_reservation/src) by extension 'ros'
[0.227s] Level 1:colcon.colcon_core.package_identification:_identify(src/rmf_reservation/src) by extensions ['cmake', 'python']
[0.227s] Level 1:colcon.colcon_core.package_identification:_identify(src/rmf_reservation/src) by extension 'cmake'
[0.227s] Level 1:colcon.colcon_core.package_identification:_identify(src/rmf_reservation/src) by extension 'python'
[0.227s] Level 1:colcon.colcon_core.package_identification:_identify(src/rmf_reservation/src) by extensions ['python_setup_py']
[0.227s] Level 1:colcon.colcon_core.package_identification:_identify(src/rmf_reservation/src) by extension 'python_setup_py'
[0.227s] Level 1:colcon.colcon_core.package_identification:_identify(src/rmf_reservation/src/algorithms) by extensions ['ignore', 'ignore_ament_install']
[0.227s] Level 1:colcon.colcon_core.package_identification:_identify(src/rmf_reservation/src/algorithms) by extension 'ignore'
[0.227s] Level 1:colcon.colcon_core.package_identification:_identify(src/rmf_reservation/src/algorithms) by extension 'ignore_ament_install'
[0.227s] Level 1:colcon.colcon_core.package_identification:_identify(src/rmf_reservation/src/algorithms) by extensions ['colcon_pkg']
[0.227s] Level 1:colcon.colcon_core.package_identification:_identify(src/rmf_reservation/src/algorithms) by extension 'colcon_pkg'
[0.227s] Level 1:colcon.colcon_core.package_identification:_identify(src/rmf_reservation/src/algorithms) by extensions ['colcon_meta']
[0.227s] Level 1:colcon.colcon_core.package_identification:_identify(src/rmf_reservation/src/algorithms) by extension 'colcon_meta'
[0.227s] Level 1:colcon.colcon_core.package_identification:_identify(src/rmf_reservation/src/algorithms) by extensions ['ros']
[0.227s] Level 1:colcon.colcon_core.package_identification:_identify(src/rmf_reservation/src/algorithms) by extension 'ros'
[0.228s] Level 1:colcon.colcon_core.package_identification:_identify(src/rmf_reservation/src/algorithms) by extensions ['cmake', 'python']
[0.228s] Level 1:colcon.colcon_core.package_identification:_identify(src/rmf_reservation/src/algorithms) by extension 'cmake'
[0.228s] Level 1:colcon.colcon_core.package_identification:_identify(src/rmf_reservation/src/algorithms) by extension 'python'
[0.228s] Level 1:colcon.colcon_core.package_identification:_identify(src/rmf_reservation/src/algorithms) by extensions ['python_setup_py']
[0.228s] Level 1:colcon.colcon_core.package_identification:_identify(src/rmf_reservation/src/algorithms) by extension 'python_setup_py'
[0.228s] Level 1:colcon.colcon_core.package_identification:_identify(src/rmf_reservation/src/cost_function) by extensions ['ignore', 'ignore_ament_install']
[0.228s] Level 1:colcon.colcon_core.package_identification:_identify(src/rmf_reservation/src/cost_function) by extension 'ignore'
[0.228s] Level 1:colcon.colcon_core.package_identification:_identify(src/rmf_reservation/src/cost_function) by extension 'ignore_ament_install'
[0.228s] Level 1:colcon.colcon_core.package_identification:_identify(src/rmf_reservation/src/cost_function) by extensions ['colcon_pkg']
[0.228s] Level 1:colcon.colcon_core.package_identification:_identify(src/rmf_reservation/src/cost_function) by extension 'colcon_pkg'
[0.228s] Level 1:colcon.colcon_core.package_identification:_identify(src/rmf_reservation/src/cost_function) by extensions ['colcon_meta']
[0.228s] Level 1:colcon.colcon_core.package_identification:_identify(src/rmf_reservation/src/cost_function) by extension 'colcon_meta'
[0.228s] Level 1:colcon.colcon_core.package_identification:_identify(src/rmf_reservation/src/cost_function) by extensions ['ros']
[0.228s] Level 1:colcon.colcon_core.package_identification:_identify(src/rmf_reservation/src/cost_function) by extension 'ros'
[0.228s] Level 1:colcon.colcon_core.package_identification:_identify(src/rmf_reservation/src/cost_function) by extensions ['cmake', 'python']
[0.228s] Level 1:colcon.colcon_core.package_identification:_identify(src/rmf_reservation/src/cost_function) by extension 'cmake'
[0.228s] Level 1:colcon.colcon_core.package_identification:_identify(src/rmf_reservation/src/cost_function) by extension 'python'
[0.228s] Level 1:colcon.colcon_core.package_identification:_identify(src/rmf_reservation/src/cost_function) by extensions ['python_setup_py']
[0.228s] Level 1:colcon.colcon_core.package_identification:_identify(src/rmf_reservation/src/cost_function) by extension 'python_setup_py'
[0.228s] Level 1:colcon.colcon_core.package_identification:_identify(src/rmf_reservation/src/database) by extensions ['ignore', 'ignore_ament_install']
[0.228s] Level 1:colcon.colcon_core.package_identification:_identify(src/rmf_reservation/src/database) by extension 'ignore'
[0.228s] Level 1:colcon.colcon_core.package_identification:_identify(src/rmf_reservation/src/database) by extension 'ignore_ament_install'
[0.228s] Level 1:colcon.colcon_core.package_identification:_identify(src/rmf_reservation/src/database) by extensions ['colcon_pkg']
[0.229s] Level 1:colcon.colcon_core.package_identification:_identify(src/rmf_reservation/src/database) by extension 'colcon_pkg'
[0.229s] Level 1:colcon.colcon_core.package_identification:_identify(src/rmf_reservation/src/database) by extensions ['colcon_meta']
[0.229s] Level 1:colcon.colcon_core.package_identification:_identify(src/rmf_reservation/src/database) by extension 'colcon_meta'
[0.229s] Level 1:colcon.colcon_core.package_identification:_identify(src/rmf_reservation/src/database) by extensions ['ros']
[0.229s] Level 1:colcon.colcon_core.package_identification:_identify(src/rmf_reservation/src/database) by extension 'ros'
[0.229s] Level 1:colcon.colcon_core.package_identification:_identify(src/rmf_reservation/src/database) by extensions ['cmake', 'python']
[0.229s] Level 1:colcon.colcon_core.package_identification:_identify(src/rmf_reservation/src/database) by extension 'cmake'
[0.229s] Level 1:colcon.colcon_core.package_identification:_identify(src/rmf_reservation/src/database) by extension 'python'
[0.229s] Level 1:colcon.colcon_core.package_identification:_identify(src/rmf_reservation/src/database) by extensions ['python_setup_py']
[0.229s] Level 1:colcon.colcon_core.package_identification:_identify(src/rmf_reservation/src/database) by extension 'python_setup_py'
[0.229s] Level 1:colcon.colcon_core.package_identification:_identify(src/rmf_reservation/src/discretization) by extensions ['ignore', 'ignore_ament_install']
[0.229s] Level 1:colcon.colcon_core.package_identification:_identify(src/rmf_reservation/src/discretization) by extension 'ignore'
[0.229s] Level 1:colcon.colcon_core.package_identification:_identify(src/rmf_reservation/src/discretization) by extension 'ignore_ament_install'
[0.229s] Level 1:colcon.colcon_core.package_identification:_identify(src/rmf_reservation/src/discretization) by extensions ['colcon_pkg']
[0.229s] Level 1:colcon.colcon_core.package_identification:_identify(src/rmf_reservation/src/discretization) by extension 'colcon_pkg'
[0.229s] Level 1:colcon.colcon_core.package_identification:_identify(src/rmf_reservation/src/discretization) by extensions ['colcon_meta']
[0.229s] Level 1:colcon.colcon_core.package_identification:_identify(src/rmf_reservation/src/discretization) by extension 'colcon_meta'
[0.229s] Level 1:colcon.colcon_core.package_identification:_identify(src/rmf_reservation/src/discretization) by extensions ['ros']
[0.229s] Level 1:colcon.colcon_core.package_identification:_identify(src/rmf_reservation/src/discretization) by extension 'ros'
[0.229s] Level 1:colcon.colcon_core.package_identification:_identify(src/rmf_reservation/src/discretization) by extensions ['cmake', 'python']
[0.229s] Level 1:colcon.colcon_core.package_identification:_identify(src/rmf_reservation/src/discretization) by extension 'cmake'
[0.229s] Level 1:colcon.colcon_core.package_identification:_identify(src/rmf_reservation/src/discretization) by extension 'python'
[0.229s] Level 1:colcon.colcon_core.package_identification:_identify(src/rmf_reservation/src/discretization) by extensions ['python_setup_py']
[0.230s] Level 1:colcon.colcon_core.package_identification:_identify(src/rmf_reservation/src/discretization) by extension 'python_setup_py'
[0.230s] Level 1:colcon.colcon_core.package_identification:_identify(src/rmf_reservation/src/scenario_generation) by extensions ['ignore', 'ignore_ament_install']
[0.230s] Level 1:colcon.colcon_core.package_identification:_identify(src/rmf_reservation/src/scenario_generation) by extension 'ignore'
[0.230s] Level 1:colcon.colcon_core.package_identification:_identify(src/rmf_reservation/src/scenario_generation) by extension 'ignore_ament_install'
[0.230s] Level 1:colcon.colcon_core.package_identification:_identify(src/rmf_reservation/src/scenario_generation) by extensions ['colcon_pkg']
[0.230s] Level 1:colcon.colcon_core.package_identification:_identify(src/rmf_reservation/src/scenario_generation) by extension 'colcon_pkg'
[0.230s] Level 1:colcon.colcon_core.package_identification:_identify(src/rmf_reservation/src/scenario_generation) by extensions ['colcon_meta']
[0.230s] Level 1:colcon.colcon_core.package_identification:_identify(src/rmf_reservation/src/scenario_generation) by extension 'colcon_meta'
[0.230s] Level 1:colcon.colcon_core.package_identification:_identify(src/rmf_reservation/src/scenario_generation) by extensions ['ros']
[0.230s] Level 1:colcon.colcon_core.package_identification:_identify(src/rmf_reservation/src/scenario_generation) by extension 'ros'
[0.230s] Level 1:colcon.colcon_core.package_identification:_identify(src/rmf_reservation/src/scenario_generation) by extensions ['cmake', 'python']
[0.230s] Level 1:colcon.colcon_core.package_identification:_identify(src/rmf_reservation/src/scenario_generation) by extension 'cmake'
[0.230s] Level 1:colcon.colcon_core.package_identification:_identify(src/rmf_reservation/src/scenario_generation) by extension 'python'
[0.230s] Level 1:colcon.colcon_core.package_identification:_identify(src/rmf_reservation/src/scenario_generation) by extensions ['python_setup_py']
[0.230s] Level 1:colcon.colcon_core.package_identification:_identify(src/rmf_reservation/src/scenario_generation) by extension 'python_setup_py'
[0.230s] Level 1:colcon.colcon_core.package_identification:_identify(src/rmf_reservation/src/utils) by extensions ['ignore', 'ignore_ament_install']
[0.230s] Level 1:colcon.colcon_core.package_identification:_identify(src/rmf_reservation/src/utils) by extension 'ignore'
[0.230s] Level 1:colcon.colcon_core.package_identification:_identify(src/rmf_reservation/src/utils) by extension 'ignore_ament_install'
[0.230s] Level 1:colcon.colcon_core.package_identification:_identify(src/rmf_reservation/src/utils) by extensions ['colcon_pkg']
[0.230s] Level 1:colcon.colcon_core.package_identification:_identify(src/rmf_reservation/src/utils) by extension 'colcon_pkg'
[0.230s] Level 1:colcon.colcon_core.package_identification:_identify(src/rmf_reservation/src/utils) by extensions ['colcon_meta']
[0.230s] Level 1:colcon.colcon_core.package_identification:_identify(src/rmf_reservation/src/utils) by extension 'colcon_meta'
[0.230s] Level 1:colcon.colcon_core.package_identification:_identify(src/rmf_reservation/src/utils) by extensions ['ros']
[0.231s] Level 1:colcon.colcon_core.package_identification:_identify(src/rmf_reservation/src/utils) by extension 'ros'
[0.231s] Level 1:colcon.colcon_core.package_identification:_identify(src/rmf_reservation/src/utils) by extensions ['cmake', 'python']
[0.231s] Level 1:colcon.colcon_core.package_identification:_identify(src/rmf_reservation/src/utils) by extension 'cmake'
[0.231s] Level 1:colcon.colcon_core.package_identification:_identify(src/rmf_reservation/src/utils) by extension 'python'
[0.231s] Level 1:colcon.colcon_core.package_identification:_identify(src/rmf_reservation/src/utils) by extensions ['python_setup_py']
[0.231s] Level 1:colcon.colcon_core.package_identification:_identify(src/rmf_reservation/src/utils) by extension 'python_setup_py'
[0.231s] Level 1:colcon.colcon_core.package_identification:_identify(src/rmf_reservation/src/wait_points) by extensions ['ignore', 'ignore_ament_install']
[0.231s] Level 1:colcon.colcon_core.package_identification:_identify(src/rmf_reservation/src/wait_points) by extension 'ignore'
[0.231s] Level 1:colcon.colcon_core.package_identification:_identify(src/rmf_reservation/src/wait_points) by extension 'ignore_ament_install'
[0.231s] Level 1:colcon.colcon_core.package_identification:_identify(src/rmf_reservation/src/wait_points) by extensions ['colcon_pkg']
[0.231s] Level 1:colcon.colcon_core.package_identification:_identify(src/rmf_reservation/src/wait_points) by extension 'colcon_pkg'
[0.231s] Level 1:colcon.colcon_core.package_identification:_identify(src/rmf_reservation/src/wait_points) by extensions ['colcon_meta']
[0.231s] Level 1:colcon.colcon_core.package_identification:_identify(src/rmf_reservation/src/wait_points) by extension 'colcon_meta'
[0.231s] Level 1:colcon.colcon_core.package_identification:_identify(src/rmf_reservation/src/wait_points) by extensions ['ros']
[0.231s] Level 1:colcon.colcon_core.package_identification:_identify(src/rmf_reservation/src/wait_points) by extension 'ros'
[0.231s] Level 1:colcon.colcon_core.package_identification:_identify(src/rmf_reservation/src/wait_points) by extensions ['cmake', 'python']
[0.231s] Level 1:colcon.colcon_core.package_identification:_identify(src/rmf_reservation/src/wait_points) by extension 'cmake'
[0.231s] Level 1:colcon.colcon_core.package_identification:_identify(src/rmf_reservation/src/wait_points) by extension 'python'
[0.231s] Level 1:colcon.colcon_core.package_identification:_identify(src/rmf_reservation/src/wait_points) by extensions ['python_setup_py']
[0.231s] Level 1:colcon.colcon_core.package_identification:_identify(src/rmf_reservation/src/wait_points) by extension 'python_setup_py'
[0.231s] Level 1:colcon.colcon_core.package_discovery:discover_packages(recursive) using defaults
[0.231s] Level 1:colcon.colcon_core.package_discovery:discover_packages(ignore) discover
[0.231s] Level 1:colcon.colcon_core.package_discovery:discover_packages(ignore) using defaults
[0.231s] Level 1:colcon.colcon_core.package_discovery:discover_packages(path) discover
[0.231s] Level 1:colcon.colcon_core.package_discovery:discover_packages(path) using defaults
[0.248s] Level 5:colcon.colcon_core.verb:set package 'elevator_mover' build argument 'cmake_args' from command line to 'None'
[0.248s] Level 5:colcon.colcon_core.verb:set package 'elevator_mover' build argument 'cmake_target' from command line to 'None'
[0.248s] Level 5:colcon.colcon_core.verb:set package 'elevator_mover' build argument 'cmake_target_skip_unavailable' from command line to 'False'
[0.248s] Level 5:colcon.colcon_core.verb:set package 'elevator_mover' build argument 'cmake_clean_cache' from command line to 'False'
[0.248s] Level 5:colcon.colcon_core.verb:set package 'elevator_mover' build argument 'cmake_clean_first' from command line to 'False'
[0.248s] Level 5:colcon.colcon_core.verb:set package 'elevator_mover' build argument 'cmake_force_configure' from command line to 'False'
[0.248s] Level 5:colcon.colcon_core.verb:set package 'elevator_mover' build argument 'ament_cmake_args' from command line to 'None'
[0.248s] Level 5:colcon.colcon_core.verb:set package 'elevator_mover' build argument 'catkin_cmake_args' from command line to 'None'
[0.248s] Level 5:colcon.colcon_core.verb:set package 'elevator_mover' build argument 'catkin_skip_building_tests' from command line to 'False'
[0.248s] DEBUG:colcon.colcon_core.verb:Building package 'elevator_mover' with the following arguments: {'ament_cmake_args': None, 'build_base': '/TFG_ws/build/elevator_mover', 'catkin_cmake_args': None, 'catkin_skip_building_tests': False, 'cmake_args': None, 'cmake_clean_cache': False, 'cmake_clean_first': False, 'cmake_force_configure': False, 'cmake_target': None, 'cmake_target_skip_unavailable': False, 'install_base': '/TFG_ws/install/elevator_mover', 'merge_install': False, 'path': '/TFG_ws/src/elevator_mover', 'symlink_install': True, 'test_result_base': None}
[0.248s] Level 5:colcon.colcon_core.verb:set package 'mqtt_ros_bridge' build argument 'cmake_args' from command line to 'None'
[0.248s] Level 5:colcon.colcon_core.verb:set package 'mqtt_ros_bridge' build argument 'cmake_target' from command line to 'None'
[0.248s] Level 5:colcon.colcon_core.verb:set package 'mqtt_ros_bridge' build argument 'cmake_target_skip_unavailable' from command line to 'False'
[0.248s] Level 5:colcon.colcon_core.verb:set package 'mqtt_ros_bridge' build argument 'cmake_clean_cache' from command line to 'False'
[0.248s] Level 5:colcon.colcon_core.verb:set package 'mqtt_ros_bridge' build argument 'cmake_clean_first' from command line to 'False'
[0.248s] Level 5:colcon.colcon_core.verb:set package 'mqtt_ros_bridge' build argument 'cmake_force_configure' from command line to 'False'
[0.248s] Level 5:colcon.colcon_core.verb:set package 'mqtt_ros_bridge' build argument 'ament_cmake_args' from command line to 'None'
[0.248s] Level 5:colcon.colcon_core.verb:set package 'mqtt_ros_bridge' build argument 'catkin_cmake_args' from command line to 'None'
[0.248s] Level 5:colcon.colcon_core.verb:set package 'mqtt_ros_bridge' build argument 'catkin_skip_building_tests' from command line to 'False'
[0.248s] DEBUG:colcon.colcon_core.verb:Building package 'mqtt_ros_bridge' with the following arguments: {'ament_cmake_args': None, 'build_base': '/TFG_ws/build/mqtt_ros_bridge', 'catkin_cmake_args': None, 'catkin_skip_building_tests': False, 'cmake_args': None, 'cmake_clean_cache': False, 'cmake_clean_first': False, 'cmake_force_configure': False, 'cmake_target': None, 'cmake_target_skip_unavailable': False, 'install_base': '/TFG_ws/install/mqtt_ros_bridge', 'merge_install': False, 'path': '/TFG_ws/src/mqtt_ros_bridge', 'symlink_install': True, 'test_result_base': None}
[0.249s] Level 5:colcon.colcon_core.verb:set package 'rmf_nayar' build argument 'cmake_args' from command line to 'None'
[0.249s] Level 5:colcon.colcon_core.verb:set package 'rmf_nayar' build argument 'cmake_target' from command line to 'None'
[0.249s] Level 5:colcon.colcon_core.verb:set package 'rmf_nayar' build argument 'cmake_target_skip_unavailable' from command line to 'False'
[0.249s] Level 5:colcon.colcon_core.verb:set package 'rmf_nayar' build argument 'cmake_clean_cache' from command line to 'False'
[0.249s] Level 5:colcon.colcon_core.verb:set package 'rmf_nayar' build argument 'cmake_clean_first' from command line to 'False'
[0.249s] Level 5:colcon.colcon_core.verb:set package 'rmf_nayar' build argument 'cmake_force_configure' from command line to 'False'
[0.249s] Level 5:colcon.colcon_core.verb:set package 'rmf_nayar' build argument 'ament_cmake_args' from command line to 'None'
[0.249s] Level 5:colcon.colcon_core.verb:set package 'rmf_nayar' build argument 'catkin_cmake_args' from command line to 'None'
[0.249s] Level 5:colcon.colcon_core.verb:set package 'rmf_nayar' build argument 'catkin_skip_building_tests' from command line to 'False'
[0.249s] DEBUG:colcon.colcon_core.verb:Building package 'rmf_nayar' with the following arguments: {'ament_cmake_args': None, 'build_base': '/TFG_ws/build/rmf_nayar', 'catkin_cmake_args': None, 'catkin_skip_building_tests': False, 'cmake_args': None, 'cmake_clean_cache': False, 'cmake_clean_first': False, 'cmake_force_configure': False, 'cmake_target': None, 'cmake_target_skip_unavailable': False, 'install_base': '/TFG_ws/install/rmf_nayar', 'merge_install': False, 'path': '/TFG_ws/src/rmf_nayar', 'symlink_install': True, 'test_result_base': None}
[0.249s] INFO:colcon.colcon_core.executor:Executing jobs using 'parallel' executor
[0.250s] DEBUG:colcon.colcon_parallel_executor.executor.parallel:run_until_complete
[0.250s] INFO:colcon.colcon_ros.task.ament_python.build:Building ROS package in '/TFG_ws/src/elevator_mover' with build type 'ament_python'
[0.250s] Level 1:colcon.colcon_core.shell:create_environment_hook('elevator_mover', 'ament_prefix_path')
[0.252s] INFO:colcon.colcon_core.plugin_system:Skipping extension 'colcon_core.shell.bat': Not used on non-Windows systems
[0.252s] INFO:colcon.colcon_core.shell:Creating environment hook '/TFG_ws/install/elevator_mover/share/elevator_mover/hook/ament_prefix_path.ps1'
[0.253s] INFO:colcon.colcon_core.shell:Creating environment descriptor '/TFG_ws/install/elevator_mover/share/elevator_mover/hook/ament_prefix_path.dsv'
[0.253s] INFO:colcon.colcon_core.shell:Creating environment hook '/TFG_ws/install/elevator_mover/share/elevator_mover/hook/ament_prefix_path.sh'
[0.254s] INFO:colcon.colcon_core.shell:Skip shell extension 'powershell' for command environment: Not usable outside of PowerShell
[0.254s] DEBUG:colcon.colcon_core.shell:Skip shell extension 'dsv' for command environment
[0.258s] INFO:colcon.colcon_ros.task.ament_python.build:Building ROS package in '/TFG_ws/src/mqtt_ros_bridge' with build type 'ament_python'
[0.258s] Level 1:colcon.colcon_core.shell:create_environment_hook('mqtt_ros_bridge', 'ament_prefix_path')
[0.258s] INFO:colcon.colcon_core.shell:Creating environment hook '/TFG_ws/install/mqtt_ros_bridge/share/mqtt_ros_bridge/hook/ament_prefix_path.ps1'
[0.259s] INFO:colcon.colcon_core.shell:Creating environment descriptor '/TFG_ws/install/mqtt_ros_bridge/share/mqtt_ros_bridge/hook/ament_prefix_path.dsv'
[0.259s] INFO:colcon.colcon_core.shell:Creating environment hook '/TFG_ws/install/mqtt_ros_bridge/share/mqtt_ros_bridge/hook/ament_prefix_path.sh'
[0.260s] INFO:colcon.colcon_core.shell:Skip shell extension 'powershell' for command environment: Not usable outside of PowerShell
[0.260s] DEBUG:colcon.colcon_core.shell:Skip shell extension 'dsv' for command environment
[0.263s] INFO:colcon.colcon_ros.task.ament_cmake.build:Building ROS package in '/TFG_ws/src/rmf_nayar' with build type 'ament_cmake'
[0.263s] INFO:colcon.colcon_cmake.task.cmake.build:Building CMake package in '/TFG_ws/src/rmf_nayar'
[0.263s] INFO:colcon.colcon_core.shell:Skip shell extension 'powershell' for command environment: Not usable outside of PowerShell
[0.263s] DEBUG:colcon.colcon_core.shell:Skip shell extension 'dsv' for command environment
[0.440s] INFO:colcon.colcon_core.task.python.build:Building Python package in '/TFG_ws/src/elevator_mover'
[0.440s] INFO:colcon.colcon_core.shell:Skip shell extension 'powershell' for command environment: Not usable outside of PowerShell
[0.440s] DEBUG:colcon.colcon_core.shell:Skip shell extension 'dsv' for command environment
[0.614s] INFO:colcon.colcon_core.task.python.build:Building Python package in '/TFG_ws/src/mqtt_ros_bridge'
[0.615s] INFO:colcon.colcon_core.shell:Skip shell extension 'powershell' for command environment: Not usable outside of PowerShell
[0.615s] DEBUG:colcon.colcon_core.shell:Skip shell extension 'dsv' for command environment
[0.623s] DEBUG:colcon.colcon_core.event_handler.log_command:Invoking command in '/TFG_ws/build/rmf_nayar': CMAKE_PREFIX_PATH=${CMAKE_PREFIX_PATH}:/TFG_ws/install/mqtt_ros_bridge:/TFG_ws/install/elevator_mover:/opt/ros/humble /usr/bin/cmake --build /TFG_ws/build/rmf_nayar -- -j6 -l6
[0.918s] DEBUG:colcon.colcon_core.event_handler.log_command:Invoking command in '/TFG_ws/build/mqtt_ros_bridge': PYTHONPATH=/TFG_ws/build/mqtt_ros_bridge/prefix_override:/usr/lib/python3/dist-packages/colcon_core/task/python/colcon_distutils_commands:/TFG_ws/install/mqtt_ros_bridge/lib/python3.10/site-packages:${PYTHONPATH} /usr/bin/python3 -W ignore:setup.py install is deprecated -W ignore:easy_install command is deprecated setup.py develop --editable --build-directory /TFG_ws/build/mqtt_ros_bridge/build --no-deps symlink_data
[0.942s] DEBUG:colcon.colcon_core.event_handler.log_command:Invoking command in '/TFG_ws/build/elevator_mover': PYTHONPATH=/TFG_ws/build/elevator_mover/prefix_override:/usr/lib/python3/dist-packages/colcon_core/task/python/colcon_distutils_commands:/TFG_ws/install/elevator_mover/lib/python3.10/site-packages:${PYTHONPATH} /usr/bin/python3 -W ignore:setup.py install is deprecated -W ignore:easy_install command is deprecated setup.py develop --editable --build-directory /TFG_ws/build/elevator_mover/build --no-deps symlink_data
[1.262s] Level 1:colcon.colcon_core.shell:create_environment_hook('mqtt_ros_bridge', 'pythonpath_develop')
[1.262s] INFO:colcon.colcon_core.shell:Creating environment hook '/TFG_ws/build/mqtt_ros_bridge/share/mqtt_ros_bridge/hook/pythonpath_develop.ps1'
[1.263s] INFO:colcon.colcon_core.shell:Creating environment descriptor '/TFG_ws/build/mqtt_ros_bridge/share/mqtt_ros_bridge/hook/pythonpath_develop.dsv'
[1.264s] DEBUG:colcon.colcon_core.event_handler.log_command:Invoked command in '/TFG_ws/build/mqtt_ros_bridge' returned '0': PYTHONPATH=/TFG_ws/build/mqtt_ros_bridge/prefix_override:/usr/lib/python3/dist-packages/colcon_core/task/python/colcon_distutils_commands:/TFG_ws/install/mqtt_ros_bridge/lib/python3.10/site-packages:${PYTHONPATH} /usr/bin/python3 -W ignore:setup.py install is deprecated -W ignore:easy_install command is deprecated setup.py develop --editable --build-directory /TFG_ws/build/mqtt_ros_bridge/build --no-deps symlink_data
[1.264s] INFO:colcon.colcon_core.shell:Creating environment hook '/TFG_ws/build/mqtt_ros_bridge/share/mqtt_ros_bridge/hook/pythonpath_develop.sh'
[1.267s] Level 1:colcon.colcon_core.environment:checking '/TFG_ws/install/mqtt_ros_bridge' for CMake module files
[1.267s] Level 1:colcon.colcon_core.environment:checking '/TFG_ws/install/mqtt_ros_bridge' for CMake config files
[1.268s] Level 1:colcon.colcon_core.environment:checking '/TFG_ws/install/mqtt_ros_bridge/lib'
[1.268s] Level 1:colcon.colcon_core.environment:checking '/TFG_ws/install/mqtt_ros_bridge/bin'
[1.268s] Level 1:colcon.colcon_core.environment:checking '/TFG_ws/install/mqtt_ros_bridge/lib/pkgconfig/mqtt_ros_bridge.pc'
[1.268s] Level 1:colcon.colcon_core.environment:checking '/TFG_ws/install/mqtt_ros_bridge/lib/python3.10/site-packages'
[1.268s] Level 1:colcon.colcon_core.shell:create_environment_hook('mqtt_ros_bridge', 'pythonpath')
[1.268s] INFO:colcon.colcon_core.shell:Creating environment hook '/TFG_ws/install/mqtt_ros_bridge/share/mqtt_ros_bridge/hook/pythonpath.ps1'
[1.269s] INFO:colcon.colcon_core.shell:Creating environment descriptor '/TFG_ws/install/mqtt_ros_bridge/share/mqtt_ros_bridge/hook/pythonpath.dsv'
[1.269s] INFO:colcon.colcon_core.shell:Creating environment hook '/TFG_ws/install/mqtt_ros_bridge/share/mqtt_ros_bridge/hook/pythonpath.sh'
[1.270s] Level 1:colcon.colcon_core.environment:checking '/TFG_ws/install/mqtt_ros_bridge/bin'
[1.270s] Level 1:colcon.colcon_core.environment:create_environment_scripts_only(mqtt_ros_bridge)
[1.270s] INFO:colcon.colcon_core.shell:Creating package script '/TFG_ws/install/mqtt_ros_bridge/share/mqtt_ros_bridge/package.ps1'
[1.271s] INFO:colcon.colcon_core.shell:Creating package descriptor '/TFG_ws/install/mqtt_ros_bridge/share/mqtt_ros_bridge/package.dsv'
[1.271s] INFO:colcon.colcon_core.shell:Creating package script '/TFG_ws/install/mqtt_ros_bridge/share/mqtt_ros_bridge/package.sh'
[1.272s] INFO:colcon.colcon_core.shell:Creating package script '/TFG_ws/install/mqtt_ros_bridge/share/mqtt_ros_bridge/package.bash'
[1.273s] INFO:colcon.colcon_core.shell:Creating package script '/TFG_ws/install/mqtt_ros_bridge/share/mqtt_ros_bridge/package.zsh'
[1.273s] Level 1:colcon.colcon_core.environment:create_file_with_runtime_dependencies(/TFG_ws/install/mqtt_ros_bridge/share/colcon-core/packages/mqtt_ros_bridge)
[1.277s] Level 1:colcon.colcon_core.shell:create_environment_hook('elevator_mover', 'pythonpath_develop')
[1.277s] INFO:colcon.colcon_core.shell:Creating environment hook '/TFG_ws/build/elevator_mover/share/elevator_mover/hook/pythonpath_develop.ps1'
[1.277s] DEBUG:colcon.colcon_core.event_handler.log_command:Invoked command in '/TFG_ws/build/elevator_mover' returned '0': PYTHONPATH=/TFG_ws/build/elevator_mover/prefix_override:/usr/lib/python3/dist-packages/colcon_core/task/python/colcon_distutils_commands:/TFG_ws/install/elevator_mover/lib/python3.10/site-packages:${PYTHONPATH} /usr/bin/python3 -W ignore:setup.py install is deprecated -W ignore:easy_install command is deprecated setup.py develop --editable --build-directory /TFG_ws/build/elevator_mover/build --no-deps symlink_data
[1.278s] INFO:colcon.colcon_core.shell:Creating environment descriptor '/TFG_ws/build/elevator_mover/share/elevator_mover/hook/pythonpath_develop.dsv'
[1.278s] INFO:colcon.colcon_core.shell:Creating environment hook '/TFG_ws/build/elevator_mover/share/elevator_mover/hook/pythonpath_develop.sh'
[1.278s] Level 1:colcon.colcon_core.environment:checking '/TFG_ws/install/elevator_mover' for CMake module files
[1.279s] Level 1:colcon.colcon_core.environment:checking '/TFG_ws/install/elevator_mover' for CMake config files
[1.279s] Level 1:colcon.colcon_core.environment:checking '/TFG_ws/install/elevator_mover/lib'
[1.279s] Level 1:colcon.colcon_core.environment:checking '/TFG_ws/install/elevator_mover/bin'
[1.279s] Level 1:colcon.colcon_core.environment:checking '/TFG_ws/install/elevator_mover/lib/pkgconfig/elevator_mover.pc'
[1.280s] Level 1:colcon.colcon_core.environment:checking '/TFG_ws/install/elevator_mover/lib/python3.10/site-packages'
[1.280s] Level 1:colcon.colcon_core.shell:create_environment_hook('elevator_mover', 'pythonpath')
[1.280s] INFO:colcon.colcon_core.shell:Creating environment hook '/TFG_ws/install/elevator_mover/share/elevator_mover/hook/pythonpath.ps1'
[1.281s] INFO:colcon.colcon_core.shell:Creating environment descriptor '/TFG_ws/install/elevator_mover/share/elevator_mover/hook/pythonpath.dsv'
[1.281s] INFO:colcon.colcon_core.shell:Creating environment hook '/TFG_ws/install/elevator_mover/share/elevator_mover/hook/pythonpath.sh'
[1.282s] Level 1:colcon.colcon_core.environment:checking '/TFG_ws/install/elevator_mover/bin'
[1.282s] Level 1:colcon.colcon_core.environment:create_environment_scripts_only(elevator_mover)
[1.282s] INFO:colcon.colcon_core.shell:Creating package script '/TFG_ws/install/elevator_mover/share/elevator_mover/package.ps1'
[1.282s] INFO:colcon.colcon_core.shell:Creating package descriptor '/TFG_ws/install/elevator_mover/share/elevator_mover/package.dsv'
[1.283s] INFO:colcon.colcon_core.shell:Creating package script '/TFG_ws/install/elevator_mover/share/elevator_mover/package.sh'
[1.283s] INFO:colcon.colcon_core.shell:Creating package script '/TFG_ws/install/elevator_mover/share/elevator_mover/package.bash'
[1.284s] INFO:colcon.colcon_core.shell:Creating package script '/TFG_ws/install/elevator_mover/share/elevator_mover/package.zsh'
[1.284s] Level 1:colcon.colcon_core.environment:create_file_with_runtime_dependencies(/TFG_ws/install/elevator_mover/share/colcon-core/packages/elevator_mover)
[1.404s] DEBUG:colcon.colcon_core.event_handler.log_command:Invoked command in '/TFG_ws/build/rmf_nayar' returned '0': CMAKE_PREFIX_PATH=${CMAKE_PREFIX_PATH}:/TFG_ws/install/mqtt_ros_bridge:/TFG_ws/install/elevator_mover:/opt/ros/humble /usr/bin/cmake --build /TFG_ws/build/rmf_nayar -- -j6 -l6
[1.413s] DEBUG:colcon.colcon_core.event_handler.log_command:Invoking command in '/TFG_ws/build/rmf_nayar': CMAKE_PREFIX_PATH=${CMAKE_PREFIX_PATH}:/TFG_ws/install/mqtt_ros_bridge:/TFG_ws/install/elevator_mover:/opt/ros/humble /usr/bin/cmake --install /TFG_ws/build/rmf_nayar
[1.442s] Level 1:colcon.colcon_core.environment:create_environment_scripts_only(rmf_nayar)
[1.442s] DEBUG:colcon.colcon_core.event_handler.log_command:Invoked command in '/TFG_ws/build/rmf_nayar' returned '0': CMAKE_PREFIX_PATH=${CMAKE_PREFIX_PATH}:/TFG_ws/install/mqtt_ros_bridge:/TFG_ws/install/elevator_mover:/opt/ros/humble /usr/bin/cmake --install /TFG_ws/build/rmf_nayar
[1.443s] Level 1:colcon.colcon_core.environment:checking '/TFG_ws/install/rmf_nayar' for CMake module files
[1.443s] Level 1:colcon.colcon_core.environment:checking '/TFG_ws/install/rmf_nayar' for CMake config files
[1.443s] Level 1:colcon.colcon_core.shell:create_environment_hook('rmf_nayar', 'cmake_prefix_path')
[1.444s] INFO:colcon.colcon_core.shell:Creating environment hook '/TFG_ws/install/rmf_nayar/share/rmf_nayar/hook/cmake_prefix_path.ps1'
[1.444s] INFO:colcon.colcon_core.shell:Creating environment descriptor '/TFG_ws/install/rmf_nayar/share/rmf_nayar/hook/cmake_prefix_path.dsv'
[1.444s] INFO:colcon.colcon_core.shell:Creating environment hook '/TFG_ws/install/rmf_nayar/share/rmf_nayar/hook/cmake_prefix_path.sh'
[1.445s] Level 1:colcon.colcon_core.environment:checking '/TFG_ws/install/rmf_nayar/bin'
[1.445s] Level 1:colcon.colcon_core.environment:checking '/TFG_ws/install/rmf_nayar/lib/pkgconfig/rmf_nayar.pc'
[1.445s] Level 1:colcon.colcon_core.environment:checking '/TFG_ws/install/rmf_nayar/lib/python3.10/site-packages'
[1.445s] Level 1:colcon.colcon_core.environment:checking '/TFG_ws/install/rmf_nayar/bin'
[1.445s] INFO:colcon.colcon_core.shell:Creating package script '/TFG_ws/install/rmf_nayar/share/rmf_nayar/package.ps1'
[1.446s] INFO:colcon.colcon_core.shell:Creating package descriptor '/TFG_ws/install/rmf_nayar/share/rmf_nayar/package.dsv'
[1.446s] INFO:colcon.colcon_core.shell:Creating package script '/TFG_ws/install/rmf_nayar/share/rmf_nayar/package.sh'
[1.447s] INFO:colcon.colcon_core.shell:Creating package script '/TFG_ws/install/rmf_nayar/share/rmf_nayar/package.bash'
[1.447s] INFO:colcon.colcon_core.shell:Creating package script '/TFG_ws/install/rmf_nayar/share/rmf_nayar/package.zsh'
[1.447s] Level 1:colcon.colcon_core.environment:create_file_with_runtime_dependencies(/TFG_ws/install/rmf_nayar/share/colcon-core/packages/rmf_nayar)
[1.448s] Level 1:colcon.colcon_core.environment:create_environment_scripts_only(rmf_nayar)
[1.448s] Level 1:colcon.colcon_core.environment:checking '/TFG_ws/install/rmf_nayar' for CMake module files
[1.448s] Level 1:colcon.colcon_core.environment:checking '/TFG_ws/install/rmf_nayar' for CMake config files
[1.449s] Level 1:colcon.colcon_core.shell:create_environment_hook('rmf_nayar', 'cmake_prefix_path')
[1.449s] INFO:colcon.colcon_core.shell:Creating environment hook '/TFG_ws/install/rmf_nayar/share/rmf_nayar/hook/cmake_prefix_path.ps1'
[1.449s] INFO:colcon.colcon_core.shell:Creating environment descriptor '/TFG_ws/install/rmf_nayar/share/rmf_nayar/hook/cmake_prefix_path.dsv'
[1.449s] INFO:colcon.colcon_core.shell:Creating environment hook '/TFG_ws/install/rmf_nayar/share/rmf_nayar/hook/cmake_prefix_path.sh'
[1.450s] Level 1:colcon.colcon_core.environment:checking '/TFG_ws/install/rmf_nayar/bin'
[1.450s] Level 1:colcon.colcon_core.environment:checking '/TFG_ws/install/rmf_nayar/lib/pkgconfig/rmf_nayar.pc'
[1.450s] Level 1:colcon.colcon_core.environment:checking '/TFG_ws/install/rmf_nayar/lib/python3.10/site-packages'
[1.450s] Level 1:colcon.colcon_core.environment:checking '/TFG_ws/install/rmf_nayar/bin'
[1.450s] INFO:colcon.colcon_core.shell:Creating package script '/TFG_ws/install/rmf_nayar/share/rmf_nayar/package.ps1'
[1.451s] INFO:colcon.colcon_core.shell:Creating package descriptor '/TFG_ws/install/rmf_nayar/share/rmf_nayar/package.dsv'
[1.451s] INFO:colcon.colcon_core.shell:Creating package script '/TFG_ws/install/rmf_nayar/share/rmf_nayar/package.sh'
[1.452s] INFO:colcon.colcon_core.shell:Creating package script '/TFG_ws/install/rmf_nayar/share/rmf_nayar/package.bash'
[1.452s] INFO:colcon.colcon_core.shell:Creating package script '/TFG_ws/install/rmf_nayar/share/rmf_nayar/package.zsh'
[1.452s] Level 1:colcon.colcon_core.environment:create_file_with_runtime_dependencies(/TFG_ws/install/rmf_nayar/share/colcon-core/packages/rmf_nayar)
[1.453s] DEBUG:colcon.colcon_parallel_executor.executor.parallel:closing loop
[1.453s] DEBUG:colcon.colcon_parallel_executor.executor.parallel:loop closed
[1.453s] DEBUG:colcon.colcon_parallel_executor.executor.parallel:run_until_complete finished with '0'
[1.453s] DEBUG:colcon.colcon_core.event_reactor:joining thread
[1.458s] INFO:colcon.colcon_core.plugin_system:Skipping extension 'colcon_notification.desktop_notification.notify_send': Could not find 'notify-send'
[1.458s] INFO:colcon.colcon_core.plugin_system:Skipping extension 'colcon_notification.desktop_notification.terminal_notifier': Not used on non-Darwin systems
[1.458s] INFO:colcon.colcon_core.plugin_system:Skipping extension 'colcon_notification.desktop_notification.win32': Not used on non-Windows systems
[1.458s] INFO:colcon.colcon_notification.desktop_notification:Sending desktop notification using 'notify2'
[1.461s] DEBUG:colcon.colcon_notification.desktop_notification.notify2:Failed to initialize notify2: org.freedesktop.DBus.Error.Spawn.ExecFailed: /usr/bin/dbus-launch terminated abnormally without any error message
[1.461s] DEBUG:colcon.colcon_core.event_reactor:joined thread
[1.461s] INFO:colcon.colcon_core.shell:Creating prefix script '/TFG_ws/install/local_setup.ps1'
[1.462s] INFO:colcon.colcon_core.shell:Creating prefix util module '/TFG_ws/install/_local_setup_util_ps1.py'
[1.463s] INFO:colcon.colcon_core.shell:Creating prefix chain script '/TFG_ws/install/setup.ps1'
[1.465s] INFO:colcon.colcon_core.shell:Creating prefix script '/TFG_ws/install/local_setup.sh'
[1.465s] INFO:colcon.colcon_core.shell:Creating prefix util module '/TFG_ws/install/_local_setup_util_sh.py'
[1.466s] INFO:colcon.colcon_core.shell:Creating prefix chain script '/TFG_ws/install/setup.sh'
[1.477s] INFO:colcon.colcon_core.shell:Creating prefix script '/TFG_ws/install/local_setup.bash'
[1.477s] INFO:colcon.colcon_core.shell:Creating prefix chain script '/TFG_ws/install/setup.bash'
[1.479s] INFO:colcon.colcon_core.shell:Creating prefix script '/TFG_ws/install/local_setup.zsh'
[1.479s] INFO:colcon.colcon_core.shell:Creating prefix chain script '/TFG_ws/install/setup.zsh'
