[0.094s] DEBUG:colcon:Command line arguments: ['/usr/bin/colcon', 'build', '--symlink-install']
[0.094s] DEBUG:colcon:Parsed command line arguments: Namespace(log_base=None, log_level=None, verb_name='build', build_base='build', install_base='install', merge_install=False, symlink_install=True, test_result_base=None, continue_on_error=False, executor='parallel', parallel_workers=6, event_handlers=None, ignore_user_meta=False, metas=['./colcon.meta'], base_paths=['.'], packages_ignore=None, packages_ignore_regex=None, paths=None, packages_up_to=None, packages_up_to_regex=None, packages_above=None, packages_above_and_dependencies=None, packages_above_depth=None, packages_select_by_dep=None, packages_skip_by_dep=None, packages_skip_up_to=None, packages_select_build_failed=False, packages_skip_build_finished=False, packages_select_test_failures=False, packages_skip_test_passed=False, packages_select=None, packages_skip=None, packages_select_regex=None, packages_skip_regex=None, packages_start=None, packages_end=None, cmake_args=None, cmake_target=None, cmake_target_skip_unavailable=False, cmake_clean_cache=False, cmake_clean_first=False, cmake_force_configure=False, ament_cmake_args=None, catkin_cmake_args=None, catkin_skip_building_tests=False, mixin_files=None, mixin=None, verb_parser=<colcon_mixin.mixin.mixin_argument.MixinArgumentDecorator object at 0x7675ad8baa40>, verb_extension=<colcon_core.verb.build.BuildVerb object at 0x7675ad9c3910>, main=<bound method BuildVerb.main of <colcon_core.verb.build.BuildVerb object at 0x7675ad9c3910>>, mixin_verb=('build',))
[0.194s] Level 1:colcon.colcon_core.package_discovery:discover_packages(colcon_meta) check parameters
[0.194s] INFO:colcon.colcon_metadata.package_discovery.colcon_meta:Using configuration from '/root/.colcon/metadata/default/Gazebo.meta'
[0.195s] INFO:colcon.colcon_metadata.package_discovery.colcon_meta:Using configuration from '/root/.colcon/metadata/default/fastdds.meta'
[0.195s] INFO:colcon.colcon_metadata.package_discovery.colcon_meta:Using configuration from '/root/.colcon/metadata/default/fastrtps.meta'
[0.195s] Level 1:colcon.colcon_core.package_discovery:discover_packages(recursive) check parameters
[0.195s] Level 1:colcon.colcon_core.package_discovery:discover_packages(ignore) check parameters
[0.195s] Level 1:colcon.colcon_core.package_discovery:discover_packages(path) check parameters
[0.195s] Level 1:colcon.colcon_core.package_discovery:discover_packages(colcon_meta) discover
[0.195s] Level 1:colcon.colcon_core.package_discovery:discover_packages(recursive) discover
[0.195s] INFO:colcon.colcon_core.package_discovery:Crawling recursively for packages in '/TFG_ws'
[0.195s] Level 1:colcon.colcon_core.package_identification:_identify(.) by extensions ['ignore', 'ignore_ament_install']
[0.195s] Level 1:colcon.colcon_core.package_identification:_identify(.) by extension 'ignore'
[0.195s] Level 1:colcon.colcon_core.package_identification:_identify(.) by extension 'ignore_ament_install'
[0.195s] Level 1:colcon.colcon_core.package_identification:_identify(.) by extensions ['colcon_pkg']
[0.195s] Level 1:colcon.colcon_core.package_identification:_identify(.) by extension 'colcon_pkg'
[0.196s] Level 1:colcon.colcon_core.package_identification:_identify(.) by extensions ['colcon_meta']
[0.196s] Level 1:colcon.colcon_core.package_identification:_identify(.) by extension 'colcon_meta'
[0.196s] Level 1:colcon.colcon_core.package_identification:_identify(.) by extensions ['ros']
[0.196s] Level 1:colcon.colcon_core.package_identification:_identify(.) by extension 'ros'
[0.204s] Level 1:colcon.colcon_core.package_identification:_identify(.) by extensions ['cmake', 'python']
[0.204s] Level 1:colcon.colcon_core.package_identification:_identify(.) by extension 'cmake'
[0.205s] Level 1:colcon.colcon_core.package_identification:_identify(.) by extension 'python'
[0.205s] Level 1:colcon.colcon_core.package_identification:_identify(.) by extensions ['python_setup_py']
[0.205s] Level 1:colcon.colcon_core.package_identification:_identify(.) by extension 'python_setup_py'
[0.205s] Level 1:colcon.colcon_core.package_identification:_identify(build) by extensions ['ignore', 'ignore_ament_install']
[0.205s] Level 1:colcon.colcon_core.package_identification:_identify(build) by extension 'ignore'
[0.205s] Level 1:colcon.colcon_core.package_identification:_identify(build) ignored
[0.205s] Level 1:colcon.colcon_core.package_identification:_identify(install) by extensions ['ignore', 'ignore_ament_install']
[0.205s] Level 1:colcon.colcon_core.package_identification:_identify(install) by extension 'ignore'
[0.205s] Level 1:colcon.colcon_core.package_identification:_identify(install) ignored
[0.205s] Level 1:colcon.colcon_core.package_identification:_identify(log) by extensions ['ignore', 'ignore_ament_install']
[0.205s] Level 1:colcon.colcon_core.package_identification:_identify(log) by extension 'ignore'
[0.205s] Level 1:colcon.colcon_core.package_identification:_identify(log) ignored
[0.205s] Level 1:colcon.colcon_core.package_identification:_identify(src) by extensions ['ignore', 'ignore_ament_install']
[0.205s] Level 1:colcon.colcon_core.package_identification:_identify(src) by extension 'ignore'
[0.205s] Level 1:colcon.colcon_core.package_identification:_identify(src) by extension 'ignore_ament_install'
[0.205s] Level 1:colcon.colcon_core.package_identification:_identify(src) by extensions ['colcon_pkg']
[0.205s] Level 1:colcon.colcon_core.package_identification:_identify(src) by extension 'colcon_pkg'
[0.206s] Level 1:colcon.colcon_core.package_identification:_identify(src) by extensions ['colcon_meta']
[0.206s] Level 1:colcon.colcon_core.package_identification:_identify(src) by extension 'colcon_meta'
[0.206s] Level 1:colcon.colcon_core.package_identification:_identify(src) by extensions ['ros']
[0.206s] Level 1:colcon.colcon_core.package_identification:_identify(src) by extension 'ros'
[0.206s] Level 1:colcon.colcon_core.package_identification:_identify(src) by extensions ['cmake', 'python']
[0.206s] Level 1:colcon.colcon_core.package_identification:_identify(src) by extension 'cmake'
[0.206s] Level 1:colcon.colcon_core.package_identification:_identify(src) by extension 'python'
[0.206s] Level 1:colcon.colcon_core.package_identification:_identify(src) by extensions ['python_setup_py']
[0.206s] Level 1:colcon.colcon_core.package_identification:_identify(src) by extension 'python_setup_py'
[0.206s] Level 1:colcon.colcon_core.package_identification:_identify(src/TFG_ws) by extensions ['ignore', 'ignore_ament_install']
[0.206s] Level 1:colcon.colcon_core.package_identification:_identify(src/TFG_ws) by extension 'ignore'
[0.206s] Level 1:colcon.colcon_core.package_identification:_identify(src/TFG_ws) by extension 'ignore_ament_install'
[0.206s] Level 1:colcon.colcon_core.package_identification:_identify(src/TFG_ws) by extensions ['colcon_pkg']
[0.206s] Level 1:colcon.colcon_core.package_identification:_identify(src/TFG_ws) by extension 'colcon_pkg'
[0.206s] Level 1:colcon.colcon_core.package_identification:_identify(src/TFG_ws) by extensions ['colcon_meta']
[0.206s] Level 1:colcon.colcon_core.package_identification:_identify(src/TFG_ws) by extension 'colcon_meta'
[0.206s] Level 1:colcon.colcon_core.package_identification:_identify(src/TFG_ws) by extensions ['ros']
[0.206s] Level 1:colcon.colcon_core.package_identification:_identify(src/TFG_ws) by extension 'ros'
[0.206s] Level 1:colcon.colcon_core.package_identification:_identify(src/TFG_ws) by extensions ['cmake', 'python']
[0.206s] Level 1:colcon.colcon_core.package_identification:_identify(src/TFG_ws) by extension 'cmake'
[0.206s] Level 1:colcon.colcon_core.package_identification:_identify(src/TFG_ws) by extension 'python'
[0.206s] Level 1:colcon.colcon_core.package_identification:_identify(src/TFG_ws) by extensions ['python_setup_py']
[0.206s] Level 1:colcon.colcon_core.package_identification:_identify(src/TFG_ws) by extension 'python_setup_py'
[0.206s] Level 1:colcon.colcon_core.package_identification:_identify(src/elevator_mover) by extensions ['ignore', 'ignore_ament_install']
[0.207s] Level 1:colcon.colcon_core.package_identification:_identify(src/elevator_mover) by extension 'ignore'
[0.207s] Level 1:colcon.colcon_core.package_identification:_identify(src/elevator_mover) by extension 'ignore_ament_install'
[0.207s] Level 1:colcon.colcon_core.package_identification:_identify(src/elevator_mover) by extensions ['colcon_pkg']
[0.207s] Level 1:colcon.colcon_core.package_identification:_identify(src/elevator_mover) by extension 'colcon_pkg'
[0.207s] Level 1:colcon.colcon_core.package_identification:_identify(src/elevator_mover) by extensions ['colcon_meta']
[0.207s] Level 1:colcon.colcon_core.package_identification:_identify(src/elevator_mover) by extension 'colcon_meta'
[0.207s] Level 1:colcon.colcon_core.package_identification:_identify(src/elevator_mover) by extensions ['ros']
[0.207s] Level 1:colcon.colcon_core.package_identification:_identify(src/elevator_mover) by extension 'ros'
[0.209s] DEBUG:colcon.colcon_core.package_identification:Package 'src/elevator_mover' with type 'ros.ament_python' and name 'elevator_mover'
[0.209s] Level 1:colcon.colcon_core.package_identification:_identify(src/mqtt_ros_bridge) by extensions ['ignore', 'ignore_ament_install']
[0.209s] Level 1:colcon.colcon_core.package_identification:_identify(src/mqtt_ros_bridge) by extension 'ignore'
[0.209s] Level 1:colcon.colcon_core.package_identification:_identify(src/mqtt_ros_bridge) by extension 'ignore_ament_install'
[0.209s] Level 1:colcon.colcon_core.package_identification:_identify(src/mqtt_ros_bridge) by extensions ['colcon_pkg']
[0.209s] Level 1:colcon.colcon_core.package_identification:_identify(src/mqtt_ros_bridge) by extension 'colcon_pkg'
[0.209s] Level 1:colcon.colcon_core.package_identification:_identify(src/mqtt_ros_bridge) by extensions ['colcon_meta']
[0.209s] Level 1:colcon.colcon_core.package_identification:_identify(src/mqtt_ros_bridge) by extension 'colcon_meta'
[0.209s] Level 1:colcon.colcon_core.package_identification:_identify(src/mqtt_ros_bridge) by extensions ['ros']
[0.209s] Level 1:colcon.colcon_core.package_identification:_identify(src/mqtt_ros_bridge) by extension 'ros'
[0.210s] DEBUG:colcon.colcon_core.package_identification:Package 'src/mqtt_ros_bridge' with type 'ros.ament_python' and name 'mqtt_ros_bridge'
[0.210s] Level 1:colcon.colcon_core.package_identification:_identify(src/rmf_nayar) by extensions ['ignore', 'ignore_ament_install']
[0.210s] Level 1:colcon.colcon_core.package_identification:_identify(src/rmf_nayar) by extension 'ignore'
[0.210s] Level 1:colcon.colcon_core.package_identification:_identify(src/rmf_nayar) by extension 'ignore_ament_install'
[0.210s] Level 1:colcon.colcon_core.package_identification:_identify(src/rmf_nayar) by extensions ['colcon_pkg']
[0.210s] Level 1:colcon.colcon_core.package_identification:_identify(src/rmf_nayar) by extension 'colcon_pkg'
[0.210s] Level 1:colcon.colcon_core.package_identification:_identify(src/rmf_nayar) by extensions ['colcon_meta']
[0.210s] Level 1:colcon.colcon_core.package_identification:_identify(src/rmf_nayar) by extension 'colcon_meta'
[0.210s] Level 1:colcon.colcon_core.package_identification:_identify(src/rmf_nayar) by extensions ['ros']
[0.210s] Level 1:colcon.colcon_core.package_identification:_identify(src/rmf_nayar) by extension 'ros'
[0.210s] DEBUG:colcon.colcon_core.package_identification:Package 'src/rmf_nayar' with type 'ros.ament_cmake' and name 'rmf_nayar'
[0.210s] Level 1:colcon.colcon_core.package_discovery:discover_packages(recursive) using defaults
[0.210s] Level 1:colcon.colcon_core.package_discovery:discover_packages(ignore) discover
[0.210s] Level 1:colcon.colcon_core.package_discovery:discover_packages(ignore) using defaults
[0.210s] Level 1:colcon.colcon_core.package_discovery:discover_packages(path) discover
[0.210s] Level 1:colcon.colcon_core.package_discovery:discover_packages(path) using defaults
[0.227s] Level 5:colcon.colcon_core.verb:set package 'elevator_mover' build argument 'cmake_args' from command line to 'None'
[0.227s] Level 5:colcon.colcon_core.verb:set package 'elevator_mover' build argument 'cmake_target' from command line to 'None'
[0.227s] Level 5:colcon.colcon_core.verb:set package 'elevator_mover' build argument 'cmake_target_skip_unavailable' from command line to 'False'
[0.227s] Level 5:colcon.colcon_core.verb:set package 'elevator_mover' build argument 'cmake_clean_cache' from command line to 'False'
[0.227s] Level 5:colcon.colcon_core.verb:set package 'elevator_mover' build argument 'cmake_clean_first' from command line to 'False'
[0.227s] Level 5:colcon.colcon_core.verb:set package 'elevator_mover' build argument 'cmake_force_configure' from command line to 'False'
[0.227s] Level 5:colcon.colcon_core.verb:set package 'elevator_mover' build argument 'ament_cmake_args' from command line to 'None'
[0.227s] Level 5:colcon.colcon_core.verb:set package 'elevator_mover' build argument 'catkin_cmake_args' from command line to 'None'
[0.227s] Level 5:colcon.colcon_core.verb:set package 'elevator_mover' build argument 'catkin_skip_building_tests' from command line to 'False'
[0.227s] DEBUG:colcon.colcon_core.verb:Building package 'elevator_mover' with the following arguments: {'ament_cmake_args': None, 'build_base': '/TFG_ws/build/elevator_mover', 'catkin_cmake_args': None, 'catkin_skip_building_tests': False, 'cmake_args': None, 'cmake_clean_cache': False, 'cmake_clean_first': False, 'cmake_force_configure': False, 'cmake_target': None, 'cmake_target_skip_unavailable': False, 'install_base': '/TFG_ws/install/elevator_mover', 'merge_install': False, 'path': '/TFG_ws/src/elevator_mover', 'symlink_install': True, 'test_result_base': None}
[0.227s] Level 5:colcon.colcon_core.verb:set package 'mqtt_ros_bridge' build argument 'cmake_args' from command line to 'None'
[0.227s] Level 5:colcon.colcon_core.verb:set package 'mqtt_ros_bridge' build argument 'cmake_target' from command line to 'None'
[0.227s] Level 5:colcon.colcon_core.verb:set package 'mqtt_ros_bridge' build argument 'cmake_target_skip_unavailable' from command line to 'False'
[0.227s] Level 5:colcon.colcon_core.verb:set package 'mqtt_ros_bridge' build argument 'cmake_clean_cache' from command line to 'False'
[0.227s] Level 5:colcon.colcon_core.verb:set package 'mqtt_ros_bridge' build argument 'cmake_clean_first' from command line to 'False'
[0.227s] Level 5:colcon.colcon_core.verb:set package 'mqtt_ros_bridge' build argument 'cmake_force_configure' from command line to 'False'
[0.228s] Level 5:colcon.colcon_core.verb:set package 'mqtt_ros_bridge' build argument 'ament_cmake_args' from command line to 'None'
[0.228s] Level 5:colcon.colcon_core.verb:set package 'mqtt_ros_bridge' build argument 'catkin_cmake_args' from command line to 'None'
[0.228s] Level 5:colcon.colcon_core.verb:set package 'mqtt_ros_bridge' build argument 'catkin_skip_building_tests' from command line to 'False'
[0.228s] DEBUG:colcon.colcon_core.verb:Building package 'mqtt_ros_bridge' with the following arguments: {'ament_cmake_args': None, 'build_base': '/TFG_ws/build/mqtt_ros_bridge', 'catkin_cmake_args': None, 'catkin_skip_building_tests': False, 'cmake_args': None, 'cmake_clean_cache': False, 'cmake_clean_first': False, 'cmake_force_configure': False, 'cmake_target': None, 'cmake_target_skip_unavailable': False, 'install_base': '/TFG_ws/install/mqtt_ros_bridge', 'merge_install': False, 'path': '/TFG_ws/src/mqtt_ros_bridge', 'symlink_install': True, 'test_result_base': None}
[0.228s] Level 5:colcon.colcon_core.verb:set package 'rmf_nayar' build argument 'cmake_args' from command line to 'None'
[0.228s] Level 5:colcon.colcon_core.verb:set package 'rmf_nayar' build argument 'cmake_target' from command line to 'None'
[0.228s] Level 5:colcon.colcon_core.verb:set package 'rmf_nayar' build argument 'cmake_target_skip_unavailable' from command line to 'False'
[0.228s] Level 5:colcon.colcon_core.verb:set package 'rmf_nayar' build argument 'cmake_clean_cache' from command line to 'False'
[0.228s] Level 5:colcon.colcon_core.verb:set package 'rmf_nayar' build argument 'cmake_clean_first' from command line to 'False'
[0.228s] Level 5:colcon.colcon_core.verb:set package 'rmf_nayar' build argument 'cmake_force_configure' from command line to 'False'
[0.228s] Level 5:colcon.colcon_core.verb:set package 'rmf_nayar' build argument 'ament_cmake_args' from command line to 'None'
[0.228s] Level 5:colcon.colcon_core.verb:set package 'rmf_nayar' build argument 'catkin_cmake_args' from command line to 'None'
[0.228s] Level 5:colcon.colcon_core.verb:set package 'rmf_nayar' build argument 'catkin_skip_building_tests' from command line to 'False'
[0.228s] DEBUG:colcon.colcon_core.verb:Building package 'rmf_nayar' with the following arguments: {'ament_cmake_args': None, 'build_base': '/TFG_ws/build/rmf_nayar', 'catkin_cmake_args': None, 'catkin_skip_building_tests': False, 'cmake_args': None, 'cmake_clean_cache': False, 'cmake_clean_first': False, 'cmake_force_configure': False, 'cmake_target': None, 'cmake_target_skip_unavailable': False, 'install_base': '/TFG_ws/install/rmf_nayar', 'merge_install': False, 'path': '/TFG_ws/src/rmf_nayar', 'symlink_install': True, 'test_result_base': None}
[0.228s] INFO:colcon.colcon_core.executor:Executing jobs using 'parallel' executor
[0.229s] DEBUG:colcon.colcon_parallel_executor.executor.parallel:run_until_complete
[0.229s] INFO:colcon.colcon_ros.task.ament_python.build:Building ROS package in '/TFG_ws/src/elevator_mover' with build type 'ament_python'
[0.229s] Level 1:colcon.colcon_core.shell:create_environment_hook('elevator_mover', 'ament_prefix_path')
[0.231s] INFO:colcon.colcon_core.plugin_system:Skipping extension 'colcon_core.shell.bat': Not used on non-Windows systems
[0.231s] INFO:colcon.colcon_core.shell:Creating environment hook '/TFG_ws/install/elevator_mover/share/elevator_mover/hook/ament_prefix_path.ps1'
[0.232s] INFO:colcon.colcon_core.shell:Creating environment descriptor '/TFG_ws/install/elevator_mover/share/elevator_mover/hook/ament_prefix_path.dsv'
[0.232s] INFO:colcon.colcon_core.shell:Creating environment hook '/TFG_ws/install/elevator_mover/share/elevator_mover/hook/ament_prefix_path.sh'
[0.233s] INFO:colcon.colcon_core.shell:Skip shell extension 'powershell' for command environment: Not usable outside of PowerShell
[0.233s] DEBUG:colcon.colcon_core.shell:Skip shell extension 'dsv' for command environment
[0.238s] INFO:colcon.colcon_ros.task.ament_python.build:Building ROS package in '/TFG_ws/src/mqtt_ros_bridge' with build type 'ament_python'
[0.238s] Level 1:colcon.colcon_core.shell:create_environment_hook('mqtt_ros_bridge', 'ament_prefix_path')
[0.238s] INFO:colcon.colcon_core.shell:Creating environment hook '/TFG_ws/install/mqtt_ros_bridge/share/mqtt_ros_bridge/hook/ament_prefix_path.ps1'
[0.238s] INFO:colcon.colcon_core.shell:Creating environment descriptor '/TFG_ws/install/mqtt_ros_bridge/share/mqtt_ros_bridge/hook/ament_prefix_path.dsv'
[0.239s] INFO:colcon.colcon_core.shell:Creating environment hook '/TFG_ws/install/mqtt_ros_bridge/share/mqtt_ros_bridge/hook/ament_prefix_path.sh'
[0.239s] INFO:colcon.colcon_core.shell:Skip shell extension 'powershell' for command environment: Not usable outside of PowerShell
[0.239s] DEBUG:colcon.colcon_core.shell:Skip shell extension 'dsv' for command environment
[0.242s] INFO:colcon.colcon_ros.task.ament_cmake.build:Building ROS package in '/TFG_ws/src/rmf_nayar' with build type 'ament_cmake'
[0.242s] INFO:colcon.colcon_cmake.task.cmake.build:Building CMake package in '/TFG_ws/src/rmf_nayar'
[0.242s] INFO:colcon.colcon_core.shell:Skip shell extension 'powershell' for command environment: Not usable outside of PowerShell
[0.242s] DEBUG:colcon.colcon_core.shell:Skip shell extension 'dsv' for command environment
[0.411s] INFO:colcon.colcon_core.task.python.build:Building Python package in '/TFG_ws/src/elevator_mover'
[0.411s] INFO:colcon.colcon_core.shell:Skip shell extension 'powershell' for command environment: Not usable outside of PowerShell
[0.411s] DEBUG:colcon.colcon_core.shell:Skip shell extension 'dsv' for command environment
[0.580s] INFO:colcon.colcon_core.task.python.build:Building Python package in '/TFG_ws/src/mqtt_ros_bridge'
[0.580s] INFO:colcon.colcon_core.shell:Skip shell extension 'powershell' for command environment: Not usable outside of PowerShell
[0.581s] DEBUG:colcon.colcon_core.shell:Skip shell extension 'dsv' for command environment
[0.588s] DEBUG:colcon.colcon_core.event_handler.log_command:Invoking command in '/TFG_ws/build/rmf_nayar': CMAKE_PREFIX_PATH=${CMAKE_PREFIX_PATH}:/TFG_ws/install/mqtt_ros_bridge:/TFG_ws/install/elevator_mover:/opt/ros/humble /usr/bin/cmake --build /TFG_ws/build/rmf_nayar -- -j6 -l6
[0.847s] DEBUG:colcon.colcon_core.event_handler.log_command:Invoking command in '/TFG_ws/build/elevator_mover': PYTHONPATH=/TFG_ws/build/elevator_mover/prefix_override:/usr/lib/python3/dist-packages/colcon_core/task/python/colcon_distutils_commands:/TFG_ws/install/elevator_mover/lib/python3.10/site-packages:${PYTHONPATH} /usr/bin/python3 -W ignore:setup.py install is deprecated -W ignore:easy_install command is deprecated setup.py develop --editable --build-directory /TFG_ws/build/elevator_mover/build --no-deps symlink_data
[0.876s] DEBUG:colcon.colcon_core.event_handler.log_command:Invoking command in '/TFG_ws/build/mqtt_ros_bridge': PYTHONPATH=/TFG_ws/build/mqtt_ros_bridge/prefix_override:/usr/lib/python3/dist-packages/colcon_core/task/python/colcon_distutils_commands:/TFG_ws/install/mqtt_ros_bridge/lib/python3.10/site-packages:${PYTHONPATH} /usr/bin/python3 -W ignore:setup.py install is deprecated -W ignore:easy_install command is deprecated setup.py develop --editable --build-directory /TFG_ws/build/mqtt_ros_bridge/build --no-deps symlink_data
[1.161s] Level 1:colcon.colcon_core.shell:create_environment_hook('elevator_mover', 'pythonpath_develop')
[1.162s] INFO:colcon.colcon_core.shell:Creating environment hook '/TFG_ws/build/elevator_mover/share/elevator_mover/hook/pythonpath_develop.ps1'
[1.162s] INFO:colcon.colcon_core.shell:Creating environment descriptor '/TFG_ws/build/elevator_mover/share/elevator_mover/hook/pythonpath_develop.dsv'
[1.163s] INFO:colcon.colcon_core.shell:Creating environment hook '/TFG_ws/build/elevator_mover/share/elevator_mover/hook/pythonpath_develop.sh'
[1.164s] DEBUG:colcon.colcon_core.event_handler.log_command:Invoked command in '/TFG_ws/build/elevator_mover' returned '0': PYTHONPATH=/TFG_ws/build/elevator_mover/prefix_override:/usr/lib/python3/dist-packages/colcon_core/task/python/colcon_distutils_commands:/TFG_ws/install/elevator_mover/lib/python3.10/site-packages:${PYTHONPATH} /usr/bin/python3 -W ignore:setup.py install is deprecated -W ignore:easy_install command is deprecated setup.py develop --editable --build-directory /TFG_ws/build/elevator_mover/build --no-deps symlink_data
[1.165s] Level 1:colcon.colcon_core.environment:checking '/TFG_ws/install/elevator_mover' for CMake module files
[1.166s] Level 1:colcon.colcon_core.environment:checking '/TFG_ws/install/elevator_mover' for CMake config files
[1.166s] Level 1:colcon.colcon_core.environment:checking '/TFG_ws/install/elevator_mover/lib'
[1.166s] Level 1:colcon.colcon_core.environment:checking '/TFG_ws/install/elevator_mover/bin'
[1.167s] Level 1:colcon.colcon_core.environment:checking '/TFG_ws/install/elevator_mover/lib/pkgconfig/elevator_mover.pc'
[1.167s] Level 1:colcon.colcon_core.environment:checking '/TFG_ws/install/elevator_mover/lib/python3.10/site-packages'
[1.167s] Level 1:colcon.colcon_core.shell:create_environment_hook('elevator_mover', 'pythonpath')
[1.167s] INFO:colcon.colcon_core.shell:Creating environment hook '/TFG_ws/install/elevator_mover/share/elevator_mover/hook/pythonpath.ps1'
[1.167s] INFO:colcon.colcon_core.shell:Creating environment descriptor '/TFG_ws/install/elevator_mover/share/elevator_mover/hook/pythonpath.dsv'
[1.168s] INFO:colcon.colcon_core.shell:Creating environment hook '/TFG_ws/install/elevator_mover/share/elevator_mover/hook/pythonpath.sh'
[1.168s] Level 1:colcon.colcon_core.environment:checking '/TFG_ws/install/elevator_mover/bin'
[1.168s] Level 1:colcon.colcon_core.environment:create_environment_scripts_only(elevator_mover)
[1.169s] INFO:colcon.colcon_core.shell:Creating package script '/TFG_ws/install/elevator_mover/share/elevator_mover/package.ps1'
[1.169s] INFO:colcon.colcon_core.shell:Creating package descriptor '/TFG_ws/install/elevator_mover/share/elevator_mover/package.dsv'
[1.170s] INFO:colcon.colcon_core.shell:Creating package script '/TFG_ws/install/elevator_mover/share/elevator_mover/package.sh'
[1.171s] INFO:colcon.colcon_core.shell:Creating package script '/TFG_ws/install/elevator_mover/share/elevator_mover/package.bash'
[1.171s] INFO:colcon.colcon_core.shell:Creating package script '/TFG_ws/install/elevator_mover/share/elevator_mover/package.zsh'
[1.172s] Level 1:colcon.colcon_core.environment:create_file_with_runtime_dependencies(/TFG_ws/install/elevator_mover/share/colcon-core/packages/elevator_mover)
[1.181s] Level 1:colcon.colcon_core.shell:create_environment_hook('mqtt_ros_bridge', 'pythonpath_develop')
[1.182s] INFO:colcon.colcon_core.shell:Creating environment hook '/TFG_ws/build/mqtt_ros_bridge/share/mqtt_ros_bridge/hook/pythonpath_develop.ps1'
[1.182s] DEBUG:colcon.colcon_core.event_handler.log_command:Invoked command in '/TFG_ws/build/mqtt_ros_bridge' returned '0': PYTHONPATH=/TFG_ws/build/mqtt_ros_bridge/prefix_override:/usr/lib/python3/dist-packages/colcon_core/task/python/colcon_distutils_commands:/TFG_ws/install/mqtt_ros_bridge/lib/python3.10/site-packages:${PYTHONPATH} /usr/bin/python3 -W ignore:setup.py install is deprecated -W ignore:easy_install command is deprecated setup.py develop --editable --build-directory /TFG_ws/build/mqtt_ros_bridge/build --no-deps symlink_data
[1.182s] INFO:colcon.colcon_core.shell:Creating environment descriptor '/TFG_ws/build/mqtt_ros_bridge/share/mqtt_ros_bridge/hook/pythonpath_develop.dsv'
[1.183s] INFO:colcon.colcon_core.shell:Creating environment hook '/TFG_ws/build/mqtt_ros_bridge/share/mqtt_ros_bridge/hook/pythonpath_develop.sh'
[1.183s] Level 1:colcon.colcon_core.environment:checking '/TFG_ws/install/mqtt_ros_bridge' for CMake module files
[1.184s] Level 1:colcon.colcon_core.environment:checking '/TFG_ws/install/mqtt_ros_bridge' for CMake config files
[1.184s] Level 1:colcon.colcon_core.environment:checking '/TFG_ws/install/mqtt_ros_bridge/lib'
[1.184s] Level 1:colcon.colcon_core.environment:checking '/TFG_ws/install/mqtt_ros_bridge/bin'
[1.184s] Level 1:colcon.colcon_core.environment:checking '/TFG_ws/install/mqtt_ros_bridge/lib/pkgconfig/mqtt_ros_bridge.pc'
[1.184s] Level 1:colcon.colcon_core.environment:checking '/TFG_ws/install/mqtt_ros_bridge/lib/python3.10/site-packages'
[1.184s] Level 1:colcon.colcon_core.shell:create_environment_hook('mqtt_ros_bridge', 'pythonpath')
[1.185s] INFO:colcon.colcon_core.shell:Creating environment hook '/TFG_ws/install/mqtt_ros_bridge/share/mqtt_ros_bridge/hook/pythonpath.ps1'
[1.185s] INFO:colcon.colcon_core.shell:Creating environment descriptor '/TFG_ws/install/mqtt_ros_bridge/share/mqtt_ros_bridge/hook/pythonpath.dsv'
[1.185s] INFO:colcon.colcon_core.shell:Creating environment hook '/TFG_ws/install/mqtt_ros_bridge/share/mqtt_ros_bridge/hook/pythonpath.sh'
[1.186s] Level 1:colcon.colcon_core.environment:checking '/TFG_ws/install/mqtt_ros_bridge/bin'
[1.186s] Level 1:colcon.colcon_core.environment:create_environment_scripts_only(mqtt_ros_bridge)
[1.186s] INFO:colcon.colcon_core.shell:Creating package script '/TFG_ws/install/mqtt_ros_bridge/share/mqtt_ros_bridge/package.ps1'
[1.186s] INFO:colcon.colcon_core.shell:Creating package descriptor '/TFG_ws/install/mqtt_ros_bridge/share/mqtt_ros_bridge/package.dsv'
[1.187s] INFO:colcon.colcon_core.shell:Creating package script '/TFG_ws/install/mqtt_ros_bridge/share/mqtt_ros_bridge/package.sh'
[1.187s] INFO:colcon.colcon_core.shell:Creating package script '/TFG_ws/install/mqtt_ros_bridge/share/mqtt_ros_bridge/package.bash'
[1.188s] INFO:colcon.colcon_core.shell:Creating package script '/TFG_ws/install/mqtt_ros_bridge/share/mqtt_ros_bridge/package.zsh'
[1.188s] Level 1:colcon.colcon_core.environment:create_file_with_runtime_dependencies(/TFG_ws/install/mqtt_ros_bridge/share/colcon-core/packages/mqtt_ros_bridge)
[1.416s] DEBUG:colcon.colcon_core.event_handler.log_command:Invoked command in '/TFG_ws/build/rmf_nayar' returned '0': CMAKE_PREFIX_PATH=${CMAKE_PREFIX_PATH}:/TFG_ws/install/mqtt_ros_bridge:/TFG_ws/install/elevator_mover:/opt/ros/humble /usr/bin/cmake --build /TFG_ws/build/rmf_nayar -- -j6 -l6
[1.426s] DEBUG:colcon.colcon_core.event_handler.log_command:Invoking command in '/TFG_ws/build/rmf_nayar': CMAKE_PREFIX_PATH=${CMAKE_PREFIX_PATH}:/TFG_ws/install/mqtt_ros_bridge:/TFG_ws/install/elevator_mover:/opt/ros/humble /usr/bin/cmake --install /TFG_ws/build/rmf_nayar
[1.455s] Level 1:colcon.colcon_core.environment:create_environment_scripts_only(rmf_nayar)
[1.455s] DEBUG:colcon.colcon_core.event_handler.log_command:Invoked command in '/TFG_ws/build/rmf_nayar' returned '0': CMAKE_PREFIX_PATH=${CMAKE_PREFIX_PATH}:/TFG_ws/install/mqtt_ros_bridge:/TFG_ws/install/elevator_mover:/opt/ros/humble /usr/bin/cmake --install /TFG_ws/build/rmf_nayar
[1.455s] Level 1:colcon.colcon_core.environment:checking '/TFG_ws/install/rmf_nayar' for CMake module files
[1.456s] Level 1:colcon.colcon_core.environment:checking '/TFG_ws/install/rmf_nayar' for CMake config files
[1.456s] Level 1:colcon.colcon_core.shell:create_environment_hook('rmf_nayar', 'cmake_prefix_path')
[1.456s] INFO:colcon.colcon_core.shell:Creating environment hook '/TFG_ws/install/rmf_nayar/share/rmf_nayar/hook/cmake_prefix_path.ps1'
[1.457s] INFO:colcon.colcon_core.shell:Creating environment descriptor '/TFG_ws/install/rmf_nayar/share/rmf_nayar/hook/cmake_prefix_path.dsv'
[1.457s] INFO:colcon.colcon_core.shell:Creating environment hook '/TFG_ws/install/rmf_nayar/share/rmf_nayar/hook/cmake_prefix_path.sh'
[1.458s] Level 1:colcon.colcon_core.environment:checking '/TFG_ws/install/rmf_nayar/bin'
[1.458s] Level 1:colcon.colcon_core.environment:checking '/TFG_ws/install/rmf_nayar/lib/pkgconfig/rmf_nayar.pc'
[1.458s] Level 1:colcon.colcon_core.environment:checking '/TFG_ws/install/rmf_nayar/lib/python3.10/site-packages'
[1.458s] Level 1:colcon.colcon_core.environment:checking '/TFG_ws/install/rmf_nayar/bin'
[1.458s] INFO:colcon.colcon_core.shell:Creating package script '/TFG_ws/install/rmf_nayar/share/rmf_nayar/package.ps1'
[1.458s] INFO:colcon.colcon_core.shell:Creating package descriptor '/TFG_ws/install/rmf_nayar/share/rmf_nayar/package.dsv'
[1.459s] INFO:colcon.colcon_core.shell:Creating package script '/TFG_ws/install/rmf_nayar/share/rmf_nayar/package.sh'
[1.459s] INFO:colcon.colcon_core.shell:Creating package script '/TFG_ws/install/rmf_nayar/share/rmf_nayar/package.bash'
[1.460s] INFO:colcon.colcon_core.shell:Creating package script '/TFG_ws/install/rmf_nayar/share/rmf_nayar/package.zsh'
[1.460s] Level 1:colcon.colcon_core.environment:create_file_with_runtime_dependencies(/TFG_ws/install/rmf_nayar/share/colcon-core/packages/rmf_nayar)
[1.461s] Level 1:colcon.colcon_core.environment:create_environment_scripts_only(rmf_nayar)
[1.461s] Level 1:colcon.colcon_core.environment:checking '/TFG_ws/install/rmf_nayar' for CMake module files
[1.461s] Level 1:colcon.colcon_core.environment:checking '/TFG_ws/install/rmf_nayar' for CMake config files
[1.461s] Level 1:colcon.colcon_core.shell:create_environment_hook('rmf_nayar', 'cmake_prefix_path')
[1.461s] INFO:colcon.colcon_core.shell:Creating environment hook '/TFG_ws/install/rmf_nayar/share/rmf_nayar/hook/cmake_prefix_path.ps1'
[1.462s] INFO:colcon.colcon_core.shell:Creating environment descriptor '/TFG_ws/install/rmf_nayar/share/rmf_nayar/hook/cmake_prefix_path.dsv'
[1.462s] INFO:colcon.colcon_core.shell:Creating environment hook '/TFG_ws/install/rmf_nayar/share/rmf_nayar/hook/cmake_prefix_path.sh'
[1.463s] Level 1:colcon.colcon_core.environment:checking '/TFG_ws/install/rmf_nayar/bin'
[1.463s] Level 1:colcon.colcon_core.environment:checking '/TFG_ws/install/rmf_nayar/lib/pkgconfig/rmf_nayar.pc'
[1.463s] Level 1:colcon.colcon_core.environment:checking '/TFG_ws/install/rmf_nayar/lib/python3.10/site-packages'
[1.463s] Level 1:colcon.colcon_core.environment:checking '/TFG_ws/install/rmf_nayar/bin'
[1.463s] INFO:colcon.colcon_core.shell:Creating package script '/TFG_ws/install/rmf_nayar/share/rmf_nayar/package.ps1'
[1.464s] INFO:colcon.colcon_core.shell:Creating package descriptor '/TFG_ws/install/rmf_nayar/share/rmf_nayar/package.dsv'
[1.464s] INFO:colcon.colcon_core.shell:Creating package script '/TFG_ws/install/rmf_nayar/share/rmf_nayar/package.sh'
[1.464s] INFO:colcon.colcon_core.shell:Creating package script '/TFG_ws/install/rmf_nayar/share/rmf_nayar/package.bash'
[1.465s] INFO:colcon.colcon_core.shell:Creating package script '/TFG_ws/install/rmf_nayar/share/rmf_nayar/package.zsh'
[1.465s] Level 1:colcon.colcon_core.environment:create_file_with_runtime_dependencies(/TFG_ws/install/rmf_nayar/share/colcon-core/packages/rmf_nayar)
[1.466s] DEBUG:colcon.colcon_parallel_executor.executor.parallel:closing loop
[1.466s] DEBUG:colcon.colcon_parallel_executor.executor.parallel:loop closed
[1.466s] DEBUG:colcon.colcon_parallel_executor.executor.parallel:run_until_complete finished with '0'
[1.466s] DEBUG:colcon.colcon_core.event_reactor:joining thread
[1.470s] INFO:colcon.colcon_core.plugin_system:Skipping extension 'colcon_notification.desktop_notification.notify_send': Could not find 'notify-send'
[1.471s] INFO:colcon.colcon_core.plugin_system:Skipping extension 'colcon_notification.desktop_notification.terminal_notifier': Not used on non-Darwin systems
[1.471s] INFO:colcon.colcon_core.plugin_system:Skipping extension 'colcon_notification.desktop_notification.win32': Not used on non-Windows systems
[1.471s] INFO:colcon.colcon_notification.desktop_notification:Sending desktop notification using 'notify2'
[1.471s] DEBUG:colcon.colcon_notification.desktop_notification.notify2:Failed to initialize notify2: org.freedesktop.DBus.Error.InvalidFileContent: D-Bus library appears to be incorrectly set up: see the manual page for dbus-uuidgen to correct this issue. (Failed to open "/var/lib/dbus/machine-id": No such file or directory; UUID file '/etc/machine-id' should contain a hex string of length 32, not length 0, with no other text)
[1.471s] DEBUG:colcon.colcon_core.event_reactor:joined thread
[1.471s] INFO:colcon.colcon_core.shell:Creating prefix script '/TFG_ws/install/local_setup.ps1'
[1.472s] INFO:colcon.colcon_core.shell:Creating prefix util module '/TFG_ws/install/_local_setup_util_ps1.py'
[1.473s] INFO:colcon.colcon_core.shell:Creating prefix chain script '/TFG_ws/install/setup.ps1'
[1.474s] INFO:colcon.colcon_core.shell:Creating prefix script '/TFG_ws/install/local_setup.sh'
[1.475s] INFO:colcon.colcon_core.shell:Creating prefix util module '/TFG_ws/install/_local_setup_util_sh.py'
[1.475s] INFO:colcon.colcon_core.shell:Creating prefix chain script '/TFG_ws/install/setup.sh'
[1.476s] INFO:colcon.colcon_core.shell:Creating prefix script '/TFG_ws/install/local_setup.bash'
[1.477s] INFO:colcon.colcon_core.shell:Creating prefix chain script '/TFG_ws/install/setup.bash'
[1.478s] INFO:colcon.colcon_core.shell:Creating prefix script '/TFG_ws/install/local_setup.zsh'
[1.478s] INFO:colcon.colcon_core.shell:Creating prefix chain script '/TFG_ws/install/setup.zsh'
