-- The C compiler identification is GNU 11.4.0
-- The CXX compiler identification is GNU 11.4.0
-- Detecting C compiler ABI info
-- Detecting C compiler ABI info - done
-- Check for working C compiler: /usr/bin/cc - skipped
-- Detecting C compile features
-- Detecting C compile features - done
-- Detecting CXX compiler ABI info
-- Detecting CXX compiler ABI info - done
-- Check for working CXX compiler: /usr/bin/c++ - skipped
-- Detecting CXX compile features
-- Detecting CXX compile features - done
-- Found ament_cmake: 1.3.11 (/opt/ros/humble/share/ament_cmake/cmake)
-- Found Python3: /usr/bin/python3 (found version "3.10.12") found components: Interpreter 
-- Override CMake install command with custom implementation using symlinks instead of copying resources
[0mBUILDING WORLDFILE WITH COMMAND: ros2 run rmf_building_map_tools building_map_generator gazebo /TFG_ws/src/rmf_nayar/maps/nayar/nayar.building.yaml /TFG_ws/build/rmf_nayar/maps/nayar/nayar.world /TFG_ws/build/rmf_nayar/maps/nayar/models[0m
[0mDOWNLOADING MODELS WITH COMMAND: ros2 run rmf_building_map_tools building_map_model_downloader /TFG_ws/src/rmf_nayar/maps/nayar/nayar.building.yaml[0m
[0mBUILDING WORLDFILE WITH COMMAND: ros2 run rmf_building_map_tools building_map_generator gazebo /TFG_ws/src/rmf_nayar/maps/nayar/nayar3.building.yaml /TFG_ws/build/rmf_nayar/maps/nayar3/nayar3.world /TFG_ws/build/rmf_nayar/maps/nayar3/models[0m
[0mDOWNLOADING MODELS WITH COMMAND: ros2 run rmf_building_map_tools building_map_model_downloader /TFG_ws/src/rmf_nayar/maps/nayar/nayar3.building.yaml[0m
-- Configuring done
-- Generating done
-- Build files have been written to: /TFG_ws/build/rmf_nayar
[ 66%] [34m[1mGenerating maps/nayar/nayar.world[0m
[ 66%] [34m[1mGenerating maps/nayar3/nayar3.world[0m
[ 66%] [34m[1mGenerating maps/nayar3/nav_graphs/phony[0m
[ 66%] [34m[1mGenerating maps/nayar/nav_graphs/phony[0m
generating /TFG_ws/build/rmf_nayar/maps/nayar/nayar.world from /TFG_ws/src/rmf_nayar/maps/nayar/nayar.building.yaml
generating /TFG_ws/build/rmf_nayar/maps/nayar3/nayar3.world from /TFG_ws/src/rmf_nayar/maps/nayar/nayar3.building.yaml
building name: nayar
coordinate system: reference_image
parsing level Planta0
parsing level Sotano
calculating levels relative to Planta0
level Planta0 scale: 0.05532403805177346
calculating level Sotano offset and scale...
  0 common fiducials:
Transform.set_from_fiducials()
  0 fiducial pairs:
Bearings:
[]
generating nav data
building name: nayar2
coordinate system: reference_image
parsing level planta0
parsing level planta1
calculating levels relative to planta0
level planta0 scale: 0.07742772056183925
calculating level planta1 offset and scale...
  2 common fiducials:
Transform.set_from_fiducials()
  2 fiducial pairs:
    (475.69, -339.15) -> (475.8, -338.93)   punto1
    (119.09, -199.13) -> (119.04, -198.96)   esquina_sup
    calc dist punto1 <=> esquina_sup
Bearings:
[(2.767441424789273, 2.7677014056626033)]
  0.0002599808733303455
  Circular mean: -0.0002599808733303455
Distances:
[(383.1016756593476, 383.23231116386836)]
mean relative scale: 1.0003409943438537
translation: (0.011249, -0.016793)
building name: nayar
coordinate system: reference_image
parsing level Planta0
parsing level Sotano
calculating levels relative to Planta0
level Planta0 scale: 0.05532403805177346
calculating level Sotano offset and scale...
  0 common fiducials:
Transform.set_from_fiducials()
  0 fiducial pairs:
Bearings:
[]
parsing lift lift1
generating model of level planta0 in /TFG_ws/build/rmf_nayar/maps/nayar/models/nayar2_planta0
  wrote /TFG_ws/build/rmf_nayar/maps/nayar/models/nayar2_planta0/model.config
generating model of level Planta0 in /TFG_ws/build/rmf_nayar/maps/nayar3/models/nayar_Planta0
generating floor polygon 1 on floor nayar2_planta0
hole vertices: []
lift vertices: {'lift1': [(18.001256229020964, -16.089033706738554), (15.301263933774127, -16.08258346583539), (15.292663612569914, -19.68257319283118), (17.99265590781675, -19.68902343373434)]}
  wrote /TFG_ws/build/rmf_nayar/maps/nayar3/models/nayar_Planta0/model.config
generating floor polygon 1 on floor nayar_Planta0
hole vertices: []
lift vertices: {}
[[0, 3, 2], [0, 2, 1]]
  wrote /TFG_ws/build/rmf_nayar/maps/nayar3/models/nayar_Planta0/meshes/floor_1.obj
  wrote /TFG_ws/build/rmf_nayar/maps/nayar3/models/nayar_Planta0/meshes/blue_linoleum.png
  wrote /TFG_ws/build/rmf_nayar/maps/nayar3/models/nayar_Planta0/meshes/floor_1.mtl
Walls Generation, wall params list: [{'alpha': <building_map.param_value.ParamValue object at 0x736642e4bf40>, 'texture_height': <building_map.param_value.ParamValue object at 0x736642e4bfa0>, 'texture_name': <building_map.param_value.ParamValue object at 0x736642df3280>, 'texture_scale': <building_map.param_value.ParamValue object at 0x736642df2c20>, 'texture_width': <building_map.param_value.ParamValue object at 0x736642df2dd0>}]
generating wall: 1 on floor: nayar_Planta0
  wrote /TFG_ws/build/rmf_nayar/maps/nayar3/models/nayar_Planta0/meshes/default.png
generate_wall_visual_mesh(nayar_Planta0, /TFG_ws/build/rmf_nayar/maps/nayar3/models/nayar_Planta0)
  generating /TFG_ws/build/rmf_nayar/maps/nayar3/models/nayar_Planta0/meshes/wall_1.obj
[[0, 3, 4], [0, 4, 5], [0, 5, 6], [0, 6, 1], [1, 6, 7], [1, 7, 2], [3, 2, 7], [3, 7, 4]]
  wrote /TFG_ws/build/rmf_nayar/maps/nayar/models/nayar2_planta0/meshes/floor_1.obj
  wrote /TFG_ws/build/rmf_nayar/maps/nayar/models/nayar2_planta0/meshes/blue_linoleum.png
  wrote /TFG_ws/build/rmf_nayar/maps/nayar/models/nayar2_planta0/meshes/floor_1.mtl
Walls Generation, wall params list: [{'alpha': <building_map.param_value.ParamValue object at 0x7744e962ffd0>, 'texture_height': <building_map.param_value.ParamValue object at 0x7744ddaa4070>, 'texture_name': <building_map.param_value.ParamValue object at 0x7744ddaa40d0>, 'texture_scale': <building_map.param_value.ParamValue object at 0x7744ddaa4130>, 'texture_width': <building_map.param_value.ParamValue object at 0x7744ddaa4190>}]
generating wall: 1 on floor: nayar2_planta0
  wrote /TFG_ws/build/rmf_nayar/maps/nayar/models/nayar2_planta0/meshes/default.png
generate_wall_visual_mesh(nayar2_planta0, /TFG_ws/build/rmf_nayar/maps/nayar/models/nayar2_planta0)
  generating /TFG_ws/build/rmf_nayar/maps/nayar/models/nayar2_planta0/meshes/wall_1.obj
  generating /TFG_ws/build/rmf_nayar/maps/nayar3/models/nayar_Planta0/meshes/wall_1.mtl
  wrote /TFG_ws/build/rmf_nayar/maps/nayar3/models/nayar_Planta0/model.sdf
generating model of level Sotano in /TFG_ws/build/rmf_nayar/maps/nayar3/models/nayar_Sotano
  wrote /TFG_ws/build/rmf_nayar/maps/nayar3/models/nayar_Sotano/model.config
generating floor polygon 1 on floor nayar_Sotano
hole vertices: []
lift vertices: {}
[[0, 3, 2], [0, 2, 1]]
  wrote /TFG_ws/build/rmf_nayar/maps/nayar3/models/nayar_Sotano/meshes/floor_1.obj
  wrote /TFG_ws/build/rmf_nayar/maps/nayar3/models/nayar_Sotano/meshes/blue_linoleum.png
  wrote /TFG_ws/build/rmf_nayar/maps/nayar3/models/nayar_Sotano/meshes/floor_1.mtl
Walls Generation, wall params list: [{'alpha': <building_map.param_value.ParamValue object at 0x736642e87820>, 'texture_height': <building_map.param_value.ParamValue object at 0x736642e87880>, 'texture_name': <building_map.param_value.ParamValue object at 0x736642e878e0>, 'texture_scale': <building_map.param_value.ParamValue object at 0x736642e87940>, 'texture_width': <building_map.param_value.ParamValue object at 0x736642e879a0>}]
generating wall: 1 on floor: nayar_Sotano
  wrote /TFG_ws/build/rmf_nayar/maps/nayar3/models/nayar_Sotano/meshes/default.png
generate_wall_visual_mesh(nayar_Sotano, /TFG_ws/build/rmf_nayar/maps/nayar3/models/nayar_Sotano)
  generating /TFG_ws/build/rmf_nayar/maps/nayar3/models/nayar_Sotano/meshes/wall_1.obj
  generating /TFG_ws/build/rmf_nayar/maps/nayar3/models/nayar_Sotano/meshes/wall_1.mtl
  wrote /TFG_ws/build/rmf_nayar/maps/nayar3/models/nayar_Sotano/model.sdf
generator options: ['gazebo']
generate door name=entrada_principal type=double_hinged
Door(entrada_principal)
generate door name=puerta_peque type=hinged
Door(puerta_peque)
generate door name=garaje type=double_hinged
Door(garaje)
  generating /TFG_ws/build/rmf_nayar/maps/nayar/models/nayar2_planta0/meshes/wall_1.mtl
  wrote /TFG_ws/build/rmf_nayar/maps/nayar/models/nayar2_planta0/model.sdf
9190 bytes written to /TFG_ws/build/rmf_nayar/maps/nayar3/nayar3.world
generating model of level planta1 in /TFG_ws/build/rmf_nayar/maps/nayar/models/nayar2_planta1
  wrote /TFG_ws/build/rmf_nayar/maps/nayar/models/nayar2_planta1/model.config
generating floor polygon 1 on floor nayar2_planta1
hole vertices: [[(3.0009135219918917, -14.161966864010905), (9.323965335582713, -15.420608331929321), (8.759010878131047, -16.91748057351616), (7.977846778074719, -19.414166982606584), (6.5018997264262355, -23.80723754459366), (5.634875994542107, -26.68456137159524), (4.061410003808941, -31.349440050649942), (2.994201399710574, -39.9797204706962)], [(4.061410003808941, -31.349440050649942), (5.099108335872551, -32.91995060927369), (7.620449866899286, -36.518684325217755), (8.638504602297845, -38.026339897114525), (2.994201399710574, -39.9797204706962)], [(2.994201399710574, -39.9797204706962), (8.638504602297845, -38.026339897114525), (16.250770369144647, -38.027157920714764), (36.79757117657326, -38.03249969605317), (36.79754046908218, -38.15061411728793), (38.69913621016705, -38.15110849582056), (38.69910324891516, -38.27789186540282), (48.59563660348658, -38.28046477484525), (50.20645512009122, -39.99199475392686)], [(3.0009135219918917, -14.161966864010905), (9.323965335582713, -15.420608331929321), (48.18740258671972, -15.430712082514127), (50.21316724237254, -14.174241147241563)], [(50.21316724237254, -14.174241147241563), (50.20645512009122, -39.99199475392686), (48.59563660348658, -38.28046477484525), (48.59725007487719, -32.07434917260146), (48.38594445890675, -32.07429423718164), (48.3880303145392, -24.051182541565687), (48.185161442942686, -24.051129799538092), (48.18664381387172, -18.349283826615682), (48.18740258671972, -15.430712082514127)]]
lift vertices: {'lift1': [(18.001256229020964, -16.089033706738554), (15.301263933774127, -16.08258346583539), (15.292663612569914, -19.68257319283118), (17.99265590781675, -19.68902343373434)]}
/opt/ros/humble/lib/python3.10/site-packages/building_map/floor.py:144: ShapelyDeprecationWarning: Iteration over multi-part geometries is deprecated and will be removed in Shapely 2.0. Use the `geoms` property to access the constituent parts of a multi-part geometry.
  for item in geom:
building name: nayar2
coordinate system: reference_image
parsing level planta0
parsing level planta1
calculating levels relative to planta0
level planta0 scale: 0.07742772056183925
calculating level planta1 offset and scale...
  2 common fiducials:
Transform.set_from_fiducials()
  2 fiducial pairs:
    (475.69, -339.15) -> (475.8, -338.93)   punto1
    (119.09, -199.13) -> (119.04, -198.96)   esquina_sup
    calc dist punto1 <=> esquina_sup
Bearings:
[(2.767441424789273, 2.7677014056626033)]
  0.0002599808733303455
  Circular mean: -0.0002599808733303455
Distances:
[(383.1016756593476, 383.23231116386836)]
mean relative scale: 1.0003409943438537
translation: (0.011249, -0.016793)
parsing lift lift1
generating nav data
[[4, 5, 6], [4, 6, 7], [4, 7, 8], [8, 7, 9], [8, 9, 10], [10, 9, 11], [12, 13, 14], [15, 16, 17], [15, 17, 6], [15, 6, 18], [15, 18, 19], [15, 19, 20], [21, 19, 18], [21, 18, 22], [23, 18, 6], [23, 6, 5], [9, 17, 11], [11, 17, 24], [25, 24, 26], [27, 26, 13], [13, 26, 14], [14, 26, 24], [14, 24, 16], [14, 16, 28], [16, 24, 17]]
[ 66%] Built target generate_nayar3_nav_graphs
  wrote /TFG_ws/build/rmf_nayar/maps/nayar/models/nayar2_planta1/meshes/floor_1.obj
  wrote /TFG_ws/build/rmf_nayar/maps/nayar/models/nayar2_planta1/meshes/blue_linoleum.png
  wrote /TFG_ws/build/rmf_nayar/maps/nayar/models/nayar2_planta1/meshes/floor_1.mtl
Walls Generation, wall params list: [{'alpha': <building_map.param_value.ParamValue object at 0x7744ddcaf880>, 'texture_height': <building_map.param_value.ParamValue object at 0x7744ddcaf8e0>, 'texture_name': <building_map.param_value.ParamValue object at 0x7744ddcaf940>, 'texture_scale': <building_map.param_value.ParamValue object at 0x7744ddcaf9a0>, 'texture_width': <building_map.param_value.ParamValue object at 0x7744ddcafa00>}]
generating wall: 1 on floor: nayar2_planta1
  wrote /TFG_ws/build/rmf_nayar/maps/nayar/models/nayar2_planta1/meshes/default.png
generate_wall_visual_mesh(nayar2_planta1, /TFG_ws/build/rmf_nayar/maps/nayar/models/nayar2_planta1)
  generating /TFG_ws/build/rmf_nayar/maps/nayar/models/nayar2_planta1/meshes/wall_1.obj
  generating /TFG_ws/build/rmf_nayar/maps/nayar/models/nayar2_planta1/meshes/wall_1.mtl
  wrote /TFG_ws/build/rmf_nayar/maps/nayar/models/nayar2_planta1/model.sdf
generator options: ['gazebo']
generate door name=entrada_empleados type=hinged
Door(entrada_empleados)
generate door name=entrada_principal type=double_hinged
Door(entrada_principal)
generate door name=garaje type=double_hinged
Door(garaje)
generate door name=baños type=hinged
Door(baños)
generate door name=sala_reuniones type=hinged
Door(sala_reuniones)
35191 bytes written to /TFG_ws/build/rmf_nayar/maps/nayar/nayar.world
[ 66%] Built target generate_nayar_nav_graphs
building name: nayar
coordinate system: reference_image
parsing level Planta0
parsing level Sotano
calculating levels relative to Planta0
level Planta0 scale: 0.05532403805177346
calculating level Sotano offset and scale...
  0 common fiducials:
Transform.set_from_fiducials()
  0 fiducial pairs:
Bearings:
[]
building name: nayar2
coordinate system: reference_image
parsing level planta0
parsing level planta1
calculating levels relative to planta0
level planta0 scale: 0.07742772056183925
calculating level planta1 offset and scale...
  2 common fiducials:
Transform.set_from_fiducials()
  2 fiducial pairs:
    (475.69, -339.15) -> (475.8, -338.93)   punto1
    (119.09, -199.13) -> (119.04, -198.96)   esquina_sup
    calc dist punto1 <=> esquina_sup
Bearings:
[(2.767441424789273, 2.7677014056626033)]
  0.0002599808733303455
  Circular mean: -0.0002599808733303455
Distances:
[(383.1016756593476, 383.23231116386836)]
mean relative scale: 1.0003409943438537
translation: (0.011249, -0.016793)
parsing lift lift1
Models: [] are used in crowd_sim
Cache directory does not exist! Creating it: /root/.pit_crew
Cache not found! Rebuilding cache...
Topping up Fuel (updating cache) from: https://fuel.gazebosim.org/1.0/models
Fetching page: 1
Models: [] are used in crowd_sim
Cache not found! Rebuilding cache...
Topping up Fuel (updating cache) from: https://fuel.gazebosim.org/1.0/models
Fetching page: 1
Fetching page: 2
Fetching page: 2
Fetching page: 3
Fetching page: 3
Fetching page: 4
Fetching page: 4
Fetching page: 5
Fetching page: 5
Fetching page: 6
Fetching page: 6
Fetching page: 7
Fetching page: 7
Fetching page: 8
Fetching page: 8
Fetching page: 9
Fetching page: 9
Fetching page: 10
Fetching page: 10
Fetching page: 11
Fetching page: 11
Fetching page: 12
Fetching page: 12
Fetching page: 13
Fetching page: 13
Fetching page: 14
Fetching page: 14
Fetching page: 15
Fetching page: 15
Fetching page: 16
Fetching page: 16
Fetching page: 17
Fetching page: 17
Fetching page: 18
Fetching page: 18
Fetching page: 19
Fetching page: 19
Fetching page: 20
Fetching page: 20
Fetching page: 21
Fetching page: 21
Fetching page: 22
Fetching page: 22
Fetching page: 23
Fetching page: 23
Fetching page: 24
Fetching page: 24
Fetching page: 25
Fetching page: 25
Fetching page: 26
Fetching page: 26
Fetching page: 27
Fetching page: 27
Fetching page: 28
Fetching page: 28
Fetching page: 29
Fetching page: 29
Fetching page: 30
Fetching page: 30
Fetching page: 31
Fetching page: 31
Fetching page: 32
Fetching page: 32
Writing to cache: /root/.pit_crew/model_cache.json
New models cached: 3008

WARNING::pit_crew.get_local_model_name_tuples():275: No local model path given! Using default ~/.gazebo/models/ instead!
WARNING::pit_crew.get_local_model_name_tuples():284: Model directory specified does not exist! Returning empty model set.

== REQUESTED MODEL REPORT ==
{'available': [],
 'downloadable': [('WhiteCabinet', ['OpenRobotics']),
                  ('AdjTable', ['OpenRobotics'])],
 'missing': []}

== THE FOLLOWING MODELS HAVE SPECIFIED AUTHORS ==
{'adjtable': 'openrobotics', 'whitecabinet': 'openrobotics'}


Downloading WhiteCabinet by openrobotics from Fuel
Downloading model 1 / 2 : WhiteCabinet
WARNING::pit_crew.download_model():530: No path given! Downloading to /root/.gazebo/models instead!
WARNING::pit_crew.download_model():538: Download path does not exist! Created: /root/.gazebo/models
Writing to cache: /root/.pit_crew/model_cache.json
New models cached: 3008

WARNING::pit_crew.get_local_model_name_tuples():275: No local model path given! Using default ~/.gazebo/models/ instead!

== REQUESTED MODEL REPORT ==
{'available': [], 'downloadable': [], 'missing': []}

== THE FOLLOWING MODELS HAVE SPECIFIED AUTHORS ==
{}

[ 83%] [34m[1mGenerating nayar3_crowdsim[0m
Creating output folder path:  /TFG_ws/build/rmf_nayar/maps/nayar3/config_resource/
crowdsim unable to parse, not attempting to proceed
crowdsim unable to parse, not attempting to proceed
[ 83%] Built target generate_nayar3_crowdsim
WhiteCabinet downloaded to: /root/.gazebo/models/WhiteCabinet

Downloading AdjTable by openrobotics from Fuel
Downloading model 2 / 2 : AdjTable
WARNING::pit_crew.download_model():530: No path given! Downloading to /root/.gazebo/models instead!
AdjTable downloaded to: /root/.gazebo/models/AdjTable
[100%] [34m[1mGenerating nayar_crowdsim[0m
Creating output folder path:  /TFG_ws/build/rmf_nayar/maps/nayar/config_resource/
crowdsim unable to parse, not attempting to proceed
crowdsim unable to parse, not attempting to proceed
[100%] Built target generate_nayar_crowdsim
-- Install configuration: ""
-- Execute custom install script
-- Symlinking: /TFG_ws/install/rmf_nayar/share/rmf_nayar/maps/nayar/nayar.building.yaml
-- Symlinking: /TFG_ws/install/rmf_nayar/share/rmf_nayar/maps/nayar/nayar3.building.yaml
-- Symlinking: /TFG_ws/install/rmf_nayar/share/rmf_nayar/maps/nayar/planta0.png
-- Symlinking: /TFG_ws/install/rmf_nayar/share/rmf_nayar/maps/nayar/planta1.png
-- Symlinking: /TFG_ws/install/rmf_nayar/share/rmf_nayar/maps/nayar/planta2.png
-- Symlinking: /TFG_ws/install/rmf_nayar/share/rmf_nayar/maps/nayar/planta3.png
-- Symlinking: /TFG_ws/install/rmf_nayar/share/rmf_nayar/maps/nayar/planta4.png
-- Symlinking: /TFG_ws/install/rmf_nayar/share/rmf_nayar/maps/nayar/sotano.png
-- Symlinking: /TFG_ws/install/rmf_nayar/share/rmf_nayar/launch/common.launch.xml
-- Symlinking: /TFG_ws/install/rmf_nayar/share/rmf_nayar/launch/nayar.launch.xml
-- Symlinking: /TFG_ws/install/rmf_nayar/share/rmf_nayar/launch/simulation.launch.xml
-- Symlinking: /TFG_ws/install/rmf_nayar/share/rmf_nayar/launch/visualization.launch.xml
-- Symlinking: /TFG_ws/install/rmf_nayar/share/rmf_nayar/config/cleanerBotA_config.yaml
-- Symlinking: /TFG_ws/install/rmf_nayar/share/rmf_nayar/config/nayar.rviz
-- Symlinking: /TFG_ws/install/rmf_nayar/share/rmf_nayar/config/tinyRobot_config.yaml
-- Symlinking: /TFG_ws/install/rmf_nayar/share/ament_index/resource_index/package_run_dependencies/rmf_nayar
-- Symlinking: /TFG_ws/install/rmf_nayar/share/ament_index/resource_index/parent_prefix_path/rmf_nayar
-- Symlinking: /TFG_ws/install/rmf_nayar/share/rmf_nayar/environment/ament_prefix_path.sh
-- Symlinking: /TFG_ws/install/rmf_nayar/share/rmf_nayar/environment/ament_prefix_path.dsv
-- Symlinking: /TFG_ws/install/rmf_nayar/share/rmf_nayar/environment/path.sh
-- Symlinking: /TFG_ws/install/rmf_nayar/share/rmf_nayar/environment/path.dsv
-- Symlinking: /TFG_ws/install/rmf_nayar/share/rmf_nayar/local_setup.bash
-- Symlinking: /TFG_ws/install/rmf_nayar/share/rmf_nayar/local_setup.sh
-- Symlinking: /TFG_ws/install/rmf_nayar/share/rmf_nayar/local_setup.zsh
-- Symlinking: /TFG_ws/install/rmf_nayar/share/rmf_nayar/local_setup.dsv
-- Symlinking: /TFG_ws/install/rmf_nayar/share/rmf_nayar/package.dsv
-- Symlinking: /TFG_ws/install/rmf_nayar/share/ament_index/resource_index/packages/rmf_nayar
-- Symlinking: /TFG_ws/install/rmf_nayar/share/rmf_nayar/cmake/rmf_nayarConfig.cmake
-- Symlinking: /TFG_ws/install/rmf_nayar/share/rmf_nayar/cmake/rmf_nayarConfig-version.cmake
-- Symlinking: /TFG_ws/install/rmf_nayar/share/rmf_nayar/package.xml
-- Symlinking: /TFG_ws/install/rmf_nayar/share/rmf_nayar/maps/nayar/models/nayar2_planta0/meshes/blue_linoleum.png
-- Symlinking: /TFG_ws/install/rmf_nayar/share/rmf_nayar/maps/nayar/models/nayar2_planta0/meshes/default.png
-- Symlinking: /TFG_ws/install/rmf_nayar/share/rmf_nayar/maps/nayar/models/nayar2_planta0/meshes/floor_1.mtl
-- Symlinking: /TFG_ws/install/rmf_nayar/share/rmf_nayar/maps/nayar/models/nayar2_planta0/meshes/floor_1.obj
-- Symlinking: /TFG_ws/install/rmf_nayar/share/rmf_nayar/maps/nayar/models/nayar2_planta0/meshes/model.material
-- Symlinking: /TFG_ws/install/rmf_nayar/share/rmf_nayar/maps/nayar/models/nayar2_planta0/meshes/wall_1.mtl
-- Symlinking: /TFG_ws/install/rmf_nayar/share/rmf_nayar/maps/nayar/models/nayar2_planta0/meshes/wall_1.obj
-- Symlinking: /TFG_ws/install/rmf_nayar/share/rmf_nayar/maps/nayar/models/nayar2_planta0/model.config
-- Symlinking: /TFG_ws/install/rmf_nayar/share/rmf_nayar/maps/nayar/models/nayar2_planta0/model.sdf
-- Symlinking: /TFG_ws/install/rmf_nayar/share/rmf_nayar/maps/nayar/models/nayar2_planta1/meshes/blue_linoleum.png
-- Symlinking: /TFG_ws/install/rmf_nayar/share/rmf_nayar/maps/nayar/models/nayar2_planta1/meshes/default.png
-- Symlinking: /TFG_ws/install/rmf_nayar/share/rmf_nayar/maps/nayar/models/nayar2_planta1/meshes/floor_1.mtl
-- Symlinking: /TFG_ws/install/rmf_nayar/share/rmf_nayar/maps/nayar/models/nayar2_planta1/meshes/floor_1.obj
-- Symlinking: /TFG_ws/install/rmf_nayar/share/rmf_nayar/maps/nayar/models/nayar2_planta1/meshes/model.material
-- Symlinking: /TFG_ws/install/rmf_nayar/share/rmf_nayar/maps/nayar/models/nayar2_planta1/meshes/wall_1.mtl
-- Symlinking: /TFG_ws/install/rmf_nayar/share/rmf_nayar/maps/nayar/models/nayar2_planta1/meshes/wall_1.obj
-- Symlinking: /TFG_ws/install/rmf_nayar/share/rmf_nayar/maps/nayar/models/nayar2_planta1/model.config
-- Symlinking: /TFG_ws/install/rmf_nayar/share/rmf_nayar/maps/nayar/models/nayar2_planta1/model.sdf
-- Symlinking: /TFG_ws/install/rmf_nayar/share/rmf_nayar/maps/nayar/nayar.world
-- Symlinking: /TFG_ws/install/rmf_nayar/share/rmf_nayar/maps/nayar3/models/nayar_Planta0/meshes/blue_linoleum.png
-- Symlinking: /TFG_ws/install/rmf_nayar/share/rmf_nayar/maps/nayar3/models/nayar_Planta0/meshes/default.png
-- Symlinking: /TFG_ws/install/rmf_nayar/share/rmf_nayar/maps/nayar3/models/nayar_Planta0/meshes/floor_1.mtl
-- Symlinking: /TFG_ws/install/rmf_nayar/share/rmf_nayar/maps/nayar3/models/nayar_Planta0/meshes/floor_1.obj
-- Symlinking: /TFG_ws/install/rmf_nayar/share/rmf_nayar/maps/nayar3/models/nayar_Planta0/meshes/model.material
-- Symlinking: /TFG_ws/install/rmf_nayar/share/rmf_nayar/maps/nayar3/models/nayar_Planta0/meshes/wall_1.mtl
-- Symlinking: /TFG_ws/install/rmf_nayar/share/rmf_nayar/maps/nayar3/models/nayar_Planta0/meshes/wall_1.obj
-- Symlinking: /TFG_ws/install/rmf_nayar/share/rmf_nayar/maps/nayar3/models/nayar_Planta0/model.config
-- Symlinking: /TFG_ws/install/rmf_nayar/share/rmf_nayar/maps/nayar3/models/nayar_Planta0/model.sdf
-- Symlinking: /TFG_ws/install/rmf_nayar/share/rmf_nayar/maps/nayar3/models/nayar_Sotano/meshes/blue_linoleum.png
-- Symlinking: /TFG_ws/install/rmf_nayar/share/rmf_nayar/maps/nayar3/models/nayar_Sotano/meshes/default.png
-- Symlinking: /TFG_ws/install/rmf_nayar/share/rmf_nayar/maps/nayar3/models/nayar_Sotano/meshes/floor_1.mtl
-- Symlinking: /TFG_ws/install/rmf_nayar/share/rmf_nayar/maps/nayar3/models/nayar_Sotano/meshes/floor_1.obj
-- Symlinking: /TFG_ws/install/rmf_nayar/share/rmf_nayar/maps/nayar3/models/nayar_Sotano/meshes/model.material
-- Symlinking: /TFG_ws/install/rmf_nayar/share/rmf_nayar/maps/nayar3/models/nayar_Sotano/meshes/wall_1.mtl
-- Symlinking: /TFG_ws/install/rmf_nayar/share/rmf_nayar/maps/nayar3/models/nayar_Sotano/meshes/wall_1.obj
-- Symlinking: /TFG_ws/install/rmf_nayar/share/rmf_nayar/maps/nayar3/models/nayar_Sotano/model.config
-- Symlinking: /TFG_ws/install/rmf_nayar/share/rmf_nayar/maps/nayar3/models/nayar_Sotano/model.sdf
-- Symlinking: /TFG_ws/install/rmf_nayar/share/rmf_nayar/maps/nayar3/nayar3.world
