[0.335s] Invoking command in '/TFG_ws/build/rmf_nayar': CMAKE_PREFIX_PATH=${CMAKE_PREFIX_PATH}:/TFG_ws/install/mqtt_ros_bridge:/TFG_ws/install/elevator_mover:/opt/ros/humble /usr/bin/cmake /TFG_ws/src/rmf_nayar -DAMENT_CMAKE_SYMLINK_INSTALL=1 -DCMAKE_INSTALL_PREFIX=/TFG_ws/install/rmf_nayar
[0.388s] -- The C compiler identification is GNU 11.4.0
[0.437s] -- The CXX compiler identification is GNU 11.4.0
[0.444s] -- Detecting C compiler ABI info
[0.511s] -- Detecting C compiler ABI info - done
[0.519s] -- Check for working C compiler: /usr/bin/cc - skipped
[0.519s] -- Detecting C compile features
[0.519s] -- Detecting C compile features - done
[0.522s] -- Detecting CXX compiler ABI info
[0.606s] -- Detecting CXX compiler ABI info - done
[0.612s] -- Check for working CXX compiler: /usr/bin/c++ - skipped
[0.613s] -- Detecting CXX compile features
[0.613s] -- Detecting CXX compile features - done
[0.616s] -- Found ament_cmake: 1.3.11 (/opt/ros/humble/share/ament_cmake/cmake)
[0.724s] -- Found Python3: /usr/bin/python3 (found version "3.10.12") found components: Interpreter 
[0.776s] -- Override CMake install command with custom implementation using symlinks instead of copying resources
[0.861s] [0mBUILDING WORLDFILE WITH COMMAND: ros2 run rmf_building_map_tools building_map_generator gazebo /TFG_ws/src/rmf_nayar/maps/nayar/nayar.building.yaml /TFG_ws/build/rmf_nayar/maps/nayar/nayar.world /TFG_ws/build/rmf_nayar/maps/nayar/models[0m
[0.861s] [0mDOWNLOADING MODELS WITH COMMAND: ros2 run rmf_building_map_tools building_map_model_downloader /TFG_ws/src/rmf_nayar/maps/nayar/nayar.building.yaml[0m
[0.861s] [0mBUILDING WORLDFILE WITH COMMAND: ros2 run rmf_building_map_tools building_map_generator gazebo /TFG_ws/src/rmf_nayar/maps/nayar/nayar3.building.yaml /TFG_ws/build/rmf_nayar/maps/nayar3/nayar3.world /TFG_ws/build/rmf_nayar/maps/nayar3/models[0m
[0.862s] [0mDOWNLOADING MODELS WITH COMMAND: ros2 run rmf_building_map_tools building_map_model_downloader /TFG_ws/src/rmf_nayar/maps/nayar/nayar3.building.yaml[0m
[0.862s] -- Configuring done
[0.868s] -- Generating done
[0.873s] -- Build files have been written to: /TFG_ws/build/rmf_nayar
[0.876s] Invoked command in '/TFG_ws/build/rmf_nayar' returned '0': CMAKE_PREFIX_PATH=${CMAKE_PREFIX_PATH}:/TFG_ws/install/mqtt_ros_bridge:/TFG_ws/install/elevator_mover:/opt/ros/humble /usr/bin/cmake /TFG_ws/src/rmf_nayar -DAMENT_CMAKE_SYMLINK_INSTALL=1 -DCMAKE_INSTALL_PREFIX=/TFG_ws/install/rmf_nayar
[0.878s] Invoking command in '/TFG_ws/build/rmf_nayar': CMAKE_PREFIX_PATH=${CMAKE_PREFIX_PATH}:/TFG_ws/install/mqtt_ros_bridge:/TFG_ws/install/elevator_mover:/opt/ros/humble /usr/bin/cmake --build /TFG_ws/build/rmf_nayar -- -j6 -l6
[0.925s] [ 66%] [34m[1mGenerating maps/nayar/nayar.world[0m
[0.925s] [ 66%] [34m[1mGenerating maps/nayar3/nayar3.world[0m
[0.925s] [ 66%] [34m[1mGenerating maps/nayar3/nav_graphs/phony[0m
[0.925s] [ 66%] [34m[1mGenerating maps/nayar/nav_graphs/phony[0m
[1.245s] generating /TFG_ws/build/rmf_nayar/maps/nayar/nayar.world from /TFG_ws/src/rmf_nayar/maps/nayar/nayar.building.yaml
[1.259s] generating /TFG_ws/build/rmf_nayar/maps/nayar3/nayar3.world from /TFG_ws/src/rmf_nayar/maps/nayar/nayar3.building.yaml
[1.275s] building name: nayar
[1.275s] coordinate system: reference_image
[1.275s] parsing level Planta0
[1.275s] parsing level Sotano
[1.275s] calculating levels relative to Planta0
[1.276s] level Planta0 scale: 0.05532403805177346
[1.276s] calculating level Sotano offset and scale...
[1.276s]   0 common fiducials:
[1.276s] Transform.set_from_fiducials()
[1.276s]   0 fiducial pairs:
[1.276s] Bearings:
[1.276s] []
[1.277s] generating nav data
[1.281s] building name: nayar2
[1.281s] coordinate system: reference_image
[1.282s] parsing level planta0
[1.282s] parsing level planta1
[1.282s] calculating levels relative to planta0
[1.282s] level planta0 scale: 0.07742772056183925
[1.282s] calculating level planta1 offset and scale...
[1.282s]   2 common fiducials:
[1.282s] Transform.set_from_fiducials()
[1.282s]   2 fiducial pairs:
[1.283s]     (475.69, -339.15) -> (475.8, -338.93)   punto1
[1.283s]     (119.09, -199.13) -> (119.04, -198.96)   esquina_sup
[1.283s]     calc dist punto1 <=> esquina_sup
[1.283s] Bearings:
[1.283s] [(2.767441424789273, 2.7677014056626033)]
[1.283s]   0.0002599808733303455
[1.283s]   Circular mean: -0.0002599808733303455
[1.283s] Distances:
[1.283s] [(383.1016756593476, 383.23231116386836)]
[1.283s] mean relative scale: 1.0003409943438537
[1.283s] translation: (0.011249, -0.016793)
[1.283s] building name: nayar
[1.283s] coordinate system: reference_image
[1.283s] parsing level Planta0
[1.283s] parsing level Sotano
[1.283s] calculating levels relative to Planta0
[1.283s] level Planta0 scale: 0.05532403805177346
[1.284s] calculating level Sotano offset and scale...
[1.284s]   0 common fiducials:
[1.284s] Transform.set_from_fiducials()
[1.284s]   0 fiducial pairs:
[1.284s] Bearings:
[1.284s] []
[1.284s] parsing lift lift1
[1.284s] generating model of level planta0 in /TFG_ws/build/rmf_nayar/maps/nayar/models/nayar2_planta0
[1.285s]   wrote /TFG_ws/build/rmf_nayar/maps/nayar/models/nayar2_planta0/model.config
[1.285s] generating model of level Planta0 in /TFG_ws/build/rmf_nayar/maps/nayar3/models/nayar_Planta0
[1.285s] generating floor polygon 1 on floor nayar2_planta0
[1.285s] hole vertices: []
[1.285s] lift vertices: {'lift1': [(18.001256229020964, -16.089033706738554), (15.301263933774127, -16.08258346583539), (15.292663612569914, -19.68257319283118), (17.99265590781675, -19.68902343373434)]}
[1.285s]   wrote /TFG_ws/build/rmf_nayar/maps/nayar3/models/nayar_Planta0/model.config
[1.285s] generating floor polygon 1 on floor nayar_Planta0
[1.285s] hole vertices: []
[1.285s] lift vertices: {}
[1.286s] [[0, 3, 2], [0, 2, 1]]
[1.286s]   wrote /TFG_ws/build/rmf_nayar/maps/nayar3/models/nayar_Planta0/meshes/floor_1.obj
[1.287s]   wrote /TFG_ws/build/rmf_nayar/maps/nayar3/models/nayar_Planta0/meshes/blue_linoleum.png
[1.287s]   wrote /TFG_ws/build/rmf_nayar/maps/nayar3/models/nayar_Planta0/meshes/floor_1.mtl
[1.287s] Walls Generation, wall params list: [{'alpha': <building_map.param_value.ParamValue object at 0x736642e4bf40>, 'texture_height': <building_map.param_value.ParamValue object at 0x736642e4bfa0>, 'texture_name': <building_map.param_value.ParamValue object at 0x736642df3280>, 'texture_scale': <building_map.param_value.ParamValue object at 0x736642df2c20>, 'texture_width': <building_map.param_value.ParamValue object at 0x736642df2dd0>}]
[1.288s] generating wall: 1 on floor: nayar_Planta0
[1.288s]   wrote /TFG_ws/build/rmf_nayar/maps/nayar3/models/nayar_Planta0/meshes/default.png
[1.288s] generate_wall_visual_mesh(nayar_Planta0, /TFG_ws/build/rmf_nayar/maps/nayar3/models/nayar_Planta0)
[1.288s]   generating /TFG_ws/build/rmf_nayar/maps/nayar3/models/nayar_Planta0/meshes/wall_1.obj
[1.290s] [[0, 3, 4], [0, 4, 5], [0, 5, 6], [0, 6, 1], [1, 6, 7], [1, 7, 2], [3, 2, 7], [3, 7, 4]]
[1.290s]   wrote /TFG_ws/build/rmf_nayar/maps/nayar/models/nayar2_planta0/meshes/floor_1.obj
[1.291s]   wrote /TFG_ws/build/rmf_nayar/maps/nayar/models/nayar2_planta0/meshes/blue_linoleum.png
[1.291s]   wrote /TFG_ws/build/rmf_nayar/maps/nayar/models/nayar2_planta0/meshes/floor_1.mtl
[1.291s] Walls Generation, wall params list: [{'alpha': <building_map.param_value.ParamValue object at 0x7744e962ffd0>, 'texture_height': <building_map.param_value.ParamValue object at 0x7744ddaa4070>, 'texture_name': <building_map.param_value.ParamValue object at 0x7744ddaa40d0>, 'texture_scale': <building_map.param_value.ParamValue object at 0x7744ddaa4130>, 'texture_width': <building_map.param_value.ParamValue object at 0x7744ddaa4190>}]
[1.291s] generating wall: 1 on floor: nayar2_planta0
[1.292s]   wrote /TFG_ws/build/rmf_nayar/maps/nayar/models/nayar2_planta0/meshes/default.png
[1.292s] generate_wall_visual_mesh(nayar2_planta0, /TFG_ws/build/rmf_nayar/maps/nayar/models/nayar2_planta0)
[1.292s]   generating /TFG_ws/build/rmf_nayar/maps/nayar/models/nayar2_planta0/meshes/wall_1.obj
[1.293s]   generating /TFG_ws/build/rmf_nayar/maps/nayar3/models/nayar_Planta0/meshes/wall_1.mtl
[1.293s]   wrote /TFG_ws/build/rmf_nayar/maps/nayar3/models/nayar_Planta0/model.sdf
[1.293s] generating model of level Sotano in /TFG_ws/build/rmf_nayar/maps/nayar3/models/nayar_Sotano
[1.294s]   wrote /TFG_ws/build/rmf_nayar/maps/nayar3/models/nayar_Sotano/model.config
[1.294s] generating floor polygon 1 on floor nayar_Sotano
[1.294s] hole vertices: []
[1.294s] lift vertices: {}
[1.295s] [[0, 3, 2], [0, 2, 1]]
[1.295s]   wrote /TFG_ws/build/rmf_nayar/maps/nayar3/models/nayar_Sotano/meshes/floor_1.obj
[1.295s]   wrote /TFG_ws/build/rmf_nayar/maps/nayar3/models/nayar_Sotano/meshes/blue_linoleum.png
[1.295s]   wrote /TFG_ws/build/rmf_nayar/maps/nayar3/models/nayar_Sotano/meshes/floor_1.mtl
[1.296s] Walls Generation, wall params list: [{'alpha': <building_map.param_value.ParamValue object at 0x736642e87820>, 'texture_height': <building_map.param_value.ParamValue object at 0x736642e87880>, 'texture_name': <building_map.param_value.ParamValue object at 0x736642e878e0>, 'texture_scale': <building_map.param_value.ParamValue object at 0x736642e87940>, 'texture_width': <building_map.param_value.ParamValue object at 0x736642e879a0>}]
[1.296s] generating wall: 1 on floor: nayar_Sotano
[1.296s]   wrote /TFG_ws/build/rmf_nayar/maps/nayar3/models/nayar_Sotano/meshes/default.png
[1.296s] generate_wall_visual_mesh(nayar_Sotano, /TFG_ws/build/rmf_nayar/maps/nayar3/models/nayar_Sotano)
[1.296s]   generating /TFG_ws/build/rmf_nayar/maps/nayar3/models/nayar_Sotano/meshes/wall_1.obj
[1.296s]   generating /TFG_ws/build/rmf_nayar/maps/nayar3/models/nayar_Sotano/meshes/wall_1.mtl
[1.296s]   wrote /TFG_ws/build/rmf_nayar/maps/nayar3/models/nayar_Sotano/model.sdf
[1.296s] generator options: ['gazebo']
[1.297s] generate door name=entrada_principal type=double_hinged
[1.297s] Door(entrada_principal)
[1.297s] generate door name=puerta_peque type=hinged
[1.297s] Door(puerta_peque)
[1.297s] generate door name=garaje type=double_hinged
[1.297s] Door(garaje)
[1.297s]   generating /TFG_ws/build/rmf_nayar/maps/nayar/models/nayar2_planta0/meshes/wall_1.mtl
[1.298s]   wrote /TFG_ws/build/rmf_nayar/maps/nayar/models/nayar2_planta0/model.sdf
[1.298s] 9190 bytes written to /TFG_ws/build/rmf_nayar/maps/nayar3/nayar3.world
[1.298s] generating model of level planta1 in /TFG_ws/build/rmf_nayar/maps/nayar/models/nayar2_planta1
[1.298s]   wrote /TFG_ws/build/rmf_nayar/maps/nayar/models/nayar2_planta1/model.config
[1.298s] generating floor polygon 1 on floor nayar2_planta1
[1.299s] hole vertices: [[(3.0009135219918917, -14.161966864010905), (9.323965335582713, -15.420608331929321), (8.759010878131047, -16.91748057351616), (7.977846778074719, -19.414166982606584), (6.5018997264262355, -23.80723754459366), (5.634875994542107, -26.68456137159524), (4.061410003808941, -31.349440050649942), (2.994201399710574, -39.9797204706962)], [(4.061410003808941, -31.349440050649942), (5.099108335872551, -32.91995060927369), (7.620449866899286, -36.518684325217755), (8.638504602297845, -38.026339897114525), (2.994201399710574, -39.9797204706962)], [(2.994201399710574, -39.9797204706962), (8.638504602297845, -38.026339897114525), (16.250770369144647, -38.027157920714764), (36.79757117657326, -38.03249969605317), (36.79754046908218, -38.15061411728793), (38.69913621016705, -38.15110849582056), (38.69910324891516, -38.27789186540282), (48.59563660348658, -38.28046477484525), (50.20645512009122, -39.99199475392686)], [(3.0009135219918917, -14.161966864010905), (9.323965335582713, -15.420608331929321), (48.18740258671972, -15.430712082514127), (50.21316724237254, -14.174241147241563)], [(50.21316724237254, -14.174241147241563), (50.20645512009122, -39.99199475392686), (48.59563660348658, -38.28046477484525), (48.59725007487719, -32.07434917260146), (48.38594445890675, -32.07429423718164), (48.3880303145392, -24.051182541565687), (48.185161442942686, -24.051129799538092), (48.18664381387172, -18.349283826615682), (48.18740258671972, -15.430712082514127)]]
[1.299s] lift vertices: {'lift1': [(18.001256229020964, -16.089033706738554), (15.301263933774127, -16.08258346583539), (15.292663612569914, -19.68257319283118), (17.99265590781675, -19.68902343373434)]}
[1.300s] /opt/ros/humble/lib/python3.10/site-packages/building_map/floor.py:144: ShapelyDeprecationWarning: Iteration over multi-part geometries is deprecated and will be removed in Shapely 2.0. Use the `geoms` property to access the constituent parts of a multi-part geometry.
[1.300s]   for item in geom:
[1.311s] building name: nayar2
[1.311s] coordinate system: reference_image
[1.311s] parsing level planta0
[1.312s] parsing level planta1
[1.312s] calculating levels relative to planta0
[1.312s] level planta0 scale: 0.07742772056183925
[1.312s] calculating level planta1 offset and scale...
[1.312s]   2 common fiducials:
[1.312s] Transform.set_from_fiducials()
[1.312s]   2 fiducial pairs:
[1.312s]     (475.69, -339.15) -> (475.8, -338.93)   punto1
[1.312s]     (119.09, -199.13) -> (119.04, -198.96)   esquina_sup
[1.313s]     calc dist punto1 <=> esquina_sup
[1.313s] Bearings:
[1.313s] [(2.767441424789273, 2.7677014056626033)]
[1.313s]   0.0002599808733303455
[1.313s]   Circular mean: -0.0002599808733303455
[1.313s] Distances:
[1.313s] [(383.1016756593476, 383.23231116386836)]
[1.313s] mean relative scale: 1.0003409943438537
[1.313s] translation: (0.011249, -0.016793)
[1.314s] parsing lift lift1
[1.314s] generating nav data
[1.338s] [[4, 5, 6], [4, 6, 7], [4, 7, 8], [8, 7, 9], [8, 9, 10], [10, 9, 11], [12, 13, 14], [15, 16, 17], [15, 17, 6], [15, 6, 18], [15, 18, 19], [15, 19, 20], [21, 19, 18], [21, 18, 22], [23, 18, 6], [23, 6, 5], [9, 17, 11], [11, 17, 24], [25, 24, 26], [27, 26, 13], [13, 26, 14], [14, 26, 24], [14, 24, 16], [14, 16, 28], [16, 24, 17]]
[1.339s] [ 66%] Built target generate_nayar3_nav_graphs
[1.340s]   wrote /TFG_ws/build/rmf_nayar/maps/nayar/models/nayar2_planta1/meshes/floor_1.obj
[1.341s]   wrote /TFG_ws/build/rmf_nayar/maps/nayar/models/nayar2_planta1/meshes/blue_linoleum.png
[1.341s]   wrote /TFG_ws/build/rmf_nayar/maps/nayar/models/nayar2_planta1/meshes/floor_1.mtl
[1.341s] Walls Generation, wall params list: [{'alpha': <building_map.param_value.ParamValue object at 0x7744ddcaf880>, 'texture_height': <building_map.param_value.ParamValue object at 0x7744ddcaf8e0>, 'texture_name': <building_map.param_value.ParamValue object at 0x7744ddcaf940>, 'texture_scale': <building_map.param_value.ParamValue object at 0x7744ddcaf9a0>, 'texture_width': <building_map.param_value.ParamValue object at 0x7744ddcafa00>}]
[1.341s] generating wall: 1 on floor: nayar2_planta1
[1.341s]   wrote /TFG_ws/build/rmf_nayar/maps/nayar/models/nayar2_planta1/meshes/default.png
[1.341s] generate_wall_visual_mesh(nayar2_planta1, /TFG_ws/build/rmf_nayar/maps/nayar/models/nayar2_planta1)
[1.341s]   generating /TFG_ws/build/rmf_nayar/maps/nayar/models/nayar2_planta1/meshes/wall_1.obj
[1.344s]   generating /TFG_ws/build/rmf_nayar/maps/nayar/models/nayar2_planta1/meshes/wall_1.mtl
[1.344s]   wrote /TFG_ws/build/rmf_nayar/maps/nayar/models/nayar2_planta1/model.sdf
[1.344s] generator options: ['gazebo']
[1.344s] generate door name=entrada_empleados type=hinged
[1.345s] Door(entrada_empleados)
[1.345s] generate door name=entrada_principal type=double_hinged
[1.345s] Door(entrada_principal)
[1.345s] generate door name=garaje type=double_hinged
[1.345s] Door(garaje)
[1.345s] generate door name=baños type=hinged
[1.345s] Door(baños)
[1.345s] generate door name=sala_reuniones type=hinged
[1.345s] Door(sala_reuniones)
[1.347s] 35191 bytes written to /TFG_ws/build/rmf_nayar/maps/nayar/nayar.world
[1.381s] [ 66%] Built target generate_nayar_nav_graphs
[1.684s] building name: nayar
[1.684s] coordinate system: reference_image
[1.685s] parsing level Planta0
[1.685s] parsing level Sotano
[1.685s] calculating levels relative to Planta0
[1.685s] level Planta0 scale: 0.05532403805177346
[1.685s] calculating level Sotano offset and scale...
[1.685s]   0 common fiducials:
[1.685s] Transform.set_from_fiducials()
[1.685s]   0 fiducial pairs:
[1.685s] Bearings:
[1.685s] []
[1.739s] building name: nayar2
[1.739s] coordinate system: reference_image
[1.739s] parsing level planta0
[1.739s] parsing level planta1
[1.739s] calculating levels relative to planta0
[1.739s] level planta0 scale: 0.07742772056183925
[1.739s] calculating level planta1 offset and scale...
[1.739s]   2 common fiducials:
[1.739s] Transform.set_from_fiducials()
[1.739s]   2 fiducial pairs:
[1.739s]     (475.69, -339.15) -> (475.8, -338.93)   punto1
[1.740s]     (119.09, -199.13) -> (119.04, -198.96)   esquina_sup
[1.740s]     calc dist punto1 <=> esquina_sup
[1.740s] Bearings:
[1.740s] [(2.767441424789273, 2.7677014056626033)]
[1.740s]   0.0002599808733303455
[1.740s]   Circular mean: -0.0002599808733303455
[1.740s] Distances:
[1.740s] [(383.1016756593476, 383.23231116386836)]
[1.740s] mean relative scale: 1.0003409943438537
[1.740s] translation: (0.011249, -0.016793)
[1.741s] parsing lift lift1
[1.776s] Models: [] are used in crowd_sim
[1.776s] Cache directory does not exist! Creating it: /root/.pit_crew
[1.776s] Cache not found! Rebuilding cache...
[1.776s] Topping up Fuel (updating cache) from: https://fuel.gazebosim.org/1.0/models
[1.776s] Fetching page: 1
[1.881s] Models: [] are used in crowd_sim
[1.881s] Cache not found! Rebuilding cache...
[1.882s] Topping up Fuel (updating cache) from: https://fuel.gazebosim.org/1.0/models
[1.882s] Fetching page: 1
[2.506s] Fetching page: 2
[2.517s] Fetching page: 2
[3.229s] Fetching page: 3
[3.229s] Fetching page: 3
[3.920s] Fetching page: 4
[3.930s] Fetching page: 4
[4.610s] Fetching page: 5
[4.618s] Fetching page: 5
[5.338s] Fetching page: 6
[5.341s] Fetching page: 6
[6.091s] Fetching page: 7
[6.091s] Fetching page: 7
[6.765s] Fetching page: 8
[6.766s] Fetching page: 8
[7.383s] Fetching page: 9
[7.383s] Fetching page: 9
[7.965s] Fetching page: 10
[7.965s] Fetching page: 10
[8.516s] Fetching page: 11
[8.522s] Fetching page: 11
[9.220s] Fetching page: 12
[9.225s] Fetching page: 12
[9.967s] Fetching page: 13
[9.979s] Fetching page: 13
[10.653s] Fetching page: 14
[10.664s] Fetching page: 14
[11.461s] Fetching page: 15
[11.462s] Fetching page: 15
[12.212s] Fetching page: 16
[12.213s] Fetching page: 16
[12.906s] Fetching page: 17
[12.917s] Fetching page: 17
[13.660s] Fetching page: 18
[13.661s] Fetching page: 18
[14.349s] Fetching page: 19
[14.349s] Fetching page: 19
[15.022s] Fetching page: 20
[15.033s] Fetching page: 20
[15.679s] Fetching page: 21
[15.680s] Fetching page: 21
[16.359s] Fetching page: 22
[16.366s] Fetching page: 22
[16.946s] Fetching page: 23
[16.951s] Fetching page: 23
[17.450s] Fetching page: 24
[17.521s] Fetching page: 24
[17.954s] Fetching page: 25
[18.059s] Fetching page: 25
[18.495s] Fetching page: 26
[18.659s] Fetching page: 26
[19.154s] Fetching page: 27
[19.217s] Fetching page: 27
[19.758s] Fetching page: 28
[19.758s] Fetching page: 28
[20.288s] Fetching page: 29
[20.302s] Fetching page: 29
[20.795s] Fetching page: 30
[20.796s] Fetching page: 30
[21.322s] Fetching page: 31
[21.338s] Fetching page: 31
[21.767s] Fetching page: 32
[21.812s] Fetching page: 32
[22.163s] Writing to cache: /root/.pit_crew/model_cache.json
[22.211s] New models cached: 3008
[22.211s] 
[22.212s] WARNING::pit_crew.get_local_model_name_tuples():275: No local model path given! Using default ~/.gazebo/models/ instead!
[22.212s] WARNING::pit_crew.get_local_model_name_tuples():284: Model directory specified does not exist! Returning empty model set.
[22.214s] 
[22.214s] == REQUESTED MODEL REPORT ==
[22.214s] {'available': [],
[22.214s]  'downloadable': [('WhiteCabinet', ['OpenRobotics']),
[22.214s]                   ('AdjTable', ['OpenRobotics'])],
[22.214s]  'missing': []}
[22.215s] 
[22.215s] == THE FOLLOWING MODELS HAVE SPECIFIED AUTHORS ==
[22.215s] {'adjtable': 'openrobotics', 'whitecabinet': 'openrobotics'}
[22.215s] 
[22.215s] 
[22.215s] Downloading WhiteCabinet by openrobotics from Fuel
[22.215s] Downloading model 1 / 2 : WhiteCabinet
[22.215s] WARNING::pit_crew.download_model():530: No path given! Downloading to /root/.gazebo/models instead!
[22.215s] WARNING::pit_crew.download_model():538: Download path does not exist! Created: /root/.gazebo/models
[22.254s] Writing to cache: /root/.pit_crew/model_cache.json
[22.305s] New models cached: 3008
[22.305s] 
[22.306s] WARNING::pit_crew.get_local_model_name_tuples():275: No local model path given! Using default ~/.gazebo/models/ instead!
[22.307s] 
[22.307s] == REQUESTED MODEL REPORT ==
[22.307s] {'available': [], 'downloadable': [], 'missing': []}
[22.308s] 
[22.308s] == THE FOLLOWING MODELS HAVE SPECIFIED AUTHORS ==
[22.308s] {}
[22.308s] 
[22.358s] [ 83%] [34m[1mGenerating nayar3_crowdsim[0m
[22.674s] Creating output folder path:  /TFG_ws/build/rmf_nayar/maps/nayar3/config_resource/
[22.774s] crowdsim unable to parse, not attempting to proceed
[22.863s] crowdsim unable to parse, not attempting to proceed
[22.912s] [ 83%] Built target generate_nayar3_crowdsim
[23.500s] WhiteCabinet downloaded to: /root/.gazebo/models/WhiteCabinet
[23.501s] 
[23.501s] Downloading AdjTable by openrobotics from Fuel
[23.501s] Downloading model 2 / 2 : AdjTable
[23.501s] WARNING::pit_crew.download_model():530: No path given! Downloading to /root/.gazebo/models instead!
[25.934s] AdjTable downloaded to: /root/.gazebo/models/AdjTable
[25.986s] [100%] [34m[1mGenerating nayar_crowdsim[0m
[26.297s] Creating output folder path:  /TFG_ws/build/rmf_nayar/maps/nayar/config_resource/
[26.449s] crowdsim unable to parse, not attempting to proceed
[26.587s] crowdsim unable to parse, not attempting to proceed
[26.635s] [100%] Built target generate_nayar_crowdsim
[26.645s] Invoked command in '/TFG_ws/build/rmf_nayar' returned '0': CMAKE_PREFIX_PATH=${CMAKE_PREFIX_PATH}:/TFG_ws/install/mqtt_ros_bridge:/TFG_ws/install/elevator_mover:/opt/ros/humble /usr/bin/cmake --build /TFG_ws/build/rmf_nayar -- -j6 -l6
[26.655s] Invoking command in '/TFG_ws/build/rmf_nayar': CMAKE_PREFIX_PATH=${CMAKE_PREFIX_PATH}:/TFG_ws/install/mqtt_ros_bridge:/TFG_ws/install/elevator_mover:/opt/ros/humble /usr/bin/cmake --install /TFG_ws/build/rmf_nayar
[26.662s] -- Install configuration: ""
[26.662s] -- Execute custom install script
[26.663s] -- Symlinking: /TFG_ws/install/rmf_nayar/share/rmf_nayar/maps/nayar/nayar.building.yaml
[26.670s] -- Symlinking: /TFG_ws/install/rmf_nayar/share/rmf_nayar/maps/nayar/nayar3.building.yaml
[26.678s] -- Symlinking: /TFG_ws/install/rmf_nayar/share/rmf_nayar/maps/nayar/planta0.png
[26.686s] -- Symlinking: /TFG_ws/install/rmf_nayar/share/rmf_nayar/maps/nayar/planta1.png
[26.694s] -- Symlinking: /TFG_ws/install/rmf_nayar/share/rmf_nayar/maps/nayar/planta2.png
[26.702s] -- Symlinking: /TFG_ws/install/rmf_nayar/share/rmf_nayar/maps/nayar/planta3.png
[26.709s] -- Symlinking: /TFG_ws/install/rmf_nayar/share/rmf_nayar/maps/nayar/planta4.png
[26.717s] -- Symlinking: /TFG_ws/install/rmf_nayar/share/rmf_nayar/maps/nayar/sotano.png
[26.725s] -- Symlinking: /TFG_ws/install/rmf_nayar/share/rmf_nayar/launch/common.launch.xml
[26.733s] -- Symlinking: /TFG_ws/install/rmf_nayar/share/rmf_nayar/launch/nayar.launch.xml
[26.741s] -- Symlinking: /TFG_ws/install/rmf_nayar/share/rmf_nayar/launch/simulation.launch.xml
[26.749s] -- Symlinking: /TFG_ws/install/rmf_nayar/share/rmf_nayar/launch/visualization.launch.xml
[26.756s] -- Symlinking: /TFG_ws/install/rmf_nayar/share/rmf_nayar/config/cleanerBotA_config.yaml
[26.764s] -- Symlinking: /TFG_ws/install/rmf_nayar/share/rmf_nayar/config/nayar.rviz
[26.772s] -- Symlinking: /TFG_ws/install/rmf_nayar/share/rmf_nayar/config/tinyRobot_config.yaml
[26.781s] -- Symlinking: /TFG_ws/install/rmf_nayar/share/ament_index/resource_index/package_run_dependencies/rmf_nayar
[26.789s] -- Symlinking: /TFG_ws/install/rmf_nayar/share/ament_index/resource_index/parent_prefix_path/rmf_nayar
[26.797s] -- Symlinking: /TFG_ws/install/rmf_nayar/share/rmf_nayar/environment/ament_prefix_path.sh
[26.805s] -- Symlinking: /TFG_ws/install/rmf_nayar/share/rmf_nayar/environment/ament_prefix_path.dsv
[26.813s] -- Symlinking: /TFG_ws/install/rmf_nayar/share/rmf_nayar/environment/path.sh
[26.821s] -- Symlinking: /TFG_ws/install/rmf_nayar/share/rmf_nayar/environment/path.dsv
[26.829s] -- Symlinking: /TFG_ws/install/rmf_nayar/share/rmf_nayar/local_setup.bash
[26.837s] -- Symlinking: /TFG_ws/install/rmf_nayar/share/rmf_nayar/local_setup.sh
[26.845s] -- Symlinking: /TFG_ws/install/rmf_nayar/share/rmf_nayar/local_setup.zsh
[26.853s] -- Symlinking: /TFG_ws/install/rmf_nayar/share/rmf_nayar/local_setup.dsv
[26.861s] -- Symlinking: /TFG_ws/install/rmf_nayar/share/rmf_nayar/package.dsv
[26.869s] -- Symlinking: /TFG_ws/install/rmf_nayar/share/ament_index/resource_index/packages/rmf_nayar
[26.877s] -- Symlinking: /TFG_ws/install/rmf_nayar/share/rmf_nayar/cmake/rmf_nayarConfig.cmake
[26.885s] -- Symlinking: /TFG_ws/install/rmf_nayar/share/rmf_nayar/cmake/rmf_nayarConfig-version.cmake
[26.893s] -- Symlinking: /TFG_ws/install/rmf_nayar/share/rmf_nayar/package.xml
[26.901s] -- Symlinking: /TFG_ws/install/rmf_nayar/share/rmf_nayar/maps/nayar/models/nayar2_planta0/meshes/blue_linoleum.png
[26.909s] -- Symlinking: /TFG_ws/install/rmf_nayar/share/rmf_nayar/maps/nayar/models/nayar2_planta0/meshes/default.png
[26.917s] -- Symlinking: /TFG_ws/install/rmf_nayar/share/rmf_nayar/maps/nayar/models/nayar2_planta0/meshes/floor_1.mtl
[26.925s] -- Symlinking: /TFG_ws/install/rmf_nayar/share/rmf_nayar/maps/nayar/models/nayar2_planta0/meshes/floor_1.obj
[26.933s] -- Symlinking: /TFG_ws/install/rmf_nayar/share/rmf_nayar/maps/nayar/models/nayar2_planta0/meshes/model.material
[26.941s] -- Symlinking: /TFG_ws/install/rmf_nayar/share/rmf_nayar/maps/nayar/models/nayar2_planta0/meshes/wall_1.mtl
[26.949s] -- Symlinking: /TFG_ws/install/rmf_nayar/share/rmf_nayar/maps/nayar/models/nayar2_planta0/meshes/wall_1.obj
[26.957s] -- Symlinking: /TFG_ws/install/rmf_nayar/share/rmf_nayar/maps/nayar/models/nayar2_planta0/model.config
[26.965s] -- Symlinking: /TFG_ws/install/rmf_nayar/share/rmf_nayar/maps/nayar/models/nayar2_planta0/model.sdf
[26.973s] -- Symlinking: /TFG_ws/install/rmf_nayar/share/rmf_nayar/maps/nayar/models/nayar2_planta1/meshes/blue_linoleum.png
[26.981s] -- Symlinking: /TFG_ws/install/rmf_nayar/share/rmf_nayar/maps/nayar/models/nayar2_planta1/meshes/default.png
[26.988s] -- Symlinking: /TFG_ws/install/rmf_nayar/share/rmf_nayar/maps/nayar/models/nayar2_planta1/meshes/floor_1.mtl
[26.996s] -- Symlinking: /TFG_ws/install/rmf_nayar/share/rmf_nayar/maps/nayar/models/nayar2_planta1/meshes/floor_1.obj
[27.004s] -- Symlinking: /TFG_ws/install/rmf_nayar/share/rmf_nayar/maps/nayar/models/nayar2_planta1/meshes/model.material
[27.012s] -- Symlinking: /TFG_ws/install/rmf_nayar/share/rmf_nayar/maps/nayar/models/nayar2_planta1/meshes/wall_1.mtl
[27.020s] -- Symlinking: /TFG_ws/install/rmf_nayar/share/rmf_nayar/maps/nayar/models/nayar2_planta1/meshes/wall_1.obj
[27.028s] -- Symlinking: /TFG_ws/install/rmf_nayar/share/rmf_nayar/maps/nayar/models/nayar2_planta1/model.config
[27.036s] -- Symlinking: /TFG_ws/install/rmf_nayar/share/rmf_nayar/maps/nayar/models/nayar2_planta1/model.sdf
[27.044s] -- Symlinking: /TFG_ws/install/rmf_nayar/share/rmf_nayar/maps/nayar/nayar.world
[27.053s] -- Symlinking: /TFG_ws/install/rmf_nayar/share/rmf_nayar/maps/nayar3/models/nayar_Planta0/meshes/blue_linoleum.png
[27.061s] -- Symlinking: /TFG_ws/install/rmf_nayar/share/rmf_nayar/maps/nayar3/models/nayar_Planta0/meshes/default.png
[27.069s] -- Symlinking: /TFG_ws/install/rmf_nayar/share/rmf_nayar/maps/nayar3/models/nayar_Planta0/meshes/floor_1.mtl
[27.077s] -- Symlinking: /TFG_ws/install/rmf_nayar/share/rmf_nayar/maps/nayar3/models/nayar_Planta0/meshes/floor_1.obj
[27.084s] -- Symlinking: /TFG_ws/install/rmf_nayar/share/rmf_nayar/maps/nayar3/models/nayar_Planta0/meshes/model.material
[27.092s] -- Symlinking: /TFG_ws/install/rmf_nayar/share/rmf_nayar/maps/nayar3/models/nayar_Planta0/meshes/wall_1.mtl
[27.100s] -- Symlinking: /TFG_ws/install/rmf_nayar/share/rmf_nayar/maps/nayar3/models/nayar_Planta0/meshes/wall_1.obj
[27.108s] -- Symlinking: /TFG_ws/install/rmf_nayar/share/rmf_nayar/maps/nayar3/models/nayar_Planta0/model.config
[27.116s] -- Symlinking: /TFG_ws/install/rmf_nayar/share/rmf_nayar/maps/nayar3/models/nayar_Planta0/model.sdf
[27.123s] -- Symlinking: /TFG_ws/install/rmf_nayar/share/rmf_nayar/maps/nayar3/models/nayar_Sotano/meshes/blue_linoleum.png
[27.131s] -- Symlinking: /TFG_ws/install/rmf_nayar/share/rmf_nayar/maps/nayar3/models/nayar_Sotano/meshes/default.png
[27.139s] -- Symlinking: /TFG_ws/install/rmf_nayar/share/rmf_nayar/maps/nayar3/models/nayar_Sotano/meshes/floor_1.mtl
[27.147s] -- Symlinking: /TFG_ws/install/rmf_nayar/share/rmf_nayar/maps/nayar3/models/nayar_Sotano/meshes/floor_1.obj
[27.155s] -- Symlinking: /TFG_ws/install/rmf_nayar/share/rmf_nayar/maps/nayar3/models/nayar_Sotano/meshes/model.material
[27.163s] -- Symlinking: /TFG_ws/install/rmf_nayar/share/rmf_nayar/maps/nayar3/models/nayar_Sotano/meshes/wall_1.mtl
[27.170s] -- Symlinking: /TFG_ws/install/rmf_nayar/share/rmf_nayar/maps/nayar3/models/nayar_Sotano/meshes/wall_1.obj
[27.178s] -- Symlinking: /TFG_ws/install/rmf_nayar/share/rmf_nayar/maps/nayar3/models/nayar_Sotano/model.config
[27.186s] -- Symlinking: /TFG_ws/install/rmf_nayar/share/rmf_nayar/maps/nayar3/models/nayar_Sotano/model.sdf
[27.194s] -- Symlinking: /TFG_ws/install/rmf_nayar/share/rmf_nayar/maps/nayar3/nayar3.world
[27.203s] Invoked command in '/TFG_ws/build/rmf_nayar' returned '0': CMAKE_PREFIX_PATH=${CMAKE_PREFIX_PATH}:/TFG_ws/install/mqtt_ros_bridge:/TFG_ws/install/elevator_mover:/opt/ros/humble /usr/bin/cmake --install /TFG_ws/build/rmf_nayar
