[0.571s] Invoking command in '/TFG_ws/build/mqtt_ros_bridge': PYTHONPATH=/TFG_ws/build/mqtt_ros_bridge/prefix_override:/usr/lib/python3/dist-packages/colcon_core/task/python/colcon_distutils_commands:/TFG_ws/install/mqtt_ros_bridge/lib/python3.10/site-packages:${PYTHONPATH} /usr/bin/python3 -W ignore:setup.py install is deprecated -W ignore:easy_install command is deprecated setup.py develop --editable --build-directory /TFG_ws/build/mqtt_ros_bridge/build --no-deps symlink_data
[0.740s] running develop
[0.819s] running egg_info
[0.819s] creating mqtt_ros_bridge.egg-info
[0.819s] writing mqtt_ros_bridge.egg-info/PKG-INFO
[0.820s] writing dependency_links to mqtt_ros_bridge.egg-info/dependency_links.txt
[0.820s] writing entry points to mqtt_ros_bridge.egg-info/entry_points.txt
[0.820s] writing requirements to mqtt_ros_bridge.egg-info/requires.txt
[0.821s] writing top-level names to mqtt_ros_bridge.egg-info/top_level.txt
[0.821s] writing manifest file 'mqtt_ros_bridge.egg-info/SOURCES.txt'
[0.822s] reading manifest file 'mqtt_ros_bridge.egg-info/SOURCES.txt'
[0.823s] writing manifest file 'mqtt_ros_bridge.egg-info/SOURCES.txt'
[0.824s] running build_ext
[0.824s] Creating /TFG_ws/install/mqtt_ros_bridge/lib/python3.10/site-packages/mqtt-ros-bridge.egg-link (link to .)
[0.825s] Installing mqtt_ros_bridge_node script to /TFG_ws/install/mqtt_ros_bridge/lib/mqtt_ros_bridge
[0.826s] 
[0.826s] Installed /TFG_ws/build/mqtt_ros_bridge
[0.826s] running symlink_data
[0.826s] creating /TFG_ws/install/mqtt_ros_bridge/share/ament_index
[0.826s] creating /TFG_ws/install/mqtt_ros_bridge/share/ament_index/resource_index
[0.826s] creating /TFG_ws/install/mqtt_ros_bridge/share/ament_index/resource_index/packages
[0.826s] symbolically linking /TFG_ws/build/mqtt_ros_bridge/resource/mqtt_ros_bridge -> /TFG_ws/install/mqtt_ros_bridge/share/ament_index/resource_index/packages
[0.826s] symbolically linking /TFG_ws/build/mqtt_ros_bridge/package.xml -> /TFG_ws/install/mqtt_ros_bridge/share/mqtt_ros_bridge
[0.851s] Invoked command in '/TFG_ws/build/mqtt_ros_bridge' returned '0': PYTHONPATH=/TFG_ws/build/mqtt_ros_bridge/prefix_override:/usr/lib/python3/dist-packages/colcon_core/task/python/colcon_distutils_commands:/TFG_ws/install/mqtt_ros_bridge/lib/python3.10/site-packages:${PYTHONPATH} /usr/bin/python3 -W ignore:setup.py install is deprecated -W ignore:easy_install command is deprecated setup.py develop --editable --build-directory /TFG_ws/build/mqtt_ros_bridge/build --no-deps symlink_data
