[0.216s] Invoking command in '/TFG_ws/build/rmf_nayar': CMAKE_PREFIX_PATH=/TFG_ws/install/rmf_nayar:/rmf_demos_ws/install/rmf_workcell_msgs:/rmf_demos_ws/install/rmf_demos_gz:/rmf_demos_ws/install/rmf_demos:/rmf_demos_ws/install/rmf_reservation_node:/rmf_demos_ws/install/rmf_fleet_adapter_python:/rmf_demos_ws/install/rmf_fleet_adapter:/rmf_demos_ws/install/rmf_task_ros2:/rmf_demos_ws/install/rmf_websocket:/rmf_demos_ws/install/rmf_visualization:/rmf_demos_ws/install/rmf_visualization_schedule:/rmf_demos_ws/install/rmf_visualization_rviz2_plugins:/rmf_demos_ws/install/rmf_visualization_obstacles:/rmf_demos_ws/install/rmf_visualization_navgraphs:/rmf_demos_ws/install/rmf_visualization_floorplans:/rmf_demos_ws/install/rmf_visualization_fleet_states:/rmf_demos_ws/install/rmf_visualization_msgs:/rmf_demos_ws/install/rmf_traffic_ros2:/rmf_demos_ws/install/rmf_task_sequence:/rmf_demos_ws/install/rmf_task:/rmf_demos_ws/install/rmf_battery:/rmf_demos_ws/install/rmf_traffic:/rmf_demos_ws/install/rmf_utils:/rmf_demos_ws/install/rmf_traffic_msgs:/rmf_demos_ws/install/rmf_traffic_editor_test_maps:/rmf_demos_ws/install/rmf_traffic_editor_assets:/rmf_demos_ws/install/rmf_traffic_editor:/rmf_demos_ws/install/rmf_task_msgs:/rmf_demos_ws/install/rmf_site_map_msgs:/rmf_demos_ws/install/rmf_scheduler_msgs:/rmf_demos_ws/install/rmf_robot_sim_gz_plugins:/rmf_demos_ws/install/rmf_robot_sim_common:/rmf_demos_ws/install/rmf_reservation_msgs:/rmf_demos_ws/install/rmf_obstacle_msgs:/rmf_demos_ws/install/rmf_building_sim_gz_plugins:/rmf_demos_ws/install/rmf_lift_msgs:/rmf_demos_ws/install/rmf_ingestor_msgs:/rmf_demos_ws/install/rmf_fleet_msgs:/rmf_demos_ws/install/rmf_door_msgs:/rmf_demos_ws/install/rmf_dispenser_msgs:/rmf_demos_ws/install/rmf_demos_maps:/rmf_demos_ws/install/rmf_demos_assets:/rmf_demos_ws/install/rmf_charger_msgs:/rmf_demos_ws/install/rmf_building_map_msgs:/rmf_demos_ws/install/rmf_api_msgs:/rmf_demos_ws/install/pybind11_json_vendor:/rmf_demos_ws/install/nlohmann_json_schema_validator_vendor:/TFG_ws/install/mqtt_ros_bridge:/rmf_demos_ws/install/rmf_demos_fleet_adapter:/rmf_demos_ws/install/rmf_visualization_building_systems:/rmf_demos_ws/install/rmf_traffic_examples:/rmf_demos_ws/install/rmf_demos_bridges:/rmf_demos_ws/install/rmf_demos_tasks:/rmf_demos_ws/install/rmf_building_map_tools:/rmf_demos_ws/install/rmf_charging_schedule:/opt/ros/jazzy:/rmf_demos_ws/install/menge_vendor:/rmf_demos_ws/install/ament_cmake_catch2:/opt/ros/jazzy/opt/gz_sim_vendor:/opt/ros/jazzy/opt/gz_sensors_vendor:/opt/ros/jazzy/opt/gz_physics_vendor:/opt/ros/jazzy/opt/sdformat_vendor:/opt/ros/jazzy/opt/gz_gui_vendor:/opt/ros/jazzy/opt/gz_transport_vendor:/opt/ros/jazzy/opt/gz_rendering_vendor:/opt/ros/jazzy/opt/gz_plugin_vendor:/opt/ros/jazzy/opt/gz_fuel_tools_vendor:/opt/ros/jazzy/opt/gz_msgs_vendor:/opt/ros/jazzy/opt/gz_common_vendor:/opt/ros/jazzy/opt/gz_math_vendor:/opt/ros/jazzy/opt/gz_utils_vendor:/opt/ros/jazzy/opt/gz_tools_vendor:/opt/ros/jazzy/opt/gz_ogre_next_vendor:/opt/ros/jazzy/opt/gz_dartsim_vendor:/opt/ros/jazzy/opt/gz_cmake_vendor /usr/bin/cmake --build /TFG_ws/build/rmf_nayar -- -j6 -l6
[0.308s] [ 50%] [34m[1mGenerating maps/nayar3/nav_graphs/phony[0m
[0.308s] [ 50%] [34m[1mGenerating nayar3_crowdsim[0m
[0.308s] [ 50%] [34m[1mGenerating maps/nayar/nav_graphs/phony[0m
[0.308s] [ 66%] [34m[1mGenerating maps/nayar/nayar.world[0m
[0.760s] generating /TFG_ws/build/rmf_nayar/maps/nayar/nayar.world from /TFG_ws/src/rmf_nayar/maps/nayar/nayar.building.yaml
[0.774s] building name: nayar
[0.774s] coordinate system: reference_image
[0.774s] parsing level Planta0
[0.774s] parsing level Sotano
[0.774s] calculating levels relative to Planta0
[0.774s] level Planta0 scale: 0.05532403805177346
[0.774s] calculating level Sotano offset and scale...
[0.775s]   0 common fiducials:
[0.775s] Transform.set_from_fiducials()
[0.775s]   0 fiducial pairs:
[0.775s] Bearings:
[0.775s] []
[0.776s] generating nav data
[0.812s] building name: nayar2
[0.812s] coordinate system: reference_image
[0.812s] parsing level planta0
[0.813s] building name: nayar2
[0.817s] coordinate system: reference_image
[0.817s] parsing level planta0
[0.818s] parsing level planta1
[0.818s] parsing level planta1
[0.818s] calculating levels relative to planta0
[0.818s] level planta0 scale: 0.07742772056183925
[0.818s] calculating level planta1 offset and scale...
[0.818s]   2 common fiducials:
[0.818s] Transform.set_from_fiducials()
[0.818s]   2 fiducial pairs:
[0.819s]     (475.69, -339.15) -> (475.8, -338.93)   punto1
[0.819s]     (119.09, -199.13) -> (119.04, -198.96)   esquina_sup
[0.819s]     calc dist punto1 <=> esquina_sup
[0.819s] Bearings:
[0.819s] [(2.767441424789273, 2.7677014056626033)]
[0.819s]   0.0002599808733303455
[0.819s]   Circular mean: -0.0002599808733303455
[0.819s] Distances:
[0.819s] [(383.1016756593476, 383.23231116386836)]
[0.819s] mean relative scale: 1.0003409943438537
[0.819s] calculating levels relative to planta0
[0.819s] translation: (0.011249, -0.016793)
[0.819s] level planta0 scale: 0.07742772056183925
[0.819s] calculating level planta1 offset and scale...
[0.820s]   2 common fiducials:
[0.820s] Transform.set_from_fiducials()
[0.820s]   2 fiducial pairs:
[0.820s]     (475.69, -339.15) -> (475.8, -338.93)   punto1
[0.820s]     (119.09, -199.13) -> (119.04, -198.96)   esquina_sup
[0.820s]     calc dist punto1 <=> esquina_sup
[0.820s] Bearings:
[0.820s] [(2.767441424789273, 2.7677014056626033)]
[0.820s]   0.0002599808733303455
[0.820s]   Circular mean: -0.0002599808733303455
[0.820s] Distances:
[0.820s] [(383.1016756593476, 383.23231116386836)]
[0.820s] mean relative scale: 1.0003409943438537
[0.821s] translation: (0.011249, -0.016793)
[0.821s] parsing lift lift1
[0.821s] parsing lift lift1
[0.821s] generating nav data
[0.821s] generating model of level planta0 in /TFG_ws/build/rmf_nayar/maps/nayar/models/nayar2_planta0
[0.821s] hooray, we found an intersection: t=0.548, u=0.451
[0.821s]   (141.686,-241.967),(80.873,-223.777) and (112.645,-217.486),(103.172,-249.657)
[0.821s] found intersection with door entrada_empleados!
[0.821s] hooray, we found an intersection: t=0.69, u=0.529
[0.821s]   (136.043,-410.387),(59.311,-467.204) and (65.972,-424.903),(98.383,-471.54)
[0.821s] found intersection with door entrada_principal!
[0.821s] hooray, we found an intersection: t=0.254, u=0.435
[0.821s]   (405.482,-314.311),(405.482,-250.544) and (394.664,-298.284),(419.528,-297.85)
[0.822s] found intersection with door baños!
[0.822s] hooray, we found an intersection: t=0.845, u=0.498
[0.822s]   (376.639,-428.442),(376.639,-500.476) and (343.68,-489.298),(409.887,-489.298)
[0.822s] found intersection with door garaje!
[0.822s] hooray, we found an intersection: t=0.512, u=0.469
[0.822s]   (172.323,-340.413),(172.323,-235.185) and (151.58,-286.567),(195.764,-286.567)
[0.822s] found intersection with door sala_reuniones!
[0.822s] writing /TFG_ws/build/rmf_nayar/maps/nayar/nav_graphs/0.yaml
[0.822s]   wrote /TFG_ws/build/rmf_nayar/maps/nayar/models/nayar2_planta0/model.config
[0.822s] generating floor polygon 1 on floor nayar2_planta0
[0.822s] hole vertices: []
[0.822s] lift vertices: {'lift1': [(18.001256229020964, -16.089033706738554), (15.301263933774127, -16.08258346583539), (15.292663612569914, -19.68257319283118), (17.99265590781675, -19.68902343373434)]}
[0.823s] [[0, 3, 4], [0, 4, 5], [0, 5, 6], [0, 6, 1], [1, 6, 7], [1, 7, 2], [2, 7, 3], [3, 7, 4]]
[0.823s]   wrote /TFG_ws/build/rmf_nayar/maps/nayar/models/nayar2_planta0/meshes/floor_1.obj
[0.824s]   wrote /TFG_ws/build/rmf_nayar/maps/nayar/models/nayar2_planta0/meshes/blue_linoleum.png
[0.824s]   wrote /TFG_ws/build/rmf_nayar/maps/nayar/models/nayar2_planta0/meshes/floor_1.mtl
[0.824s] Walls Generation, wall params list: [{'alpha': <building_map.param_value.ParamValue object at 0x71a745f74830>, 'texture_height': <building_map.param_value.ParamValue object at 0x71a745f748c0>, 'texture_name': <building_map.param_value.ParamValue object at 0x71a745f74890>, 'texture_scale': <building_map.param_value.ParamValue object at 0x71a745f748f0>, 'texture_width': <building_map.param_value.ParamValue object at 0x71a745f74920>}]
[0.824s] generating wall: 1 on floor: nayar2_planta0
[0.825s]   wrote /TFG_ws/build/rmf_nayar/maps/nayar/models/nayar2_planta0/meshes/default.png
[0.825s] generate_wall_visual_mesh(nayar2_planta0, /TFG_ws/build/rmf_nayar/maps/nayar/models/nayar2_planta0)
[0.826s]   generating /TFG_ws/build/rmf_nayar/maps/nayar/models/nayar2_planta0/meshes/wall_1.obj
[0.832s]   generating /TFG_ws/build/rmf_nayar/maps/nayar/models/nayar2_planta0/meshes/wall_1.mtl
[0.833s]   wrote /TFG_ws/build/rmf_nayar/maps/nayar/models/nayar2_planta0/model.sdf
[0.833s] generating model of level planta1 in /TFG_ws/build/rmf_nayar/maps/nayar/models/nayar2_planta1
[0.833s]   wrote /TFG_ws/build/rmf_nayar/maps/nayar/models/nayar2_planta1/model.config
[0.833s] generating floor polygon 1 on floor nayar2_planta1
[0.834s] hole vertices: [[(3.0009135219918917, -14.161966864010905), (9.323965335582713, -15.420608331929321), (8.759010878131047, -16.91748057351616), (7.977846778074719, -19.414166982606584), (6.5018997264262355, -23.80723754459366), (5.634875994542107, -26.68456137159524), (4.061410003808941, -31.349440050649942), (2.994201399710574, -39.9797204706962)], [(4.061410003808941, -31.349440050649942), (5.099108335872551, -32.91995060927369), (7.620449866899286, -36.518684325217755), (8.638504602297845, -38.026339897114525), (2.994201399710574, -39.9797204706962)], [(2.994201399710574, -39.9797204706962), (8.638504602297845, -38.026339897114525), (16.250770369144647, -38.027157920714764), (36.79757117657326, -38.03249969605317), (36.79754046908218, -38.15061411728793), (38.69913621016705, -38.15110849582056), (38.69910324891516, -38.27789186540282), (48.59563660348658, -38.28046477484525), (50.20645512009122, -39.99199475392686)], [(3.0009135219918917, -14.161966864010905), (9.323965335582713, -15.420608331929321), (48.18740258671972, -15.430712082514127), (50.21316724237254, -14.174241147241563)], [(50.21316724237254, -14.174241147241563), (50.20645512009122, -39.99199475392686), (48.59563660348658, -38.28046477484525), (48.59725007487719, -32.07434917260146), (48.38594445890675, -32.07429423718164), (48.3880303145392, -24.051182541565687), (48.185161442942686, -24.051129799538092), (48.18664381387172, -18.349283826615682), (48.18740258671972, -15.430712082514127)]]
[0.834s] lift vertices: {'lift1': [(18.001256229020964, -16.089033706738554), (15.301263933774127, -16.08258346583539), (15.292663612569914, -19.68257319283118), (17.99265590781675, -19.68902343373434)]}
[0.840s] crowdsim unable to parse, not attempting to proceed
[0.860s] [ 66%] Built target generate_nayar3_nav_graphs
[0.863s] [[4, 5, 6], [4, 6, 7], [4, 7, 8], [8, 7, 9], [10, 11, 12], [10, 12, 13], [10, 13, 14], [15, 16, 17], [18, 17, 19], [18, 19, 20], [21, 19, 22], [21, 22, 23], [5, 23, 22], [5, 22, 6], [7, 24, 9], [9, 24, 25], [26, 25, 12], [12, 25, 13], [13, 25, 27], [13, 27, 28], [16, 27, 24], [16, 24, 22], [16, 22, 19], [16, 19, 17], [24, 27, 25]]
[0.864s]   wrote /TFG_ws/build/rmf_nayar/maps/nayar/models/nayar2_planta1/meshes/floor_1.obj
[0.866s]   wrote /TFG_ws/build/rmf_nayar/maps/nayar/models/nayar2_planta1/meshes/blue_linoleum.png
[0.866s]   wrote /TFG_ws/build/rmf_nayar/maps/nayar/models/nayar2_planta1/meshes/floor_1.mtl
[0.867s] Walls Generation, wall params list: [{'alpha': <building_map.param_value.ParamValue object at 0x71a745fbcc20>, 'texture_height': <building_map.param_value.ParamValue object at 0x71a745fbcc50>, 'texture_name': <building_map.param_value.ParamValue object at 0x71a745fbccb0>, 'texture_scale': <building_map.param_value.ParamValue object at 0x71a745fbcce0>, 'texture_width': <building_map.param_value.ParamValue object at 0x71a745fbcd10>}]
[0.867s] generating wall: 1 on floor: nayar2_planta1
[0.867s]   wrote /TFG_ws/build/rmf_nayar/maps/nayar/models/nayar2_planta1/meshes/default.png
[0.868s] generate_wall_visual_mesh(nayar2_planta1, /TFG_ws/build/rmf_nayar/maps/nayar/models/nayar2_planta1)
[0.868s]   generating /TFG_ws/build/rmf_nayar/maps/nayar/models/nayar2_planta1/meshes/wall_1.obj
[0.871s]   generating /TFG_ws/build/rmf_nayar/maps/nayar/models/nayar2_planta1/meshes/wall_1.mtl
[0.872s]   wrote /TFG_ws/build/rmf_nayar/maps/nayar/models/nayar2_planta1/model.sdf
[0.873s] spawning robot name tinyRobot1 of type TinyRobot
[0.873s] generate door name=entrada_empleados type=hinged
[0.873s] Door(entrada_empleados)
[0.873s] generate door name=entrada_principal type=double_hinged
[0.873s] Door(entrada_principal)
[0.873s] generate door name=garaje type=double_hinged
[0.873s] Door(garaje)
[0.873s] generate door name=baños type=hinged
[0.873s] Door(baños)
[0.874s] generate door name=sala_reuniones type=hinged
[0.874s] Door(sala_reuniones)
[0.874s] generate door name=door29922 type=hinged
[0.874s] Door(door29922)
[0.874s] generate door name=door22122 type=hinged
[0.874s] Door(door22122)
[0.874s] generate door name=door_despacho type=double_hinged
[0.874s] Door(door_despacho)
[0.878s] 81329 bytes written to /TFG_ws/build/rmf_nayar/maps/nayar/nayar.world
[0.902s] [ 66%] Built target generate_nayar_nav_graphs
[0.927s] crowdsim unable to parse, not attempting to proceed
[0.998s] [ 83%] Built target generate_nayar3_crowdsim
[1.420s] building name: nayar2
[1.420s] coordinate system: reference_image
[1.421s] parsing level planta0
[1.421s] parsing level planta1
[1.421s] calculating levels relative to planta0
[1.421s] level planta0 scale: 0.07742772056183925
[1.421s] calculating level planta1 offset and scale...
[1.421s]   2 common fiducials:
[1.421s] Transform.set_from_fiducials()
[1.421s]   2 fiducial pairs:
[1.422s]     (475.69, -339.15) -> (475.8, -338.93)   punto1
[1.422s]     (119.09, -199.13) -> (119.04, -198.96)   esquina_sup
[1.422s]     calc dist punto1 <=> esquina_sup
[1.422s] Bearings:
[1.422s] [(2.767441424789273, 2.7677014056626033)]
[1.422s]   0.0002599808733303455
[1.422s]   Circular mean: -0.0002599808733303455
[1.422s] Distances:
[1.422s] [(383.1016756593476, 383.23231116386836)]
[1.422s] mean relative scale: 1.0003409943438537
[1.422s] translation: (0.011249, -0.016793)
[1.424s] parsing lift lift1
[1.615s] Models: [] are used in crowd_sim
[1.629s] Load success!
[1.629s] 
[1.629s] Cache found! Model count: 3018 
[1.629s] Updating cache...
[1.629s] Topping up Fuel (updating cache) from: https://fuel.gazebosim.org/1.0/models
[1.629s] Fetching page: 1
[2.108s] Cached model found! Halting Fuel traversal...
[2.108s] Writing to cache: /home/usuario/.pit_crew/model_cache.json
[2.147s] New models cached: 0
[2.148s] 
[2.149s] WARNING::pit_crew.get_local_model_name_tuples():276: No local model path given! Using default ~/.gazebo/models/ instead!
[2.156s] WARNING::pit_crew.get_missing_models():224: Model Standing person in local model directory is not by the requested author OpenRobotics!
[2.156s] WARNING::pit_crew.get_missing_models():224: Model AdjTable in local model directory is not by the requested author OpenRobotics!
[2.156s] WARNING::pit_crew.get_missing_models():224: Model FemaleVisitorSit in local model directory is not by the requested author OpenRobotics!
[2.156s] WARNING::pit_crew.get_missing_models():224: Model Desk in local model directory is not by the requested author OpenRobotics!
[2.156s] WARNING::pit_crew.get_missing_models():224: Model DeskChair in local model directory is not by the requested author OpenRobotics!
[2.156s] WARNING::pit_crew.get_missing_models():224: Model Toilet in local model directory is not by the requested author OpenRobotics!
[2.156s] WARNING::pit_crew.get_missing_models():224: Model Bookshelf in local model directory is not by the requested author OpenRobotics!
[2.156s] WARNING::pit_crew.get_missing_models():224: Model Sofa in local model directory is not by the requested author OpenRobotics!
[2.156s] WARNING::pit_crew.get_missing_models():224: Model VisitorKidSit in local model directory is not by the requested author OpenRobotics!
[2.156s] WARNING::pit_crew.get_missing_models():224: Model BathroomSink in local model directory is not by the requested author OpenRobotics!
[2.157s] 
[2.157s] == REQUESTED MODEL REPORT ==
[2.158s] {'available': [('Standing person',
[2.158s]                 ['/home/usuario/.gazebo/models/Standing person/']),
[2.158s]                ('AdjTable', ['/home/usuario/.gazebo/models/AdjTable/']),
[2.158s]                ('FemaleVisitorSit',
[2.158s]                 ['/home/usuario/.gazebo/models/FemaleVisitorSit/']),
[2.158s]                ('Desk', ['/home/usuario/.gazebo/models/Desk/']),
[2.158s]                ('DeskChair', ['/home/usuario/.gazebo/models/DeskChair/']),
[2.158s]                ('Toilet', ['/home/usuario/.gazebo/models/Toilet/']),
[2.158s]                ('Bookshelf', ['/home/usuario/.gazebo/models/Bookshelf/']),
[2.159s]                ('Sofa', ['/home/usuario/.gazebo/models/Sofa/']),
[2.159s]                ('VisitorKidSit',
[2.159s]                 ['/home/usuario/.gazebo/models/VisitorKidSit/']),
[2.159s]                ('BathroomSink',
[2.159s]                 ['/home/usuario/.gazebo/models/BathroomSink/'])],
[2.159s]  'downloadable': [],
[2.159s]  'missing': []}
[2.159s] 
[2.159s] == THE FOLLOWING MODELS HAVE SPECIFIED AUTHORS ==
[2.159s] {'adjtable': 'openrobotics',
[2.159s]  'bathroomsink': 'openrobotics',
[2.159s]  'bookshelf': 'openrobotics',
[2.159s]  'desk': 'openrobotics',
[2.160s]  'deskchair': 'openrobotics',
[2.160s]  'femalevisitorsit': 'openrobotics',
[2.160s]  'sofa': 'openrobotics',
[2.160s]  'standing person': 'openrobotics',
[2.160s]  'toilet': 'openrobotics',
[2.160s]  'visitorkidsit': 'openrobotics'}
[2.160s] 
[2.160s] WARNING::building_map_model_downloader.export_downloaded_model():85: /home/usuario/.gazebo/models/Standing person already exists, skipping...
[2.160s] WARNING::building_map_model_downloader.export_downloaded_model():85: /home/usuario/.gazebo/models/AdjTable already exists, skipping...
[2.160s] WARNING::building_map_model_downloader.export_downloaded_model():85: /home/usuario/.gazebo/models/FemaleVisitorSit already exists, skipping...
[2.160s] WARNING::building_map_model_downloader.export_downloaded_model():85: /home/usuario/.gazebo/models/Desk already exists, skipping...
[2.160s] WARNING::building_map_model_downloader.export_downloaded_model():85: /home/usuario/.gazebo/models/DeskChair already exists, skipping...
[2.160s] WARNING::building_map_model_downloader.export_downloaded_model():85: /home/usuario/.gazebo/models/Toilet already exists, skipping...
[2.160s] WARNING::building_map_model_downloader.export_downloaded_model():85: /home/usuario/.gazebo/models/Bookshelf already exists, skipping...
[2.161s] WARNING::building_map_model_downloader.export_downloaded_model():85: /home/usuario/.gazebo/models/Sofa already exists, skipping...
[2.161s] WARNING::building_map_model_downloader.export_downloaded_model():85: /home/usuario/.gazebo/models/VisitorKidSit already exists, skipping...
[2.161s] WARNING::building_map_model_downloader.export_downloaded_model():85: /home/usuario/.gazebo/models/BathroomSink already exists, skipping...
[2.224s] [100%] [34m[1mGenerating nayar_crowdsim[0m
[2.870s] crowdsim unable to parse, not attempting to proceed
[3.060s] crowdsim unable to parse, not attempting to proceed
[3.125s] [100%] Built target generate_nayar_crowdsim
[3.143s] Invoked command in '/TFG_ws/build/rmf_nayar' returned '0': CMAKE_PREFIX_PATH=/TFG_ws/install/rmf_nayar:/rmf_demos_ws/install/rmf_workcell_msgs:/rmf_demos_ws/install/rmf_demos_gz:/rmf_demos_ws/install/rmf_demos:/rmf_demos_ws/install/rmf_reservation_node:/rmf_demos_ws/install/rmf_fleet_adapter_python:/rmf_demos_ws/install/rmf_fleet_adapter:/rmf_demos_ws/install/rmf_task_ros2:/rmf_demos_ws/install/rmf_websocket:/rmf_demos_ws/install/rmf_visualization:/rmf_demos_ws/install/rmf_visualization_schedule:/rmf_demos_ws/install/rmf_visualization_rviz2_plugins:/rmf_demos_ws/install/rmf_visualization_obstacles:/rmf_demos_ws/install/rmf_visualization_navgraphs:/rmf_demos_ws/install/rmf_visualization_floorplans:/rmf_demos_ws/install/rmf_visualization_fleet_states:/rmf_demos_ws/install/rmf_visualization_msgs:/rmf_demos_ws/install/rmf_traffic_ros2:/rmf_demos_ws/install/rmf_task_sequence:/rmf_demos_ws/install/rmf_task:/rmf_demos_ws/install/rmf_battery:/rmf_demos_ws/install/rmf_traffic:/rmf_demos_ws/install/rmf_utils:/rmf_demos_ws/install/rmf_traffic_msgs:/rmf_demos_ws/install/rmf_traffic_editor_test_maps:/rmf_demos_ws/install/rmf_traffic_editor_assets:/rmf_demos_ws/install/rmf_traffic_editor:/rmf_demos_ws/install/rmf_task_msgs:/rmf_demos_ws/install/rmf_site_map_msgs:/rmf_demos_ws/install/rmf_scheduler_msgs:/rmf_demos_ws/install/rmf_robot_sim_gz_plugins:/rmf_demos_ws/install/rmf_robot_sim_common:/rmf_demos_ws/install/rmf_reservation_msgs:/rmf_demos_ws/install/rmf_obstacle_msgs:/rmf_demos_ws/install/rmf_building_sim_gz_plugins:/rmf_demos_ws/install/rmf_lift_msgs:/rmf_demos_ws/install/rmf_ingestor_msgs:/rmf_demos_ws/install/rmf_fleet_msgs:/rmf_demos_ws/install/rmf_door_msgs:/rmf_demos_ws/install/rmf_dispenser_msgs:/rmf_demos_ws/install/rmf_demos_maps:/rmf_demos_ws/install/rmf_demos_assets:/rmf_demos_ws/install/rmf_charger_msgs:/rmf_demos_ws/install/rmf_building_map_msgs:/rmf_demos_ws/install/rmf_api_msgs:/rmf_demos_ws/install/pybind11_json_vendor:/rmf_demos_ws/install/nlohmann_json_schema_validator_vendor:/TFG_ws/install/mqtt_ros_bridge:/rmf_demos_ws/install/rmf_demos_fleet_adapter:/rmf_demos_ws/install/rmf_visualization_building_systems:/rmf_demos_ws/install/rmf_traffic_examples:/rmf_demos_ws/install/rmf_demos_bridges:/rmf_demos_ws/install/rmf_demos_tasks:/rmf_demos_ws/install/rmf_building_map_tools:/rmf_demos_ws/install/rmf_charging_schedule:/opt/ros/jazzy:/rmf_demos_ws/install/menge_vendor:/rmf_demos_ws/install/ament_cmake_catch2:/opt/ros/jazzy/opt/gz_sim_vendor:/opt/ros/jazzy/opt/gz_sensors_vendor:/opt/ros/jazzy/opt/gz_physics_vendor:/opt/ros/jazzy/opt/sdformat_vendor:/opt/ros/jazzy/opt/gz_gui_vendor:/opt/ros/jazzy/opt/gz_transport_vendor:/opt/ros/jazzy/opt/gz_rendering_vendor:/opt/ros/jazzy/opt/gz_plugin_vendor:/opt/ros/jazzy/opt/gz_fuel_tools_vendor:/opt/ros/jazzy/opt/gz_msgs_vendor:/opt/ros/jazzy/opt/gz_common_vendor:/opt/ros/jazzy/opt/gz_math_vendor:/opt/ros/jazzy/opt/gz_utils_vendor:/opt/ros/jazzy/opt/gz_tools_vendor:/opt/ros/jazzy/opt/gz_ogre_next_vendor:/opt/ros/jazzy/opt/gz_dartsim_vendor:/opt/ros/jazzy/opt/gz_cmake_vendor /usr/bin/cmake --build /TFG_ws/build/rmf_nayar -- -j6 -l6
[3.160s] Invoking command in '/TFG_ws/build/rmf_nayar': CMAKE_PREFIX_PATH=/TFG_ws/install/rmf_nayar:/rmf_demos_ws/install/rmf_workcell_msgs:/rmf_demos_ws/install/rmf_demos_gz:/rmf_demos_ws/install/rmf_demos:/rmf_demos_ws/install/rmf_reservation_node:/rmf_demos_ws/install/rmf_fleet_adapter_python:/rmf_demos_ws/install/rmf_fleet_adapter:/rmf_demos_ws/install/rmf_task_ros2:/rmf_demos_ws/install/rmf_websocket:/rmf_demos_ws/install/rmf_visualization:/rmf_demos_ws/install/rmf_visualization_schedule:/rmf_demos_ws/install/rmf_visualization_rviz2_plugins:/rmf_demos_ws/install/rmf_visualization_obstacles:/rmf_demos_ws/install/rmf_visualization_navgraphs:/rmf_demos_ws/install/rmf_visualization_floorplans:/rmf_demos_ws/install/rmf_visualization_fleet_states:/rmf_demos_ws/install/rmf_visualization_msgs:/rmf_demos_ws/install/rmf_traffic_ros2:/rmf_demos_ws/install/rmf_task_sequence:/rmf_demos_ws/install/rmf_task:/rmf_demos_ws/install/rmf_battery:/rmf_demos_ws/install/rmf_traffic:/rmf_demos_ws/install/rmf_utils:/rmf_demos_ws/install/rmf_traffic_msgs:/rmf_demos_ws/install/rmf_traffic_editor_test_maps:/rmf_demos_ws/install/rmf_traffic_editor_assets:/rmf_demos_ws/install/rmf_traffic_editor:/rmf_demos_ws/install/rmf_task_msgs:/rmf_demos_ws/install/rmf_site_map_msgs:/rmf_demos_ws/install/rmf_scheduler_msgs:/rmf_demos_ws/install/rmf_robot_sim_gz_plugins:/rmf_demos_ws/install/rmf_robot_sim_common:/rmf_demos_ws/install/rmf_reservation_msgs:/rmf_demos_ws/install/rmf_obstacle_msgs:/rmf_demos_ws/install/rmf_building_sim_gz_plugins:/rmf_demos_ws/install/rmf_lift_msgs:/rmf_demos_ws/install/rmf_ingestor_msgs:/rmf_demos_ws/install/rmf_fleet_msgs:/rmf_demos_ws/install/rmf_door_msgs:/rmf_demos_ws/install/rmf_dispenser_msgs:/rmf_demos_ws/install/rmf_demos_maps:/rmf_demos_ws/install/rmf_demos_assets:/rmf_demos_ws/install/rmf_charger_msgs:/rmf_demos_ws/install/rmf_building_map_msgs:/rmf_demos_ws/install/rmf_api_msgs:/rmf_demos_ws/install/pybind11_json_vendor:/rmf_demos_ws/install/nlohmann_json_schema_validator_vendor:/TFG_ws/install/mqtt_ros_bridge:/rmf_demos_ws/install/rmf_demos_fleet_adapter:/rmf_demos_ws/install/rmf_visualization_building_systems:/rmf_demos_ws/install/rmf_traffic_examples:/rmf_demos_ws/install/rmf_demos_bridges:/rmf_demos_ws/install/rmf_demos_tasks:/rmf_demos_ws/install/rmf_building_map_tools:/rmf_demos_ws/install/rmf_charging_schedule:/opt/ros/jazzy:/rmf_demos_ws/install/menge_vendor:/rmf_demos_ws/install/ament_cmake_catch2:/opt/ros/jazzy/opt/gz_sim_vendor:/opt/ros/jazzy/opt/gz_sensors_vendor:/opt/ros/jazzy/opt/gz_physics_vendor:/opt/ros/jazzy/opt/sdformat_vendor:/opt/ros/jazzy/opt/gz_gui_vendor:/opt/ros/jazzy/opt/gz_transport_vendor:/opt/ros/jazzy/opt/gz_rendering_vendor:/opt/ros/jazzy/opt/gz_plugin_vendor:/opt/ros/jazzy/opt/gz_fuel_tools_vendor:/opt/ros/jazzy/opt/gz_msgs_vendor:/opt/ros/jazzy/opt/gz_common_vendor:/opt/ros/jazzy/opt/gz_math_vendor:/opt/ros/jazzy/opt/gz_utils_vendor:/opt/ros/jazzy/opt/gz_tools_vendor:/opt/ros/jazzy/opt/gz_ogre_next_vendor:/opt/ros/jazzy/opt/gz_dartsim_vendor:/opt/ros/jazzy/opt/gz_cmake_vendor /usr/bin/cmake --install /TFG_ws/build/rmf_nayar
[3.174s] -- Install configuration: ""
[3.174s] -- Up-to-date: /TFG_ws/install/rmf_nayar/share/rmf_nayar/maps
[3.175s] -- Up-to-date: /TFG_ws/install/rmf_nayar/share/rmf_nayar/maps/nayar
[3.175s] -- Installing: /TFG_ws/install/rmf_nayar/share/rmf_nayar/maps/nayar/nayar.building.yaml
[3.176s] -- Up-to-date: /TFG_ws/install/rmf_nayar/share/rmf_nayar/maps/nayar/planta4.png
[3.176s] -- Up-to-date: /TFG_ws/install/rmf_nayar/share/rmf_nayar/maps/nayar/planta0.png
[3.176s] -- Up-to-date: /TFG_ws/install/rmf_nayar/share/rmf_nayar/maps/nayar/planta3.png
[3.176s] -- Up-to-date: /TFG_ws/install/rmf_nayar/share/rmf_nayar/maps/nayar/sotano.png
[3.176s] -- Up-to-date: /TFG_ws/install/rmf_nayar/share/rmf_nayar/maps/nayar/planta2.png
[3.176s] -- Up-to-date: /TFG_ws/install/rmf_nayar/share/rmf_nayar/maps/nayar/nayar3.building.yaml
[3.177s] -- Up-to-date: /TFG_ws/install/rmf_nayar/share/rmf_nayar/maps/nayar/models
[3.177s] -- Up-to-date: /TFG_ws/install/rmf_nayar/share/rmf_nayar/maps/nayar/models/lift1
[3.177s] -- Up-to-date: /TFG_ws/install/rmf_nayar/share/rmf_nayar/maps/nayar/models/lift1/lift1.sdf
[3.177s] -- Up-to-date: /TFG_ws/install/rmf_nayar/share/rmf_nayar/maps/nayar/planta1.png
[3.177s] -- Up-to-date: /TFG_ws/install/rmf_nayar/share/rmf_nayar/launch
[3.177s] -- Up-to-date: /TFG_ws/install/rmf_nayar/share/rmf_nayar/launch/visualization.launch.xml
[3.177s] -- Up-to-date: /TFG_ws/install/rmf_nayar/share/rmf_nayar/launch/common.launch.xml
[3.177s] -- Up-to-date: /TFG_ws/install/rmf_nayar/share/rmf_nayar/launch/simulation.launch.xml
[3.177s] -- Up-to-date: /TFG_ws/install/rmf_nayar/share/rmf_nayar/launch/nayar.launch.xml
[3.177s] -- Up-to-date: /TFG_ws/install/rmf_nayar/share/rmf_nayar/config
[3.178s] -- Up-to-date: /TFG_ws/install/rmf_nayar/share/rmf_nayar/config/nayar.rviz
[3.178s] -- Up-to-date: /TFG_ws/install/rmf_nayar/share/rmf_nayar/config/tinyRobot_config.yaml
[3.178s] -- Up-to-date: /TFG_ws/install/rmf_nayar/share/rmf_nayar/config/cleanerBotA_config.yaml
[3.178s] -- Up-to-date: /TFG_ws/install/rmf_nayar/share/ament_index/resource_index/package_run_dependencies/rmf_nayar
[3.178s] -- Up-to-date: /TFG_ws/install/rmf_nayar/share/ament_index/resource_index/parent_prefix_path/rmf_nayar
[3.178s] -- Up-to-date: /TFG_ws/install/rmf_nayar/share/rmf_nayar/environment/ament_prefix_path.sh
[3.178s] -- Up-to-date: /TFG_ws/install/rmf_nayar/share/rmf_nayar/environment/ament_prefix_path.dsv
[3.178s] -- Up-to-date: /TFG_ws/install/rmf_nayar/share/rmf_nayar/environment/path.sh
[3.178s] -- Up-to-date: /TFG_ws/install/rmf_nayar/share/rmf_nayar/environment/path.dsv
[3.178s] -- Up-to-date: /TFG_ws/install/rmf_nayar/share/rmf_nayar/local_setup.bash
[3.178s] -- Up-to-date: /TFG_ws/install/rmf_nayar/share/rmf_nayar/local_setup.sh
[3.178s] -- Up-to-date: /TFG_ws/install/rmf_nayar/share/rmf_nayar/local_setup.zsh
[3.178s] -- Up-to-date: /TFG_ws/install/rmf_nayar/share/rmf_nayar/local_setup.dsv
[3.179s] -- Installing: /TFG_ws/install/rmf_nayar/share/rmf_nayar/package.dsv
[3.179s] -- Up-to-date: /TFG_ws/install/rmf_nayar/share/ament_index/resource_index/packages/rmf_nayar
[3.179s] -- Up-to-date: /TFG_ws/install/rmf_nayar/share/rmf_nayar/cmake/rmf_nayarConfig.cmake
[3.179s] -- Up-to-date: /TFG_ws/install/rmf_nayar/share/rmf_nayar/cmake/rmf_nayarConfig-version.cmake
[3.179s] -- Up-to-date: /TFG_ws/install/rmf_nayar/share/rmf_nayar/package.xml
[3.179s] -- Up-to-date: /TFG_ws/install/rmf_nayar/share/rmf_nayar/maps/nayar
[3.179s] -- Up-to-date: /TFG_ws/install/rmf_nayar/share/rmf_nayar/maps/nayar/nav_graphs
[3.179s] -- Installing: /TFG_ws/install/rmf_nayar/share/rmf_nayar/maps/nayar/nav_graphs/0.yaml
[3.179s] -- Up-to-date: /TFG_ws/install/rmf_nayar/share/rmf_nayar/maps/nayar/config_resource
[3.179s] -- Up-to-date: /TFG_ws/install/rmf_nayar/share/rmf_nayar/maps/nayar/models
[3.179s] -- Up-to-date: /TFG_ws/install/rmf_nayar/share/rmf_nayar/maps/nayar/models/nayar2_planta0
[3.180s] -- Up-to-date: /TFG_ws/install/rmf_nayar/share/rmf_nayar/maps/nayar/models/nayar2_planta0/meshes
[3.180s] -- Installing: /TFG_ws/install/rmf_nayar/share/rmf_nayar/maps/nayar/models/nayar2_planta0/meshes/floor_1.mtl
[3.180s] -- Installing: /TFG_ws/install/rmf_nayar/share/rmf_nayar/maps/nayar/models/nayar2_planta0/meshes/default.png
[3.180s] -- Installing: /TFG_ws/install/rmf_nayar/share/rmf_nayar/maps/nayar/models/nayar2_planta0/meshes/wall_1.mtl
[3.180s] -- Installing: /TFG_ws/install/rmf_nayar/share/rmf_nayar/maps/nayar/models/nayar2_planta0/meshes/wall_1.obj
[3.181s] -- Installing: /TFG_ws/install/rmf_nayar/share/rmf_nayar/maps/nayar/models/nayar2_planta0/meshes/blue_linoleum.png
[3.183s] -- Installing: /TFG_ws/install/rmf_nayar/share/rmf_nayar/maps/nayar/models/nayar2_planta0/meshes/model.material
[3.183s] -- Installing: /TFG_ws/install/rmf_nayar/share/rmf_nayar/maps/nayar/models/nayar2_planta0/meshes/floor_1.obj
[3.184s] -- Installing: /TFG_ws/install/rmf_nayar/share/rmf_nayar/maps/nayar/models/nayar2_planta0/model.config
[3.184s] -- Installing: /TFG_ws/install/rmf_nayar/share/rmf_nayar/maps/nayar/models/nayar2_planta0/model.sdf
[3.184s] -- Up-to-date: /TFG_ws/install/rmf_nayar/share/rmf_nayar/maps/nayar/models/nayar2_planta1
[3.185s] -- Up-to-date: /TFG_ws/install/rmf_nayar/share/rmf_nayar/maps/nayar/models/nayar2_planta1/meshes
[3.185s] -- Installing: /TFG_ws/install/rmf_nayar/share/rmf_nayar/maps/nayar/models/nayar2_planta1/meshes/floor_1.mtl
[3.185s] -- Installing: /TFG_ws/install/rmf_nayar/share/rmf_nayar/maps/nayar/models/nayar2_planta1/meshes/default.png
[3.185s] -- Installing: /TFG_ws/install/rmf_nayar/share/rmf_nayar/maps/nayar/models/nayar2_planta1/meshes/wall_1.mtl
[3.186s] -- Installing: /TFG_ws/install/rmf_nayar/share/rmf_nayar/maps/nayar/models/nayar2_planta1/meshes/wall_1.obj
[3.186s] -- Installing: /TFG_ws/install/rmf_nayar/share/rmf_nayar/maps/nayar/models/nayar2_planta1/meshes/blue_linoleum.png
[3.188s] -- Installing: /TFG_ws/install/rmf_nayar/share/rmf_nayar/maps/nayar/models/nayar2_planta1/meshes/model.material
[3.189s] -- Installing: /TFG_ws/install/rmf_nayar/share/rmf_nayar/maps/nayar/models/nayar2_planta1/meshes/floor_1.obj
[3.189s] -- Installing: /TFG_ws/install/rmf_nayar/share/rmf_nayar/maps/nayar/models/nayar2_planta1/model.config
[3.189s] -- Installing: /TFG_ws/install/rmf_nayar/share/rmf_nayar/maps/nayar/models/nayar2_planta1/model.sdf
[3.190s] -- Installing: /TFG_ws/install/rmf_nayar/share/rmf_nayar/maps/nayar/nayar.world
[3.191s] -- Up-to-date: /TFG_ws/install/rmf_nayar/share/rmf_nayar/maps/nayar3
[3.191s] -- Up-to-date: /TFG_ws/install/rmf_nayar/share/rmf_nayar/maps/nayar3/nav_graphs
[3.191s] -- Up-to-date: /TFG_ws/install/rmf_nayar/share/rmf_nayar/maps/nayar3/config_resource
[3.191s] -- Up-to-date: /TFG_ws/install/rmf_nayar/share/rmf_nayar/maps/nayar3/models
[3.191s] -- Up-to-date: /TFG_ws/install/rmf_nayar/share/rmf_nayar/maps/nayar3/models/nayar_Planta0
[3.191s] -- Up-to-date: /TFG_ws/install/rmf_nayar/share/rmf_nayar/maps/nayar3/models/nayar_Planta0/meshes
[3.191s] -- Up-to-date: /TFG_ws/install/rmf_nayar/share/rmf_nayar/maps/nayar3/models/nayar_Planta0/meshes/floor_1.mtl
[3.191s] -- Up-to-date: /TFG_ws/install/rmf_nayar/share/rmf_nayar/maps/nayar3/models/nayar_Planta0/meshes/default.png
[3.192s] -- Up-to-date: /TFG_ws/install/rmf_nayar/share/rmf_nayar/maps/nayar3/models/nayar_Planta0/meshes/wall_1.mtl
[3.192s] -- Up-to-date: /TFG_ws/install/rmf_nayar/share/rmf_nayar/maps/nayar3/models/nayar_Planta0/meshes/wall_1.obj
[3.192s] -- Up-to-date: /TFG_ws/install/rmf_nayar/share/rmf_nayar/maps/nayar3/models/nayar_Planta0/meshes/blue_linoleum.png
[3.192s] -- Up-to-date: /TFG_ws/install/rmf_nayar/share/rmf_nayar/maps/nayar3/models/nayar_Planta0/meshes/model.material
[3.192s] -- Up-to-date: /TFG_ws/install/rmf_nayar/share/rmf_nayar/maps/nayar3/models/nayar_Planta0/meshes/floor_1.obj
[3.192s] -- Up-to-date: /TFG_ws/install/rmf_nayar/share/rmf_nayar/maps/nayar3/models/nayar_Planta0/model.config
[3.192s] -- Up-to-date: /TFG_ws/install/rmf_nayar/share/rmf_nayar/maps/nayar3/models/nayar_Planta0/model.sdf
[3.192s] -- Up-to-date: /TFG_ws/install/rmf_nayar/share/rmf_nayar/maps/nayar3/models/nayar_Sotano
[3.192s] -- Up-to-date: /TFG_ws/install/rmf_nayar/share/rmf_nayar/maps/nayar3/models/nayar_Sotano/meshes
[3.192s] -- Up-to-date: /TFG_ws/install/rmf_nayar/share/rmf_nayar/maps/nayar3/models/nayar_Sotano/meshes/floor_1.mtl
[3.192s] -- Up-to-date: /TFG_ws/install/rmf_nayar/share/rmf_nayar/maps/nayar3/models/nayar_Sotano/meshes/default.png
[3.192s] -- Up-to-date: /TFG_ws/install/rmf_nayar/share/rmf_nayar/maps/nayar3/models/nayar_Sotano/meshes/wall_1.mtl
[3.193s] -- Up-to-date: /TFG_ws/install/rmf_nayar/share/rmf_nayar/maps/nayar3/models/nayar_Sotano/meshes/wall_1.obj
[3.193s] -- Up-to-date: /TFG_ws/install/rmf_nayar/share/rmf_nayar/maps/nayar3/models/nayar_Sotano/meshes/blue_linoleum.png
[3.193s] -- Up-to-date: /TFG_ws/install/rmf_nayar/share/rmf_nayar/maps/nayar3/models/nayar_Sotano/meshes/model.material
[3.193s] -- Up-to-date: /TFG_ws/install/rmf_nayar/share/rmf_nayar/maps/nayar3/models/nayar_Sotano/meshes/floor_1.obj
[3.193s] -- Up-to-date: /TFG_ws/install/rmf_nayar/share/rmf_nayar/maps/nayar3/models/nayar_Sotano/model.config
[3.193s] -- Up-to-date: /TFG_ws/install/rmf_nayar/share/rmf_nayar/maps/nayar3/models/nayar_Sotano/model.sdf
[3.193s] -- Up-to-date: /TFG_ws/install/rmf_nayar/share/rmf_nayar/maps/nayar3/nayar3.world
[3.194s] Invoked command in '/TFG_ws/build/rmf_nayar' returned '0': CMAKE_PREFIX_PATH=/TFG_ws/install/rmf_nayar:/rmf_demos_ws/install/rmf_workcell_msgs:/rmf_demos_ws/install/rmf_demos_gz:/rmf_demos_ws/install/rmf_demos:/rmf_demos_ws/install/rmf_reservation_node:/rmf_demos_ws/install/rmf_fleet_adapter_python:/rmf_demos_ws/install/rmf_fleet_adapter:/rmf_demos_ws/install/rmf_task_ros2:/rmf_demos_ws/install/rmf_websocket:/rmf_demos_ws/install/rmf_visualization:/rmf_demos_ws/install/rmf_visualization_schedule:/rmf_demos_ws/install/rmf_visualization_rviz2_plugins:/rmf_demos_ws/install/rmf_visualization_obstacles:/rmf_demos_ws/install/rmf_visualization_navgraphs:/rmf_demos_ws/install/rmf_visualization_floorplans:/rmf_demos_ws/install/rmf_visualization_fleet_states:/rmf_demos_ws/install/rmf_visualization_msgs:/rmf_demos_ws/install/rmf_traffic_ros2:/rmf_demos_ws/install/rmf_task_sequence:/rmf_demos_ws/install/rmf_task:/rmf_demos_ws/install/rmf_battery:/rmf_demos_ws/install/rmf_traffic:/rmf_demos_ws/install/rmf_utils:/rmf_demos_ws/install/rmf_traffic_msgs:/rmf_demos_ws/install/rmf_traffic_editor_test_maps:/rmf_demos_ws/install/rmf_traffic_editor_assets:/rmf_demos_ws/install/rmf_traffic_editor:/rmf_demos_ws/install/rmf_task_msgs:/rmf_demos_ws/install/rmf_site_map_msgs:/rmf_demos_ws/install/rmf_scheduler_msgs:/rmf_demos_ws/install/rmf_robot_sim_gz_plugins:/rmf_demos_ws/install/rmf_robot_sim_common:/rmf_demos_ws/install/rmf_reservation_msgs:/rmf_demos_ws/install/rmf_obstacle_msgs:/rmf_demos_ws/install/rmf_building_sim_gz_plugins:/rmf_demos_ws/install/rmf_lift_msgs:/rmf_demos_ws/install/rmf_ingestor_msgs:/rmf_demos_ws/install/rmf_fleet_msgs:/rmf_demos_ws/install/rmf_door_msgs:/rmf_demos_ws/install/rmf_dispenser_msgs:/rmf_demos_ws/install/rmf_demos_maps:/rmf_demos_ws/install/rmf_demos_assets:/rmf_demos_ws/install/rmf_charger_msgs:/rmf_demos_ws/install/rmf_building_map_msgs:/rmf_demos_ws/install/rmf_api_msgs:/rmf_demos_ws/install/pybind11_json_vendor:/rmf_demos_ws/install/nlohmann_json_schema_validator_vendor:/TFG_ws/install/mqtt_ros_bridge:/rmf_demos_ws/install/rmf_demos_fleet_adapter:/rmf_demos_ws/install/rmf_visualization_building_systems:/rmf_demos_ws/install/rmf_traffic_examples:/rmf_demos_ws/install/rmf_demos_bridges:/rmf_demos_ws/install/rmf_demos_tasks:/rmf_demos_ws/install/rmf_building_map_tools:/rmf_demos_ws/install/rmf_charging_schedule:/opt/ros/jazzy:/rmf_demos_ws/install/menge_vendor:/rmf_demos_ws/install/ament_cmake_catch2:/opt/ros/jazzy/opt/gz_sim_vendor:/opt/ros/jazzy/opt/gz_sensors_vendor:/opt/ros/jazzy/opt/gz_physics_vendor:/opt/ros/jazzy/opt/sdformat_vendor:/opt/ros/jazzy/opt/gz_gui_vendor:/opt/ros/jazzy/opt/gz_transport_vendor:/opt/ros/jazzy/opt/gz_rendering_vendor:/opt/ros/jazzy/opt/gz_plugin_vendor:/opt/ros/jazzy/opt/gz_fuel_tools_vendor:/opt/ros/jazzy/opt/gz_msgs_vendor:/opt/ros/jazzy/opt/gz_common_vendor:/opt/ros/jazzy/opt/gz_math_vendor:/opt/ros/jazzy/opt/gz_utils_vendor:/opt/ros/jazzy/opt/gz_tools_vendor:/opt/ros/jazzy/opt/gz_ogre_next_vendor:/opt/ros/jazzy/opt/gz_dartsim_vendor:/opt/ros/jazzy/opt/gz_cmake_vendor /usr/bin/cmake --install /TFG_ws/build/rmf_nayar
